Component: ARM Compiler 5.06 update 1 (build 61) Tool: armlink [4d35a8]

==============================================================================

Section Cross References

    main.o(i.SystemClock_Config) refers to memseta.o(.text) for __aeabi_memclr4
    main.o(i.SystemClock_Config) refers to stm32f1xx_hal_rcc.o(i.HAL_RCC_OscConfig) for HAL_RCC_OscConfig
    main.o(i.SystemClock_Config) refers to stm32f1xx_hal_rcc.o(i.HAL_RCC_ClockConfig) for HAL_RCC_ClockConfig
    main.o(i.SystemClock_Config) refers to stm32f1xx_hal_rcc_ex.o(i.HAL_RCCEx_PeriphCLKConfig) for HAL_RCCEx_PeriphCLKConfig
    main.o(i.main) refers to stm32f1xx_hal.o(i.HAL_Init) for HAL_Init
    main.o(i.main) refers to main.o(i.SystemClock_Config) for SystemClock_Config
    main.o(i.main) refers to gpio.o(i.MX_GPIO_Init) for MX_GPIO_Init
    main.o(i.main) refers to spi.o(i.MX_SPI1_Init) for MX_SPI1_Init
    main.o(i.main) refers to dma.o(i.MX_DMA_Init) for MX_DMA_Init
    main.o(i.main) refers to spi.o(i.MX_SPI2_Init) for MX_SPI2_Init
    main.o(i.main) refers to usart.o(i.MX_USART1_UART_Init) for MX_USART1_UART_Init
    main.o(i.main) refers to fatfs.o(i.MX_FATFS_Init) for MX_FATFS_Init
    main.o(i.main) refers to usb_device.o(i.MX_USB_DEVICE_Init) for MX_USB_DEVICE_Init
    main.o(i.main) refers to stm32f1xx_hal.o(i.HAL_Delay) for HAL_Delay
    main.o(i.main) refers to freertos.o(i.MX_FREERTOS_Init) for MX_FREERTOS_Init
    main.o(i.main) refers to cmsis_os.o(i.osKernelStart) for osKernelStart
    gpio.o(i.MX_GPIO_Init) refers to stm32f1xx_hal_gpio.o(i.HAL_GPIO_WritePin) for HAL_GPIO_WritePin
    gpio.o(i.MX_GPIO_Init) refers to stm32f1xx_hal_gpio.o(i.HAL_GPIO_Init) for HAL_GPIO_Init
    gpio.o(i.MX_GPIO_Init) refers to stm32f1xx_hal_cortex.o(i.HAL_NVIC_SetPriority) for HAL_NVIC_SetPriority
    gpio.o(i.MX_GPIO_Init) refers to stm32f1xx_hal_cortex.o(i.HAL_NVIC_EnableIRQ) for HAL_NVIC_EnableIRQ
    freertos.o(i.LED_FLASH) refers to cmsis_os.o(i.osDelay) for osDelay
    freertos.o(i.MX_FREERTOS_Init) refers to queue.o(i.xQueueGenericCreate) for xQueueGenericCreate
    freertos.o(i.MX_FREERTOS_Init) refers to queue.o(i.xQueueGenericSend) for xQueueGenericSend
    freertos.o(i.MX_FREERTOS_Init) refers to queue.o(i.xQueueCreateMutex) for xQueueCreateMutex
    freertos.o(i.MX_FREERTOS_Init) refers to memcpya.o(.text) for __aeabi_memcpy4
    freertos.o(i.MX_FREERTOS_Init) refers to cmsis_os.o(i.osThreadCreate) for osThreadCreate
    freertos.o(i.MX_FREERTOS_Init) refers to button.o(.data) for KEY_1_Handle
    freertos.o(i.MX_FREERTOS_Init) refers to button.o(.data) for KEY_2_Handle
    freertos.o(i.MX_FREERTOS_Init) refers to lcd_task.o(.data) for LCD_Handle
    freertos.o(i.MX_FREERTOS_Init) refers to freertos.o(.constdata) for .constdata
    freertos.o(i.MX_FREERTOS_Init) refers to freertos.o(.data) for .data
    freertos.o(i.StartDefaultTask) refers to usb_device.o(i.MX_USB_DEVICE_Init) for MX_USB_DEVICE_Init
    freertos.o(i.StartDefaultTask) refers to cmsis_os.o(i.osDelay) for osDelay
    freertos.o(i.vApplicationGetIdleTaskMemory) refers to freertos.o(.bss) for .bss
    freertos.o(.constdata) refers to freertos.o(.conststring) for .conststring
    freertos.o(.constdata) refers to freertos.o(i.StartDefaultTask) for StartDefaultTask
    freertos.o(.constdata) refers to freertos.o(i.LED_FLASH) for LED_FLASH
    dma.o(i.MX_DMA_Init) refers to stm32f1xx_hal_cortex.o(i.HAL_NVIC_SetPriority) for HAL_NVIC_SetPriority
    dma.o(i.MX_DMA_Init) refers to stm32f1xx_hal_cortex.o(i.HAL_NVIC_EnableIRQ) for HAL_NVIC_EnableIRQ
    spi.o(i.HAL_SPI_MspDeInit) refers to stm32f1xx_hal_gpio.o(i.HAL_GPIO_DeInit) for HAL_GPIO_DeInit
    spi.o(i.HAL_SPI_MspDeInit) refers to stm32f1xx_hal_dma.o(i.HAL_DMA_DeInit) for HAL_DMA_DeInit
    spi.o(i.HAL_SPI_MspInit) refers to stm32f1xx_hal_gpio.o(i.HAL_GPIO_Init) for HAL_GPIO_Init
    spi.o(i.HAL_SPI_MspInit) refers to stm32f1xx_hal_dma.o(i.HAL_DMA_Init) for HAL_DMA_Init
    spi.o(i.HAL_SPI_MspInit) refers to main.o(i.Error_Handler) for Error_Handler
    spi.o(i.HAL_SPI_MspInit) refers to spi.o(.bss) for .bss
    spi.o(i.MX_SPI1_Init) refers to stm32f1xx_hal_spi.o(i.HAL_SPI_Init) for HAL_SPI_Init
    spi.o(i.MX_SPI1_Init) refers to main.o(i.Error_Handler) for Error_Handler
    spi.o(i.MX_SPI1_Init) refers to spi.o(.bss) for .bss
    spi.o(i.MX_SPI2_Init) refers to stm32f1xx_hal_spi.o(i.HAL_SPI_Init) for HAL_SPI_Init
    spi.o(i.MX_SPI2_Init) refers to main.o(i.Error_Handler) for Error_Handler
    spi.o(i.MX_SPI2_Init) refers to spi.o(.bss) for .bss
    usart.o(i.HAL_UART_MspDeInit) refers to stm32f1xx_hal_gpio.o(i.HAL_GPIO_DeInit) for HAL_GPIO_DeInit
    usart.o(i.HAL_UART_MspInit) refers to stm32f1xx_hal_gpio.o(i.HAL_GPIO_Init) for HAL_GPIO_Init
    usart.o(i.MX_USART1_UART_Init) refers to stm32f1xx_hal_uart.o(i.HAL_UART_Init) for HAL_UART_Init
    usart.o(i.MX_USART1_UART_Init) refers to main.o(i.Error_Handler) for Error_Handler
    usart.o(i.MX_USART1_UART_Init) refers to usart.o(.bss) for .bss
[...]
    i.USB_SetCurrentMode                     0x08004924   Section        0  stm32f1xx_ll_usb.o(i.USB_SetCurrentMode)
    i.USB_SetDevAddress                      0x08004928   Section        0  stm32f1xx_ll_usb.o(i.USB_SetDevAddress)
    i.USB_WritePMA                           0x08004934   Section        0  stm32f1xx_ll_usb.o(i.USB_WritePMA)
    i.USER_initialize                        0x0800495c   Section        0  user_diskio.o(i.USER_initialize)
    i.USER_ioctl                             0x0800496c   Section        0  user_diskio.o(i.USER_ioctl)
    i.USER_read                              0x08004970   Section        0  user_diskio.o(i.USER_read)
    i.USER_status                            0x08004974   Section        0  user_diskio.o(i.USER_status)
    i.USER_write                             0x08004984   Section        0  user_diskio.o(i.USER_write)
    i.UsageFault_Handler                     0x08004988   Section        0  stm32f1xx_it.o(i.UsageFault_Handler)
    i.W25Q16_ReadStatus                      0x0800498c   Section        0  w25q16.o(i.W25Q16_ReadStatus)
    i.W25Q16_WRITE                           0x080049dc   Section        0  w25q16.o(i.W25Q16_WRITE)
    i.WriteEnable                            0x08004a7c   Section        0  w25q16.o(i.WriteEnable)
    i.__NVIC_SetPriority                     0x08004ab8   Section        0  stm32f1xx_hal_cortex.o(i.__NVIC_SetPriority)
    __NVIC_SetPriority                       0x08004ab9   Thumb Code    32  stm32f1xx_hal_cortex.o(i.__NVIC_SetPriority)
    i.__scatterload_copy                     0x08004ad8   Section       14  handlers.o(i.__scatterload_copy)
    i.__scatterload_null                     0x08004ae6   Section        2  handlers.o(i.__scatterload_null)
    i.__scatterload_zeroinit                 0x08004ae8   Section       14  handlers.o(i.__scatterload_zeroinit)
    i.main                                   0x08004af6   Section        0  main.o(i.main)
    i.makeFreeRtosPriority                   0x08004b2c   Section        0  cmsis_os.o(i.makeFreeRtosPriority)
    makeFreeRtosPriority                     0x08004b2d   Thumb Code    12  cmsis_os.o(i.makeFreeRtosPriority)
    i.osDelay                                0x08004b38   Section        0  cmsis_os.o(i.osDelay)
    i.osKernelStart                          0x08004b46   Section        0  cmsis_os.o(i.osKernelStart)
    i.osThreadCreate                         0x08004b50   Section        0  cmsis_os.o(i.osThreadCreate)
    i.prvAddCurrentTaskToDelayedList         0x08004ba4   Section        0  tasks.o(i.prvAddCurrentTaskToDelayedList)
    prvAddCurrentTaskToDelayedList           0x08004ba5   Thumb Code   102  tasks.o(i.prvAddCurrentTaskToDelayedList)
    i.prvAddNewTaskToReadyList               0x08004c14   Section        0  tasks.o(i.prvAddNewTaskToReadyList)
    prvAddNewTaskToReadyList                 0x08004c15   Thumb Code   194  tasks.o(i.prvAddNewTaskToReadyList)
    i.prvCopyDataToQueue                     0x08004ce4   Section        0  queue.o(i.prvCopyDataToQueue)
    prvCopyDataToQueue                       0x08004ce5   Thumb Code   108  queue.o(i.prvCopyDataToQueue)
    i.prvDeleteTCB                           0x08004d50   Section        0  tasks.o(i.prvDeleteTCB)
    prvDeleteTCB                             0x08004d51   Thumb Code    52  tasks.o(i.prvDeleteTCB)
    i.prvHeapInit                            0x08004d84   Section        0  heap_4.o(i.prvHeapInit)
    prvHeapInit                              0x08004d85   Thumb Code    64  heap_4.o(i.prvHeapInit)
    i.prvIdleTask                            0x08004dcc   Section        0  tasks.o(i.prvIdleTask)
    prvIdleTask                              0x08004dcd   Thumb Code    82  tasks.o(i.prvIdleTask)
    i.prvInitialiseMutex                     0x08004e2c   Section        0  queue.o(i.prvInitialiseMutex)
    prvInitialiseMutex                       0x08004e2d   Thumb Code    22  queue.o(i.prvInitialiseMutex)
    i.prvInitialiseNewQueue                  0x08004e42   Section        0  queue.o(i.prvInitialiseNewQueue)
    prvInitialiseNewQueue                    0x08004e43   Thumb Code    22  queue.o(i.prvInitialiseNewQueue)
    i.prvInitialiseNewTask                   0x08004e58   Section        0  tasks.o(i.prvInitialiseNewTask)
    prvInitialiseNewTask                     0x08004e59   Thumb Code   142  tasks.o(i.prvInitialiseNewTask)
    i.prvInsertBlockIntoFreeList             0x08004ee8   Section        0  heap_4.o(i.prvInsertBlockIntoFreeList)
    prvInsertBlockIntoFreeList               0x08004ee9   Thumb Code    72  heap_4.o(i.prvInsertBlockIntoFreeList)
    i.prvResetNextTaskUnblockTime            0x08004f34   Section        0  tasks.o(i.prvResetNextTaskUnblockTime)
    prvResetNextTaskUnblockTime              0x08004f35   Thumb Code    26  tasks.o(i.prvResetNextTaskUnblockTime)
    i.prvTaskExitError                       0x08004f54   Section        0  port.o(i.prvTaskExitError)
    prvTaskExitError                         0x08004f55   Thumb Code    36  port.o(i.prvTaskExitError)
    i.prvUnlockQueue                         0x08004f7c   Section        0  queue.o(i.prvUnlockQueue)
    prvUnlockQueue                           0x08004f7d   Thumb Code   106  queue.o(i.prvUnlockQueue)
    i.pvPortMalloc                           0x08004fe8   Section        0  heap_4.o(i.pvPortMalloc)
    i.pxPortInitialiseStack                  0x080050c0   Section        0  port.o(i.pxPortInitialiseStack)
    i.uxListRemove                           0x080050e4   Section        0  list.o(i.uxListRemove)
    i.vApplicationGetIdleTaskMemory          0x0800510c   Section        0  freertos.o(i.vApplicationGetIdleTaskMemory)
    i.vListInitialise                        0x08005120   Section        0  list.o(i.vListInitialise)
    i.vListInitialiseItem                    0x08005136   Section        0  list.o(i.vListInitialiseItem)
    i.vListInsert                            0x0800513c   Section        0  list.o(i.vListInsert)
    i.vListInsertEnd                         0x0800516c   Section        0  list.o(i.vListInsertEnd)
    i.vPortEnterCritical                     0x08005184   Section        0  port.o(i.vPortEnterCritical)
    i.vPortExitCritical                      0x080051c4   Section        0  port.o(i.vPortExitCritical)
    i.vPortFree                              0x080051ec   Section        0  heap_4.o(i.vPortFree)
    i.vPortSetupTimerInterrupt               0x08005248   Section        0  port.o(i.vPortSetupTimerInterrupt)
    i.vPortValidateInterruptPriority         0x0800526c   Section        0  port.o(i.vPortValidateInterruptPriority)
    i.vTaskDelay                             0x080052c0   Section        0  tasks.o(i.vTaskDelay)
    i.vTaskInternalSetTimeOutState           0x0800530c   Section        0  tasks.o(i.vTaskInternalSetTimeOutState)
    i.vTaskMissedYield                       0x0800531c   Section        0  tasks.o(i.vTaskMissedYield)
    i.vTaskPlaceOnEventList                  0x08005328   Section        0  tasks.o(i.vTaskPlaceOnEventList)
    i.vTaskStartScheduler                    0x08005358   Section        0  tasks.o(i.vTaskStartScheduler)
    i.vTaskSuspendAll                        0x080053c4   Section        0  tasks.o(i.vTaskSuspendAll)
    i.vTaskSwitchContext                     0x080053d4   Section        0  tasks.o(i.vTaskSwitchContext)
    i.xPortStartScheduler                    0x08005430   Section        0  port.o(i.xPortStartScheduler)
    i.xPortSysTickHandler                    0x080054d8   Section        0  port.o(i.xPortSysTickHandler)
    i.xQueueCreateMutex                      0x08005504   Section        0  queue.o(i.xQueueCreateMutex)
    i.xQueueGenericCreate                    0x0800551a   Section        0  queue.o(i.xQueueGenericCreate)
    i.xQueueGenericReset                     0x08005564   Section        0  queue.o(i.xQueueGenericReset)
    i.xQueueGenericSend                      0x080055ec   Section        0  queue.o(i.xQueueGenericSend)
    i.xQueueGiveFromISR                      0x0800574c   Section        0  queue.o(i.xQueueGiveFromISR)
    i.xTaskCheckForTimeOut                   0x080057e8   Section        0  tasks.o(i.xTaskCheckForTimeOut)
    i.xTaskCreate                            0x0800585c   Section        0  tasks.o(i.xTaskCreate)
    i.xTaskCreateStatic                      0x080058b6   Section        0  tasks.o(i.xTaskCreateStatic)
    i.xTaskGetSchedulerState                 0x0800590c   Section        0  tasks.o(i.xTaskGetSchedulerState)
    i.xTaskIncrementTick                     0x08005928   Section        0  tasks.o(i.xTaskIncrementTick)
    i.xTaskPriorityDisinherit                0x080059f0   Section        0  tasks.o(i.xTaskPriorityDisinherit)
    i.xTaskRemoveFromEventList               0x08005a88   Section        0  tasks.o(i.xTaskRemoveFromEventList)
    i.xTaskResumeAll                         0x08005afc   Section        0  tasks.o(i.xTaskResumeAll)
    .constdata                               0x08005bc0   Section       56  freertos.o(.constdata)
    .constdata                               0x08005bf8   Section       16  system_stm32f1xx.o(.constdata)
    .constdata                               0x08005c08   Section        8  system_stm32f1xx.o(.constdata)
    .constdata                               0x08005c10   Section       36  usbd_storage_if.o(.constdata)
    .constdata                               0x08005c34   Section        7  usbd_msc_data.o(.constdata)
    .constdata                               0x08005c3b   Section        8  usbd_msc_data.o(.constdata)
    .constdata                               0x08005c43   Section        8  usbd_msc_data.o(.constdata)
    .conststring                             0x08005c4c   Section       16  freertos.o(.conststring)
    .data                                    0x20000000   Section        8  freertos.o(.data)
    .data                                    0x20000008   Section       12  stm32f1xx_hal.o(.data)
    .data                                    0x20000014   Section        4  system_stm32f1xx.o(.data)
    .data                                    0x20000018   Section       60  tasks.o(.data)
    pxDelayedTaskList                        0x2000001c   Data           4  tasks.o(.data)
    pxOverflowDelayedTaskList                0x20000020   Data           4  tasks.o(.data)
    uxDeletedTasksWaitingCleanUp             0x20000024   Data           4  tasks.o(.data)
    uxCurrentNumberOfTasks                   0x20000028   Data           4  tasks.o(.data)
    xTickCount                               0x2000002c   Data           4  tasks.o(.data)
    uxTopReadyPriority                       0x20000030   Data           4  tasks.o(.data)
    xSchedulerRunning                        0x20000034   Data           4  tasks.o(.data)
    uxPendedTicks                            0x20000038   Data           4  tasks.o(.data)
    xYieldPending                            0x2000003c   Data           4  tasks.o(.data)
    xNumOfOverflows                          0x20000040   Data           4  tasks.o(.data)
    uxTaskNumber                             0x20000044   Data           4  tasks.o(.data)
    xNextTaskUnblockTime                     0x20000048   Data           4  tasks.o(.data)
    xIdleTaskHandle                          0x2000004c   Data           4  tasks.o(.data)
    uxSchedulerSuspended                     0x20000050   Data           4  tasks.o(.data)
    .data                                    0x20000054   Section       24  heap_4.o(.data)
    pxEnd                                    0x20000054   Data           4  heap_4.o(.data)
    xFreeBytesRemaining                      0x20000058   Data           4  heap_4.o(.data)
    xMinimumEverFreeBytesRemaining           0x2000005c   Data           4  heap_4.o(.data)
    xBlockAllocatedBit                       0x20000060   Data           4  heap_4.o(.data)
    xStart                                   0x20000064   Data           8  heap_4.o(.data)
    .data                                    0x2000006c   Section       12  port.o(.data)
    ucMaxSysCallPriority                     0x2000006c   Data           1  port.o(.data)
    uxCriticalNesting                        0x20000070   Data           4  port.o(.data)
    ulMaxPRIGROUPValue                       0x20000074   Data           4  port.o(.data)
    .data                                    0x20000078   Section        8  button.o(.data)
    xHigherPriorityTaskWoken                 0x20000078   Data           4  button.o(.data)
    .data                                    0x20000080   Section        4  button.o(.data)
    .data                                    0x20000084   Section       20  lcd_task.o(.data)
    count                                    0x20000084   Data           4  lcd_task.o(.data)
    count1                                   0x20000088   Data           4  lcd_task.o(.data)
    count2                                   0x2000008c   Data           4  lcd_task.o(.data)
    flag                                     0x20000090   Data           4  lcd_task.o(.data)
    .data                                    0x20000098   Section        8  w25q16.o(.data)
    W25X_WriteDisable                        0x20000098   Data           1  w25q16.o(.data)
    W25X_WriteEnable                         0x20000099   Data           1  w25q16.o(.data)
    W25X_ReadStatus                          0x2000009a   Data           1  w25q16.o(.data)
    W25X_WriteStatus                         0x2000009b   Data           1  w25q16.o(.data)
    W25X_Writepage                           0x2000009c   Data           1  w25q16.o(.data)
    W25X_ReadDATA8                           0x2000009d   Data           1  w25q16.o(.data)
    W25X_B_Erase                             0x2000009e   Data           1  w25q16.o(.data)
    W25X_C_Erase                             0x2000009f   Data           1  w25q16.o(.data)
    .data                                    0x200000a0   Section       28  usbd_desc.o(.data)
    .data                                    0x200000bc   Section       50  usbd_desc.o(.data)
    .data                                    0x200000f0   Section       32  usbd_storage_if.o(.data)
    .data                                    0x20000110   Section        1  usbd_ctlreq.o(.data)
    cfgidx                                   0x20000110   Data           1  usbd_ctlreq.o(.data)
    .data                                    0x20000114   Section       56  usbd_msc.o(.data)
    .data                                    0x2000014c   Section      106  usbd_msc.o(.data)
    .data                                    0x200001b6   Section        1  user_diskio.o(.data)
    Stat                                     0x200001b6   Data           1  user_diskio.o(.data)
    .data                                    0x200001b8   Section       20  user_diskio.o(.data)
    .data                                    0x200001cc   Section        5  fatfs.o(.data)
    .bss                                     0x200001d4   Section      596  freertos.o(.bss)
    xIdleTaskTCBBuffer                       0x200001d4   Data          84  freertos.o(.bss)
    xIdleStack                               0x20000228   Data         512  freertos.o(.bss)
    .bss                                     0x20000428   Section      312  spi.o(.bss)
    .bss                                     0x20000560   Section       68  usart.o(.bss)
    .bss                                     0x200005a4   Section      240  tasks.o(.bss)
    pxReadyTasksLists                        0x200005a4   Data         140  tasks.o(.bss)
    xDelayedTaskList1                        0x20000630   Data          20  tasks.o(.bss)
    xDelayedTaskList2                        0x20000644   Data          20  tasks.o(.bss)
    xPendingReadyList                        0x20000658   Data          20  tasks.o(.bss)
    xTasksWaitingTermination                 0x2000066c   Data          20  tasks.o(.bss)
    xSuspendedTaskList                       0x20000680   Data          20  tasks.o(.bss)
    .bss                                     0x20000694   Section     3071  heap_4.o(.bss)
    ucHeap                                   0x20000694   Data        3071  heap_4.o(.bss)
    .bss                                     0x20001294   Section      708  usb_device.o(.bss)
    .bss                                     0x20001558   Section      512  usbd_desc.o(.bss)
    .bss                                     0x20001758   Section     4956  usbd_conf.o(.bss)
    mem                                      0x20001758   Data        4208  usbd_conf.o(.bss)
    .bss                                     0x20002ab4   Section       12  ff_gen_drv.o(.bss)
    STACK                                    0x20002ac0   Section     4096  startup_stm32f10x_hd.o(STACK)

    Global Symbols

    Symbol Name                              Value     Ov Type        Size  Object(Section)

    BuildAttributes$$THM_ISAv4$P$D$K$B$S$PE$A:L22UL41UL21$X:L11$S22US41US21$IEEE1$IW$USESV6$~STKCKD$USESV7$~SHL$OSPACE$ROPI$EBA8$MICROLIB$REQ8$PRES8$EABIv2 0x00000000   Number         0  anon$$obj.o ABSOLUTE
    __ARM_use_no_argv                        0x00000000   Number         0  main.o ABSOLUTE
    _printf_a                                0x00000000   Number         0  stubs.o ABSOLUTE
    _printf_c                                0x00000000   Number         0  stubs.o ABSOLUTE
    _printf_charcount                        0x00000000   Number         0  stubs.o ABSOLUTE
    _printf_d                                0x00000000   Number         0  stubs.o ABSOLUTE
    _printf_e                                0x00000000   Number         0  stubs.o ABSOLUTE
    _printf_f                                0x00000000   Number         0  stubs.o ABSOLUTE
    _printf_flags                            0x00000000   Number         0  stubs.o ABSOLUTE
    _printf_fp_dec                           0x00000000   Number         0  stubs.o ABSOLUTE
    _printf_fp_hex                           0x00000000   Number         0  stubs.o ABSOLUTE
    _printf_g                                0x00000000   Number         0  stubs.o ABSOLUTE
    _printf_i                                0x00000000   Number         0  stubs.o ABSOLUTE
    _printf_int_dec                          0x00000000   Number         0  stubs.o ABSOLUTE
    _printf_l                                0x00000000   Number         0  stubs.o ABSOLUTE
    _printf_lc                               0x00000000   Number         0  stubs.o ABSOLUTE
    _printf_ll                               0x00000000   Number         0  stubs.o ABSOLUTE
    _printf_lld                              0x00000000   Number         0  stubs.o ABSOLUTE
    _printf_lli                              0x00000000   Number         0  stubs.o ABSOLUTE
    _printf_llo                              0x00000000   Number         0  stubs.o ABSOLUTE
    _printf_llu                              0x00000000   Number         0  stubs.o ABSOLUTE
    _printf_llx                              0x00000000   Number         0  stubs.o ABSOLUTE
    _printf_longlong_dec                     0x00000000   Number         0  stubs.o ABSOLUTE
    _printf_longlong_hex                     0x00000000   Number         0  stubs.o ABSOLUTE
    _printf_longlong_oct                     0x00000000   Number         0  stubs.o ABSOLUTE
    _printf_ls                               0x00000000   Number         0  stubs.o ABSOLUTE
    _printf_mbtowc                           0x00000000   Number         0  stubs.o ABSOLUTE
    _printf_n                                0x00000000   Number         0  stubs.o ABSOLUTE
    _printf_o                                0x00000000   Number         0  stubs.o ABSOLUTE
    _printf_p                                0x00000000   Number         0  stubs.o ABSOLUTE
    _printf_percent                          0x00000000   Number         0  stubs.o ABSOLUTE
    _printf_pre_padding                      0x00000000   Number         0  stubs.o ABSOLUTE
    _printf_return_value                     0x00000000   Number         0  stubs.o ABSOLUTE
    _printf_s                                0x00000000   Number         0  stubs.o ABSOLUTE
    _printf_sizespec                         0x00000000   Number         0  stubs.o ABSOLUTE
    _printf_str                              0x00000000   Number         0  stubs.o ABSOLUTE
    _printf_truncate_signed                  0x00000000   Number         0  stubs.o ABSOLUTE
    _printf_truncate_unsigned                0x00000000   Number         0  stubs.o ABSOLUTE
    _printf_u                                0x00000000   Number         0  stubs.o ABSOLUTE
    _printf_wc                               0x00000000   Number         0  stubs.o ABSOLUTE
    _printf_wctomb                           0x00000000   Number         0  stubs.o ABSOLUTE
    _printf_widthprec                        0x00000000   Number         0  stubs.o ABSOLUTE
    _printf_x                                0x00000000   Number         0  stubs.o ABSOLUTE
    __cpp_initialize__aeabi_                  - Undefined Weak Reference
    __cxa_finalize                            - Undefined Weak Reference
    _clock_init                               - Undefined Weak Reference
    _microlib_exit                            - Undefined Weak Reference
    __Vectors_Size                           0x00000130   Number         0  startup_stm32f10x_hd.o ABSOLUTE
    __Vectors                                0x08000000   Data           4  startup_stm32f10x_hd.o(RESET)
    __Vectors_End                            0x08000130   Data           0  startup_stm32f10x_hd.o(RESET)
    __main                                   0x08000131   Thumb Code     0  entry.o(.ARM.Collect$$$$00000000)
    _main_stk                                0x08000131   Thumb Code     0  entry2.o(.ARM.Collect$$$$00000001)
    _main_scatterload                        0x08000135   Thumb Code     0  entry5.o(.ARM.Collect$$$$00000004)
    __main_after_scatterload                 0x08000139   Thumb Code     0  entry5.o(.ARM.Collect$$$$00000004)
    _main_clock                              0x08000139   Thumb Code     0  entry7b.o(.ARM.Collect$$$$00000008)
    _main_cpp_init                           0x08000139   Thumb Code     0  entry8b.o(.ARM.Collect$$$$0000000A)
    _main_init                               0x08000139   Thumb Code     0  entry9a.o(.ARM.Collect$$$$0000000B)
    __rt_final_cpp                           0x08000141   Thumb Code     0  entry10a.o(.ARM.Collect$$$$0000000D)
    __rt_final_exit                          0x08000141   Thumb Code     0  entry11a.o(.ARM.Collect$$$$0000000F)
    SVC_Handler                              0x08000145   Thumb Code    32  port.o(.emb_text)
    __asm___6_port_c_39a90d8d__prvStartFirstTask 0x08000169   Thumb Code    28  port.o(.emb_text)
    PendSV_Handler                           0x08000189   Thumb Code    72  port.o(.emb_text)
    vPortGetIPSR                             0x080001d5   Thumb Code     6  port.o(.emb_text)
    Reset_Handler                            0x080001dd   Thumb Code     8  startup_stm32f10x_hd.o(.text)
    ADC1_2_IRQHandler                        0x080001f7   Thumb Code     0  startup_stm32f10x_hd.o(.text)
    ADC3_IRQHandler                          0x080001f7   Thumb Code     0  startup_stm32f10x_hd.o(.text)
    CAN1_RX1_IRQHandler                      0x080001f7   Thumb Code     0  startup_stm32f10x_hd.o(.text)
    CAN1_SCE_IRQHandler                      0x080001f7   Thumb Code     0  startup_stm32f10x_hd.o(.text)
    DMA1_Channel1_IRQHandler                 0x080001f7   Thumb Code     0  startup_stm32f10x_hd.o(.text)
    DMA1_Channel4_IRQHandler                 0x080001f7   Thumb Code     0  startup_stm32f10x_hd.o(.text)
    DMA1_Channel5_IRQHandler                 0x080001f7   Thumb Code     0  startup_stm32f10x_hd.o(.text)
    DMA1_Channel6_IRQHandler                 0x080001f7   Thumb Code     0  startup_stm32f10x_hd.o(.text)
    DMA1_Channel7_IRQHandler                 0x080001f7   Thumb Code     0  startup_stm32f10x_hd.o(.text)
    DMA2_Channel1_IRQHandler                 0x080001f7   Thumb Code     0  startup_stm32f10x_hd.o(.text)
    DMA2_Channel2_IRQHandler                 0x080001f7   Thumb Code     0  startup_stm32f10x_hd.o(.text)
    DMA2_Channel3_IRQHandler                 0x080001f7   Thumb Code     0  startup_stm32f10x_hd.o(.text)
    DMA2_Channel4_5_IRQHandler               0x080001f7   Thumb Code     0  startup_stm32f10x_hd.o(.text)
    EXTI0_IRQHandler                         0x080001f7   Thumb Code     0  startup_stm32f10x_hd.o(.text)
    EXTI15_10_IRQHandler                     0x080001f7   Thumb Code     0  startup_stm32f10x_hd.o(.text)
    EXTI1_IRQHandler                         0x080001f7   Thumb Code     0  startup_stm32f10x_hd.o(.text)
    EXTI2_IRQHandler                         0x080001f7   Thumb Code     0  startup_stm32f10x_hd.o(.text)
    EXTI9_5_IRQHandler                       0x080001f7   Thumb Code     0  startup_stm32f10x_hd.o(.text)
    FLASH_IRQHandler                         0x080001f7   Thumb Code     0  startup_stm32f10x_hd.o(.text)
    FSMC_IRQHandler                          0x080001f7   Thumb Code     0  startup_stm32f10x_hd.o(.text)
    I2C1_ER_IRQHandler                       0x080001f7   Thumb Code     0  startup_stm32f10x_hd.o(.text)
    I2C1_EV_IRQHandler                       0x080001f7   Thumb Code     0  startup_stm32f10x_hd.o(.text)
    I2C2_ER_IRQHandler                       0x080001f7   Thumb Code     0  startup_stm32f10x_hd.o(.text)
    I2C2_EV_IRQHandler                       0x080001f7   Thumb Code     0  startup_stm32f10x_hd.o(.text)
    PVD_IRQHandler                           0x080001f7   Thumb Code     0  startup_stm32f10x_hd.o(.text)
    RCC_IRQHandler                           0x080001f7   Thumb Code     0  startup_stm32f10x_hd.o(.text)
    RTCAlarm_IRQHandler                      0x080001f7   Thumb Code     0  startup_stm32f10x_hd.o(.text)
    RTC_IRQHandler                           0x080001f7   Thumb Code     0  startup_stm32f10x_hd.o(.text)
    SDIO_IRQHandler                          0x080001f7   Thumb Code     0  startup_stm32f10x_hd.o(.text)
    SPI1_IRQHandler                          0x080001f7   Thumb Code     0  startup_stm32f10x_hd.o(.text)
    SPI2_IRQHandler                          0x080001f7   Thumb Code     0  startup_stm32f10x_hd.o(.text)
    SPI3_IRQHandler                          0x080001f7   Thumb Code     0  startup_stm32f10x_hd.o(.text)
    TAMPER_IRQHandler                        0x080001f7   Thumb Code     0  startup_stm32f10x_hd.o(.text)
    TIM1_BRK_IRQHandler                      0x080001f7   Thumb Code     0  startup_stm32f10x_hd.o(.text)
    TIM1_CC_IRQHandler                       0x080001f7   Thumb Code     0  startup_stm32f10x_hd.o(.text)
    TIM1_TRG_COM_IRQHandler                  0x080001f7   Thumb Code     0  startup_stm32f10x_hd.o(.text)
    TIM1_UP_IRQHandler                       0x080001f7   Thumb Code     0  startup_stm32f10x_hd.o(.text)
    TIM2_IRQHandler                          0x080001f7   Thumb Code     0  startup_stm32f10x_hd.o(.text)
    TIM3_IRQHandler                          0x080001f7   Thumb Code     0  startup_stm32f10x_hd.o(.text)
    TIM4_IRQHandler                          0x080001f7   Thumb Code     0  startup_stm32f10x_hd.o(.text)
    TIM5_IRQHandler                          0x080001f7   Thumb Code     0  startup_stm32f10x_hd.o(.text)
    TIM6_IRQHandler                          0x080001f7   Thumb Code     0  startup_stm32f10x_hd.o(.text)
    TIM7_IRQHandler                          0x080001f7   Thumb Code     0  startup_stm32f10x_hd.o(.text)
    TIM8_BRK_IRQHandler                      0x080001f7   Thumb Code     0  startup_stm32f10x_hd.o(.text)
    TIM8_CC_IRQHandler                       0x080001f7   Thumb Code     0  startup_stm32f10x_hd.o(.text)
    TIM8_TRG_COM_IRQHandler                  0x080001f7   Thumb Code     0  startup_stm32f10x_hd.o(.text)
    TIM8_UP_IRQHandler                       0x080001f7   Thumb Code     0  startup_stm32f10x_hd.o(.text)
    UART4_IRQHandler                         0x080001f7   Thumb Code     0  startup_stm32f10x_hd.o(.text)
    UART5_IRQHandler                         0x080001f7   Thumb Code     0  startup_stm32f10x_hd.o(.text)
    USART1_IRQHandler                        0x080001f7   Thumb Code     0  startup_stm32f10x_hd.o(.text)
    USART2_IRQHandler                        0x080001f7   Thumb Code     0  startup_stm32f10x_hd.o(.text)
    USART3_IRQHandler                        0x080001f7   Thumb Code     0  startup_stm32f10x_hd.o(.text)
    USBWakeUp_IRQHandler                     0x080001f7   Thumb Code     0  startup_stm32f10x_hd.o(.text)
    USB_HP_CAN1_TX_IRQHandler                0x080001f7   Thumb Code     0  startup_stm32f10x_hd.o(.text)
    WWDG_IRQHandler                          0x080001f7   Thumb Code     0  startup_stm32f10x_hd.o(.text)
    __aeabi_memcpy                           0x08000201   Thumb Code    36  memcpya.o(.text)
    __aeabi_memcpy4                          0x08000201   Thumb Code     0  memcpya.o(.text)
    __aeabi_memcpy8                          0x08000201   Thumb Code     0  memcpya.o(.text)
    __aeabi_memset                           0x08000225   Thumb Code    14  memseta.o(.text)
    __aeabi_memset4                          0x08000225   Thumb Code     0  memseta.o(.text)
    __aeabi_memset8                          0x08000225   Thumb Code     0  memseta.o(.text)
    __aeabi_memclr                           0x08000233   Thumb Code     4  memseta.o(.text)
    __aeabi_memclr4                          0x08000233   Thumb Code     0  memseta.o(.text)
    __aeabi_memclr8                          0x08000233   Thumb Code     0  memseta.o(.text)
    memset                                   0x08000237   Thumb Code    18  memseta.o(.text)
    __scatterload                            0x08000249   Thumb Code    28  init.o(.text)
    __scatterload_rt2                        0x08000249   Thumb Code     0  init.o(.text)
    __decompress                             0x0800026d   Thumb Code     0  __dczerorl2.o(.text)
    __decompress1                            0x0800026d   Thumb Code    86  __dczerorl2.o(.text)
    BSP_W25Qx_Erase_Block                    0x080002c5   Thumb Code    70  w25q16.o(i.BSP_W25Qx_Erase_Block)
    BusFault_Handler                         0x08000315   Thumb Code     2  stm32f1xx_it.o(i.BusFault_Handler)
    DMA1_Channel2_IRQHandler                 0x08000319   Thumb Code     6  stm32f1xx_it.o(i.DMA1_Channel2_IRQHandler)
    DMA1_Channel3_IRQHandler                 0x08000325   Thumb Code     6  stm32f1xx_it.o(i.DMA1_Channel3_IRQHandler)
    DebugMon_Handler                         0x08000331   Thumb Code     2  stm32f1xx_it.o(i.DebugMon_Handler)
    EXTI3_IRQHandler                         0x08000333   Thumb Code     6  stm32f1xx_it.o(i.EXTI3_IRQHandler)
    EXTI4_IRQHandler                         0x08000339   Thumb Code     6  stm32f1xx_it.o(i.EXTI4_IRQHandler)
    Error_Handler                            0x0800033f   Thumb Code     4  main.o(i.Error_Handler)
    FATFS_LinkDriver                         0x08000343   Thumb Code     6  ff_gen_drv.o(i.FATFS_LinkDriver)
    FATFS_LinkDriverEx                       0x08000349   Thumb Code    60  ff_gen_drv.o(i.FATFS_LinkDriverEx)
    HAL_DMA_IRQHandler                       0x08000389   Thumb Code   552  stm32f1xx_hal_dma.o(i.HAL_DMA_IRQHandler)
    HAL_DMA_Init                             0x080005d1   Thumb Code   112  stm32f1xx_hal_dma.o(i.HAL_DMA_Init)
    HAL_Delay                                0x0800064d   Thumb Code    32  stm32f1xx_hal.o(i.HAL_Delay)
    HAL_GPIO_EXTI_Callback                   0x08000671   Thumb Code    20  button.o(i.HAL_GPIO_EXTI_Callback)
    HAL_GPIO_EXTI_IRQHandler                 0x08000689   Thumb Code    18  stm32f1xx_hal_gpio.o(i.HAL_GPIO_EXTI_IRQHandler)
    HAL_GPIO_Init                            0x080006a1   Thumb Code   462  stm32f1xx_hal_gpio.o(i.HAL_GPIO_Init)
    HAL_GPIO_WritePin                        0x08000899   Thumb Code    10  stm32f1xx_hal_gpio.o(i.HAL_GPIO_WritePin)
    HAL_GetTick                              0x080008a5   Thumb Code     6  stm32f1xx_hal.o(i.HAL_GetTick)
    HAL_IncTick                              0x080008b1   Thumb Code    12  stm32f1xx_hal.o(i.HAL_IncTick)
    HAL_Init                                 0x080008c1   Thumb Code    32  stm32f1xx_hal.o(i.HAL_Init)
    HAL_InitTick                             0x080008e5   Thumb Code    54  stm32f1xx_hal.o(i.HAL_InitTick)
    HAL_MspInit                              0x08000925   Thumb Code    62  stm32f1xx_hal_msp.o(i.HAL_MspInit)
    HAL_NVIC_EnableIRQ                       0x0800096d   Thumb Code    26  stm32f1xx_hal_cortex.o(i.HAL_NVIC_EnableIRQ)
    HAL_NVIC_SetPriority                     0x08000989   Thumb Code    60  stm32f1xx_hal_cortex.o(i.HAL_NVIC_SetPriority)
    HAL_NVIC_SetPriorityGrouping             0x080009c9   Thumb Code    26  stm32f1xx_hal_cortex.o(i.HAL_NVIC_SetPriorityGrouping)
    HAL_PCDEx_PMAConfig                      0x080009ed   Thumb Code    60  stm32f1xx_hal_pcd_ex.o(i.HAL_PCDEx_PMAConfig)
    HAL_PCDEx_SetConnectionState             0x08000a29   Thumb Code     2  usbd_conf.o(i.HAL_PCDEx_SetConnectionState)
    HAL_PCD_DataInStageCallback              0x08000a2b   Thumb Code    18  usbd_conf.o(i.HAL_PCD_DataInStageCallback)
    HAL_PCD_DataOutStageCallback             0x08000a3d   Thumb Code    20  usbd_conf.o(i.HAL_PCD_DataOutStageCallback)
    HAL_PCD_EP_Close                         0x08000a51   Thumb Code    76  stm32f1xx_hal_pcd.o(i.HAL_PCD_EP_Close)
    HAL_PCD_EP_ClrStall                      0x08000a9d   Thumb Code    92  stm32f1xx_hal_pcd.o(i.HAL_PCD_EP_ClrStall)
    HAL_PCD_EP_Flush                         0x08000f0f   Thumb Code    52  stm32f1xx_hal_pcd.o(i.HAL_PCD_EP_Flush)
    HAL_PCD_EP_GetRxCount                    0x08000f43   Thumb Code    18  stm32f1xx_hal_pcd.o(i.HAL_PCD_EP_GetRxCount)
    HAL_PCD_EP_Open                          0x08000f55   Thumb Code    96  stm32f1xx_hal_pcd.o(i.HAL_PCD_EP_Open)
    HAL_PCD_EP_Receive                       0x08000fb5   Thumb Code    50  stm32f1xx_hal_pcd.o(i.HAL_PCD_EP_Receive)
    HAL_PCD_EP_SetStall                      0x08000fe7   Thumb Code   114  stm32f1xx_hal_pcd.o(i.HAL_PCD_EP_SetStall)
    HAL_PCD_EP_Transmit                      0x08001059   Thumb Code    52  stm32f1xx_hal_pcd.o(i.HAL_PCD_EP_Transmit)
    HAL_PCD_IRQHandler                       0x0800108d   Thumb Code   340  stm32f1xx_hal_pcd.o(i.HAL_PCD_IRQHandler)
    HAL_PCD_Init                             0x080011e1   Thumb Code   218  stm32f1xx_hal_pcd.o(i.HAL_PCD_Init)
    HAL_PCD_MspInit                          0x080012bd   Thumb Code    50  usbd_conf.o(i.HAL_PCD_MspInit)
    HAL_PCD_ResetCallback                    0x080012f9   Thumb Code    38  usbd_conf.o(i.HAL_PCD_ResetCallback)
    HAL_PCD_ResumeCallback                   0x0800131f   Thumb Code     8  usbd_conf.o(i.HAL_PCD_ResumeCallback)
    HAL_PCD_SOFCallback                      0x08001327   Thumb Code     8  usbd_conf.o(i.HAL_PCD_SOFCallback)
    HAL_PCD_SetAddress                       0x0800132f   Thumb Code    40  stm32f1xx_hal_pcd.o(i.HAL_PCD_SetAddress)
    HAL_PCD_SetupStageCallback               0x08001357   Thumb Code    14  usbd_conf.o(i.HAL_PCD_SetupStageCallback)
    HAL_PCD_Start                            0x08001365   Thumb Code    50  stm32f1xx_hal_pcd.o(i.HAL_PCD_Start)
    HAL_PCD_SuspendCallback                  0x08001399   Thumb Code    30  usbd_conf.o(i.HAL_PCD_SuspendCallback)
    HAL_RCCEx_PeriphCLKConfig                0x080013bd   Thumb Code   224  stm32f1xx_hal_rcc_ex.o(i.HAL_RCCEx_PeriphCLKConfig)
    HAL_RCC_ClockConfig                      0x080014a9   Thumb Code   280  stm32f1xx_hal_rcc.o(i.HAL_RCC_ClockConfig)
    HAL_RCC_GetPCLK1Freq                     0x080015d5   Thumb Code    20  stm32f1xx_hal_rcc.o(i.HAL_RCC_GetPCLK1Freq)
    HAL_RCC_GetPCLK2Freq                     0x080015f5   Thumb Code    20  stm32f1xx_hal_rcc.o(i.HAL_RCC_GetPCLK2Freq)
    HAL_RCC_GetSysClockFreq                  0x08001615   Thumb Code    74  stm32f1xx_hal_rcc.o(i.HAL_RCC_GetSysClockFreq)
    HAL_RCC_OscConfig                        0x08001681   Thumb Code   778  stm32f1xx_hal_rcc.o(i.HAL_RCC_OscConfig)
    HAL_SPI_Init                             0x080019a1   Thumb Code   178  stm32f1xx_hal_spi.o(i.HAL_SPI_Init)
    HAL_SPI_MspInit                          0x08001a55   Thumb Code   238  spi.o(i.HAL_SPI_MspInit)
    HAL_SPI_Receive                          0x08001b61   Thumb Code   346  stm32f1xx_hal_spi.o(i.HAL_SPI_Receive)
    HAL_SPI_Transmit                         0x08001cbb   Thumb Code   358  stm32f1xx_hal_spi.o(i.HAL_SPI_Transmit)
    HAL_SPI_TransmitReceive                  0x08001e21   Thumb Code   482  stm32f1xx_hal_spi.o(i.HAL_SPI_TransmitReceive)
    HAL_SYSTICK_Config                       0x08002003   Thumb Code    40  stm32f1xx_hal_cortex.o(i.HAL_SYSTICK_Config)
    HAL_UART_Init                            0x0800202b   Thumb Code    98  stm32f1xx_hal_uart.o(i.HAL_UART_Init)
    HAL_UART_MspInit                         0x0800208d   Thumb Code   100  usart.o(i.HAL_UART_MspInit)
    HardFault_Handler                        0x080020fd   Thumb Code     2  stm32f1xx_it.o(i.HardFault_Handler)
    LED_FLASH                                0x08002139   Thumb Code     8  freertos.o(i.LED_FLASH)
    MSC_BOT_CplClrFeature                    0x08002245   Thumb Code    42  usbd_msc_bot.o(i.MSC_BOT_CplClrFeature)
    MSC_BOT_DataIn                           0x0800226f   Thumb Code    60  usbd_msc_bot.o(i.MSC_BOT_DataIn)
    MSC_BOT_DataOut                          0x080022ab   Thumb Code    60  usbd_msc_bot.o(i.MSC_BOT_DataOut)
    MSC_BOT_DeInit                           0x080022e7   Thumb Code    10  usbd_msc_bot.o(i.MSC_BOT_DeInit)
    MSC_BOT_Init                             0x080022f1   Thumb Code    72  usbd_msc_bot.o(i.MSC_BOT_Init)
    MSC_BOT_Reset                            0x08002339   Thumb Code    26  usbd_msc_bot.o(i.MSC_BOT_Reset)
    MSC_BOT_SendCSW                          0x08002355   Thumb Code    60  usbd_msc_bot.o(i.MSC_BOT_SendCSW)
    MX_DMA_Init                              0x08002395   Thumb Code    56  dma.o(i.MX_DMA_Init)
    MX_FATFS_Init                            0x080023d1   Thumb Code    18  fatfs.o(i.MX_FATFS_Init)
    MX_FREERTOS_Init                         0x080023ed   Thumb Code   114  freertos.o(i.MX_FREERTOS_Init)
    MX_GPIO_Init                             0x08002475   Thumb Code   272  gpio.o(i.MX_GPIO_Init)
    MX_SPI1_Init                             0x0800259d   Thumb Code    68  spi.o(i.MX_SPI1_Init)
    MX_SPI2_Init                             0x080025e9   Thumb Code    62  spi.o(i.MX_SPI2_Init)
    MX_USART1_UART_Init                      0x08002631   Thumb Code    48  usart.o(i.MX_USART1_UART_Init)
    MX_USB_DEVICE_Init                       0x08002669   Thumb Code    66  usb_device.o(i.MX_USB_DEVICE_Init)
    MemManage_Handler                        0x080026bd   Thumb Code     2  stm32f1xx_it.o(i.MemManage_Handler)
    NMI_Handler                              0x080026bf   Thumb Code     2  stm32f1xx_it.o(i.NMI_Handler)
    SCSI_ProcessCmd                          0x080029f9   Thumb Code   462  usbd_msc_scsi.o(i.SCSI_ProcessCmd)
    SCSI_SenseCode                           0x08002e51   Thumb Code    64  usbd_msc_scsi.o(i.SCSI_SenseCode)
    SPI_Flash_Read                           0x08002fc5   Thumb Code   104  w25q16.o(i.SPI_Flash_Read)
    StartDefaultTask                         0x08003141   Thumb Code    12  freertos.o(i.StartDefaultTask)
    SysTick_Handler                          0x0800314d   Thumb Code    24  stm32f1xx_it.o(i.SysTick_Handler)
    SystemClock_Config                       0x08003165   Thumb Code   120  main.o(i.SystemClock_Config)
    SystemInit                               0x080031dd   Thumb Code     2  system_stm32f1xx.o(i.SystemInit)
    USBD_ClrClassConfig                      0x08003299   Thumb Code    14  usbd_core.o(i.USBD_ClrClassConfig)
    USBD_CtlContinueRx                       0x080032a7   Thumb Code    16  usbd_ioreq.o(i.USBD_CtlContinueRx)
    USBD_CtlContinueSendData                 0x080032b7   Thumb Code    16  usbd_ioreq.o(i.USBD_CtlContinueSendData)
    USBD_CtlError                            0x080032c7   Thumb Code    22  usbd_ctlreq.o(i.USBD_CtlError)
    USBD_CtlReceiveStatus                    0x080032dd   Thumb Code    22  usbd_ioreq.o(i.USBD_CtlReceiveStatus)
    USBD_CtlSendData                         0x080032f3   Thumb Code    26  usbd_ioreq.o(i.USBD_CtlSendData)
    USBD_CtlSendStatus                       0x0800330d   Thumb Code    22  usbd_ioreq.o(i.USBD_CtlSendStatus)
    USBD_FS_ConfigStrDescriptor              0x08003325   Thumb Code    16  usbd_desc.o(i.USBD_FS_ConfigStrDescriptor)
    USBD_FS_DeviceDescriptor                 0x08003345   Thumb Code     8  usbd_desc.o(i.USBD_FS_DeviceDescriptor)
    USBD_FS_InterfaceStrDescriptor           0x08003351   Thumb Code    16  usbd_desc.o(i.USBD_FS_InterfaceStrDescriptor)
    USBD_FS_LangIDStrDescriptor              0x08003375   Thumb Code     8  usbd_desc.o(i.USBD_FS_LangIDStrDescriptor)
    USBD_FS_ManufacturerStrDescriptor        0x08003381   Thumb Code    16  usbd_desc.o(i.USBD_FS_ManufacturerStrDescriptor)
    USBD_FS_ProductStrDescriptor             0x080033a9   Thumb Code    16  usbd_desc.o(i.USBD_FS_ProductStrDescriptor)
    USBD_FS_SerialStrDescriptor              0x080033d1   Thumb Code    48  usbd_desc.o(i.USBD_FS_SerialStrDescriptor)
    USBD_GetString                           0x080034f1   Thumb Code    72  usbd_ctlreq.o(i.USBD_GetString)
    USBD_Init                                0x08003551   Thumb Code    42  usbd_core.o(i.USBD_Init)
    USBD_LL_ClearStallEP                     0x0800357b   Thumb Code    18  usbd_conf.o(i.USBD_LL_ClearStallEP)
    USBD_LL_CloseEP                          0x0800358d   Thumb Code    18  usbd_conf.o(i.USBD_LL_CloseEP)
    USBD_LL_DataInStage                      0x0800359f   Thumb Code   198  usbd_core.o(i.USBD_LL_DataInStage)
    USBD_LL_DataOutStage                     0x08003665   Thumb Code   130  usbd_core.o(i.USBD_LL_DataOutStage)
    USBD_LL_FlushEP                          0x080036e7   Thumb Code    18  usbd_conf.o(i.USBD_LL_FlushEP)
    USBD_LL_GetRxDataSize                    0x080036f9   Thumb Code     8  usbd_conf.o(i.USBD_LL_GetRxDataSize)
    USBD_LL_Init                             0x08003701   Thumb Code   104  usbd_conf.o(i.USBD_LL_Init)
    USBD_LL_IsStallEP                        0x08003771   Thumb Code    32  usbd_conf.o(i.USBD_LL_IsStallEP)
    USBD_LL_OpenEP                           0x08003791   Thumb Code    24  usbd_conf.o(i.USBD_LL_OpenEP)
    USBD_LL_PrepareReceive                   0x080037a9   Thumb Code    18  usbd_conf.o(i.USBD_LL_PrepareReceive)
    USBD_LL_Reset                            0x080037bb   Thumb Code    80  usbd_core.o(i.USBD_LL_Reset)
    USBD_LL_Resume                           0x0800380b   Thumb Code    20  usbd_core.o(i.USBD_LL_Resume)
    USBD_LL_SOF                              0x0800381f   Thumb Code    24  usbd_core.o(i.USBD_LL_SOF)
    USBD_LL_SetSpeed                         0x08003837   Thumb Code     6  usbd_core.o(i.USBD_LL_SetSpeed)
    USBD_LL_SetUSBAddress                    0x0800383d   Thumb Code    18  usbd_conf.o(i.USBD_LL_SetUSBAddress)
    USBD_LL_SetupStage                       0x0800384f   Thumb Code    90  usbd_core.o(i.USBD_LL_SetupStage)
    USBD_LL_StallEP                          0x080038a9   Thumb Code    18  usbd_conf.o(i.USBD_LL_StallEP)
    USBD_LL_Start                            0x080038bb   Thumb Code    18  usbd_conf.o(i.USBD_LL_Start)
    USBD_LL_Suspend                          0x080038cd   Thumb Code    18  usbd_core.o(i.USBD_LL_Suspend)
    USBD_LL_Transmit                         0x080038df   Thumb Code    18  usbd_conf.o(i.USBD_LL_Transmit)
    USBD_MSC_DataIn                          0x080038f1   Thumb Code    10  usbd_msc.o(i.USBD_MSC_DataIn)
    USBD_MSC_DataOut                         0x080038fb   Thumb Code    10  usbd_msc.o(i.USBD_MSC_DataOut)
    USBD_MSC_DeInit                          0x08003905   Thumb Code    50  usbd_msc.o(i.USBD_MSC_DeInit)
    USBD_MSC_GetDeviceQualifierDescriptor    0x08003939   Thumb Code     8  usbd_msc.o(i.USBD_MSC_GetDeviceQualifierDescriptor)
    USBD_MSC_GetFSCfgDesc                    0x08003945   Thumb Code     8  usbd_msc.o(i.USBD_MSC_GetFSCfgDesc)
    USBD_MSC_GetHSCfgDesc                    0x08003951   Thumb Code     8  usbd_msc.o(i.USBD_MSC_GetHSCfgDesc)
    USBD_MSC_GetOtherSpeedCfgDesc            0x0800395d   Thumb Code     8  usbd_msc.o(i.USBD_MSC_GetOtherSpeedCfgDesc)
    USBD_MSC_Init                            0x08003969   Thumb Code    92  usbd_msc.o(i.USBD_MSC_Init)
    USBD_MSC_RegisterStorage                 0x080039c5   Thumb Code    10  usbd_msc.o(i.USBD_MSC_RegisterStorage)
    USBD_MSC_Setup                           0x080039cf   Thumb Code   278  usbd_msc.o(i.USBD_MSC_Setup)
    USBD_ParseSetupRequest                   0x08003ae5   Thumb Code    40  usbd_ctlreq.o(i.USBD_ParseSetupRequest)
    USBD_RegisterClass                       0x08003b0d   Thumb Code    16  usbd_core.o(i.USBD_RegisterClass)
    USBD_SetClassConfig                      0x08003b1d   Thumb Code    22  usbd_core.o(i.USBD_SetClassConfig)
    USBD_Start                               0x08003bb9   Thumb Code    10  usbd_core.o(i.USBD_Start)
    USBD_StdDevReq                           0x08003bc3   Thumb Code   274  usbd_ctlreq.o(i.USBD_StdDevReq)
    USBD_StdEPReq                            0x08003cd5   Thumb Code   336  usbd_ctlreq.o(i.USBD_StdEPReq)
    USBD_StdItfReq                           0x08003e25   Thumb Code    78  usbd_ctlreq.o(i.USBD_StdItfReq)
    USBD_static_free                         0x08003e73   Thumb Code     2  usbd_conf.o(i.USBD_static_free)
    USBD_static_malloc                       0x08003e75   Thumb Code     4  usbd_conf.o(i.USBD_static_malloc)
    USB_ActivateEndpoint                     0x08003e7d   Thumb Code   600  stm32f1xx_ll_usb.o(i.USB_ActivateEndpoint)
    USB_CoreInit                             0x080040d5   Thumb Code     4  stm32f1xx_ll_usb.o(i.USB_CoreInit)
    USB_DeactivateEndpoint                   0x080040d9   Thumb Code   270  stm32f1xx_ll_usb.o(i.USB_DeactivateEndpoint)
    USB_DevConnect                           0x080041e7   Thumb Code     4  stm32f1xx_ll_usb.o(i.USB_DevConnect)
    USB_DevDisconnect                        0x080041eb   Thumb Code     4  stm32f1xx_ll_usb.o(i.USB_DevDisconnect)
    USB_DevInit                              0x080041ef   Thumb Code    18  stm32f1xx_ll_usb.o(i.USB_DevInit)
    USB_DisableGlobalInt                     0x08004201   Thumb Code    14  stm32f1xx_ll_usb.o(i.USB_DisableGlobalInt)
    USB_EP0_OutStart                         0x0800420f   Thumb Code     4  stm32f1xx_ll_usb.o(i.USB_EP0_OutStart)
    USB_EPClearStall                         0x08004213   Thumb Code   120  stm32f1xx_ll_usb.o(i.USB_EPClearStall)
    USB_EPSetStall                           0x0800428b   Thumb Code    50  stm32f1xx_ll_usb.o(i.USB_EPSetStall)
    USB_EPStartXfer                          0x080042bd   Thumb Code  1548  stm32f1xx_ll_usb.o(i.USB_EPStartXfer)
    USB_EnableGlobalInt                      0x080048c9   Thumb Code    18  stm32f1xx_ll_usb.o(i.USB_EnableGlobalInt)
    USB_FlushRxFifo                          0x080048db   Thumb Code     4  stm32f1xx_ll_usb.o(i.USB_FlushRxFifo)
    USB_FlushTxFifo                          0x080048df   Thumb Code     4  stm32f1xx_ll_usb.o(i.USB_FlushTxFifo)
    USB_LP_CAN1_RX0_IRQHandler               0x080048e5   Thumb Code     6  stm32f1xx_it.o(i.USB_LP_CAN1_RX0_IRQHandler)
    USB_ReadInterrupts                       0x080048f1   Thumb Code     6  stm32f1xx_ll_usb.o(i.USB_ReadInterrupts)
    USB_ReadPMA                              0x080048f9   Thumb Code    44  stm32f1xx_ll_usb.o(i.USB_ReadPMA)
    USB_SetCurrentMode                       0x08004925   Thumb Code     4  stm32f1xx_ll_usb.o(i.USB_SetCurrentMode)
    USB_SetDevAddress                        0x08004929   Thumb Code    12  stm32f1xx_ll_usb.o(i.USB_SetDevAddress)
    USB_WritePMA                             0x08004935   Thumb Code    38  stm32f1xx_ll_usb.o(i.USB_WritePMA)
    USER_initialize                          0x0800495d   Thumb Code    10  user_diskio.o(i.USER_initialize)
    USER_ioctl                               0x0800496d   Thumb Code     4  user_diskio.o(i.USER_ioctl)
    USER_read                                0x08004971   Thumb Code     4  user_diskio.o(i.USER_read)
    USER_status                              0x08004975   Thumb Code    10  user_diskio.o(i.USER_status)
    USER_write                               0x08004985   Thumb Code     4  user_diskio.o(i.USER_write)
    UsageFault_Handler                       0x08004989   Thumb Code     2  stm32f1xx_it.o(i.UsageFault_Handler)
    W25Q16_ReadStatus                        0x0800498d   Thumb Code    68  w25q16.o(i.W25Q16_ReadStatus)
    W25Q16_WRITE                             0x080049dd   Thumb Code   152  w25q16.o(i.W25Q16_WRITE)
    WriteEnable                              0x08004a7d   Thumb Code    46  w25q16.o(i.WriteEnable)
    __scatterload_copy                       0x08004ad9   Thumb Code    14  handlers.o(i.__scatterload_copy)
    __scatterload_null                       0x08004ae7   Thumb Code     2  handlers.o(i.__scatterload_null)
    __scatterload_zeroinit                   0x08004ae9   Thumb Code    14  handlers.o(i.__scatterload_zeroinit)
    main                                     0x08004af7   Thumb Code    54  main.o(i.main)
    osDelay                                  0x08004b39   Thumb Code    14  cmsis_os.o(i.osDelay)
    osKernelStart                            0x08004b47   Thumb Code    10  cmsis_os.o(i.osKernelStart)
    osThreadCreate                           0x08004b51   Thumb Code    84  cmsis_os.o(i.osThreadCreate)
    pvPortMalloc                             0x08004fe9   Thumb Code   210  heap_4.o(i.pvPortMalloc)
    pxPortInitialiseStack                    0x080050c1   Thumb Code    32  port.o(i.pxPortInitialiseStack)
    uxListRemove                             0x080050e5   Thumb Code    38  list.o(i.uxListRemove)
    vApplicationGetIdleTaskMemory            0x0800510d   Thumb Code    16  freertos.o(i.vApplicationGetIdleTaskMemory)
    vListInitialise                          0x08005121   Thumb Code    22  list.o(i.vListInitialise)
    vListInitialiseItem                      0x08005137   Thumb Code     6  list.o(i.vListInitialiseItem)
    vListInsert                              0x0800513d   Thumb Code    48  list.o(i.vListInsert)
    vListInsertEnd                           0x0800516d   Thumb Code    24  list.o(i.vListInsertEnd)
    vPortEnterCritical                       0x08005185   Thumb Code    54  port.o(i.vPortEnterCritical)
    vPortExitCritical                        0x080051c5   Thumb Code    34  port.o(i.vPortExitCritical)
    vPortFree                                0x080051ed   Thumb Code    88  heap_4.o(i.vPortFree)
    vPortSetupTimerInterrupt                 0x08005249   Thumb Code    32  port.o(i.vPortSetupTimerInterrupt)
    vPortValidateInterruptPriority           0x0800526d   Thumb Code    74  port.o(i.vPortValidateInterruptPriority)
    vTaskDelay                               0x080052c1   Thumb Code    66  tasks.o(i.vTaskDelay)
    vTaskInternalSetTimeOutState             0x0800530d   Thumb Code    12  tasks.o(i.vTaskInternalSetTimeOutState)
    vTaskMissedYield                         0x0800531d   Thumb Code     8  tasks.o(i.vTaskMissedYield)
    vTaskPlaceOnEventList                    0x08005329   Thumb Code    44  tasks.o(i.vTaskPlaceOnEventList)
    vTaskStartScheduler                      0x08005359   Thumb Code    90  tasks.o(i.vTaskStartScheduler)
    vTaskSuspendAll                          0x080053c5   Thumb Code    10  tasks.o(i.vTaskSuspendAll)
    vTaskSwitchContext                       0x080053d5   Thumb Code    82  tasks.o(i.vTaskSwitchContext)
    xPortStartScheduler                      0x08005431   Thumb Code   154  port.o(i.xPortStartScheduler)
    xPortSysTickHandler                      0x080054d9   Thumb Code    38  port.o(i.xPortSysTickHandler)
    xQueueCreateMutex                        0x08005505   Thumb Code    22  queue.o(i.xQueueCreateMutex)
    xQueueGenericCreate                      0x0800551b   Thumb Code    72  queue.o(i.xQueueGenericCreate)
    xQueueGenericReset                       0x08005565   Thumb Code   132  queue.o(i.xQueueGenericReset)
    xQueueGenericSend                        0x080055ed   Thumb Code   346  queue.o(i.xQueueGenericSend)
    xQueueGiveFromISR                        0x0800574d   Thumb Code   156  queue.o(i.xQueueGiveFromISR)
    xTaskCheckForTimeOut                     0x080057e9   Thumb Code   112  tasks.o(i.xTaskCheckForTimeOut)
    xTaskCreate                              0x0800585d   Thumb Code    90  tasks.o(i.xTaskCreate)
    xTaskCreateStatic                        0x080058b7   Thumb Code    86  tasks.o(i.xTaskCreateStatic)
    xTaskGetSchedulerState                   0x0800590d   Thumb Code    22  tasks.o(i.xTaskGetSchedulerState)
    xTaskIncrementTick                       0x08005929   Thumb Code   192  tasks.o(i.xTaskIncrementTick)
    xTaskPriorityDisinherit                  0x080059f1   Thumb Code   144  tasks.o(i.xTaskPriorityDisinherit)
    xTaskRemoveFromEventList                 0x08005a89   Thumb Code   108  tasks.o(i.xTaskRemoveFromEventList)
    xTaskResumeAll                           0x08005afd   Thumb Code   182  tasks.o(i.xTaskResumeAll)
    AHBPrescTable                            0x08005bf8   Data          16  system_stm32f1xx.o(.constdata)
    APBPrescTable                            0x08005c08   Data           8  system_stm32f1xx.o(.constdata)
    STORAGE_Inquirydata_FS                   0x08005c10   Data          36  usbd_storage_if.o(.constdata)
    MSC_Page00_Inquiry_Data                  0x08005c34   Data           7  usbd_msc_data.o(.constdata)
    MSC_Mode_Sense6_data                     0x08005c3b   Data           8  usbd_msc_data.o(.constdata)
    MSC_Mode_Sense10_data                    0x08005c43   Data           8  usbd_msc_data.o(.constdata)
    Region$$Table$$Base                      0x08005c5c   Number         0  anon$$obj.o(Region$$Table)
    Region$$Table$$Limit                     0x08005c7c   Number         0  anon$$obj.o(Region$$Table)
    defaultTaskHandle                        0x20000000   Data           4  freertos.o(.data)
    LEDHandle                                0x20000004   Data           4  freertos.o(.data)
    uwTickFreq                               0x20000008   Data           1  stm32f1xx_hal.o(.data)
    uwTickPrio                               0x2000000c   Data           4  stm32f1xx_hal.o(.data)
    uwTick                                   0x20000010   Data           4  stm32f1xx_hal.o(.data)
    SystemCoreClock                          0x20000014   Data           4  system_stm32f1xx.o(.data)
    pxCurrentTCB                             0x20000018   Data           4  tasks.o(.data)
    KEY_1_Handle                             0x2000007c   Data           4  button.o(.data)
    KEY_2_Handle                             0x20000080   Data           4  button.o(.data)
    LCD_Handle                               0x20000094   Data           4  lcd_task.o(.data)
    FS_Desc                                  0x200000a0   Data          28  usbd_desc.o(.data)
    USBD_LangIDDesc                          0x200000bc   Data           4  usbd_desc.o(.data)
    USBD_FS_DeviceDesc                       0x200000c0   Data          18  usbd_desc.o(.data)
    USBD_StringSerial                        0x200000d4   Data          26  usbd_desc.o(.data)
    USBD_Storage_Interface_fops_FS           0x200000f0   Data          32  usbd_storage_if.o(.data)
    USBD_MSC                                 0x20000114   Data          56  usbd_msc.o(.data)
    USBD_MSC_CfgHSDesc                       0x2000014c   Data          32  usbd_msc.o(.data)
    USBD_MSC_CfgFSDesc                       0x2000016c   Data          32  usbd_msc.o(.data)
    USBD_MSC_OtherSpeedCfgDesc               0x2000018c   Data          32  usbd_msc.o(.data)
    USBD_MSC_DeviceQualifierDesc             0x200001ac   Data          10  usbd_msc.o(.data)
    USER_Driver                              0x200001b8   Data          20  user_diskio.o(.data)
    retUSER                                  0x200001cc   Data           1  fatfs.o(.data)
    USERPath                                 0x200001cd   Data           4  fatfs.o(.data)
    hspi1                                    0x20000428   Data          88  spi.o(.bss)
    hspi2                                    0x20000480   Data          88  spi.o(.bss)
    hdma_spi1_tx                             0x200004d8   Data          68  spi.o(.bss)
    hdma_spi1_rx                             0x2000051c   Data          68  spi.o(.bss)
    huart1                                   0x20000560   Data          68  usart.o(.bss)
    hUsbDeviceFS                             0x20001294   Data         708  usb_device.o(.bss)
    USBD_StrDesc                             0x20001558   Data         512  usbd_desc.o(.bss)
    hpcd_USB_FS                              0x200027c8   Data         748  usbd_conf.o(.bss)
    disk                                     0x20002ab4   Data          12  ff_gen_drv.o(.bss)
    __initial_sp                             0x20003ac0   Data           0  startup_stm32f10x_hd.o(STACK)



==============================================================================

Memory Map of the image

  Image Entry point : 0x08000131

  Load Region LR_IROM1 (Base: 0x08000000, Size: 0x00005e50, Max: 0x00080000, ABSOLUTE, COMPRESSED[0x00005d44])

    Execution Region ER_IROM1 (Base: 0x08000000, Size: 0x00005c7c, Max: 0x00080000, ABSOLUTE)

    Base Addr    Size         Type   Attr      Idx    E Section Name        Object

    0x08000000   0x00000130   Data   RO         2760    RESET               startup_stm32f10x_hd.o
    0x08000130   0x00000000   Code   RO         5900  * .ARM.Collect$$$$00000000  mc_w.l(entry.o)
    0x08000130   0x00000004   Code   RO         6174    .ARM.Collect$$$$00000001  mc_w.l(entry2.o)
    0x08000134   0x00000004   Code   RO         6177    .ARM.Collect$$$$00000004  mc_w.l(entry5.o)
    0x08000138   0x00000000   Code   RO         6179    .ARM.Collect$$$$00000008  mc_w.l(entry7b.o)
    0x08000138   0x00000000   Code   RO         6181    .ARM.Collect$$$$0000000A  mc_w.l(entry8b.o)
    0x08000138   0x00000008   Code   RO         6182    .ARM.Collect$$$$0000000B  mc_w.l(entry9a.o)
    0x08000140   0x00000000   Code   RO         6184    .ARM.Collect$$$$0000000D  mc_w.l(entry10a.o)
    0x08000140   0x00000000   Code   RO         6186    .ARM.Collect$$$$0000000F  mc_w.l(entry11a.o)
    0x08000140   0x00000004   Code   RO         6175    .ARM.Collect$$$$00002712  mc_w.l(entry2.o)
    0x08000144   0x00000096   Code   RO         3993    .emb_text           port.o
    0x080001da   0x00000002   PAD
    0x080001dc   0x00000024   Code   RO         2761    .text               startup_stm32f10x_hd.o
    0x08000200   0x00000024   Code   RO         5905    .text               mc_w.l(memcpya.o)
    0x08000224   0x00000024   Code   RO         5909    .text               mc_w.l(memseta.o)
    0x08000248   0x00000024   Code   RO         6204    .text               mc_w.l(init.o)
    0x0800026c   0x00000056   Code   RO         6220    .text               mc_w.l(__dczerorl2.o)
    0x080002c2   0x00000002   PAD
    0x080002c4   0x00000050   Code   RO         4293    i.BSP_W25Qx_Erase_Block  w25q16.o
    0x08000314   0x00000002   Code   RO          464    i.BusFault_Handler  stm32f1xx_it.o
    0x08000316   0x00000002   PAD
    0x08000318   0x0000000c   Code   RO          465    i.DMA1_Channel2_IRQHandler  stm32f1xx_it.o
    0x08000324   0x0000000c   Code   RO          466    i.DMA1_Channel3_IRQHandler  stm32f1xx_it.o
    0x08000330   0x00000002   Code   RO          467    i.DebugMon_Handler  stm32f1xx_it.o
    0x08000332   0x00000006   Code   RO          468    i.EXTI3_IRQHandler  stm32f1xx_it.o
    0x08000338   0x00000006   Code   RO          469    i.EXTI4_IRQHandler  stm32f1xx_it.o
    0x0800033e   0x00000004   Code   RO            4    i.Error_Handler     main.o
    0x08000342   0x00000006   Code   RO         5802    i.FATFS_LinkDriver  ff_gen_drv.o
    0x08000348   0x00000040   Code   RO         5803    i.FATFS_LinkDriverEx  ff_gen_drv.o
    0x08000388   0x00000248   Code   RO         1455    i.HAL_DMA_IRQHandler  stm32f1xx_hal_dma.o
    0x080005d0   0x0000007c   Code   RO         1456    i.HAL_DMA_Init      stm32f1xx_hal_dma.o
    0x0800064c   0x00000024   Code   RO         1078    i.HAL_Delay         stm32f1xx_hal.o
    0x08000670   0x00000018   Code   RO         4074    i.HAL_GPIO_EXTI_Callback  button.o
    0x08000688   0x00000018   Code   RO         1385    i.HAL_GPIO_EXTI_IRQHandler  stm32f1xx_hal_gpio.o
    0x080006a0   0x000001f8   Code   RO         1386    i.HAL_GPIO_Init     stm32f1xx_hal_gpio.o
    0x08000898   0x0000000a   Code   RO         1390    i.HAL_GPIO_WritePin  stm32f1xx_hal_gpio.o
    0x080008a2   0x00000002   PAD
    0x080008a4   0x0000000c   Code   RO         1082    i.HAL_GetTick       stm32f1xx_hal.o
    0x080008b0   0x00000010   Code   RO         1088    i.HAL_IncTick       stm32f1xx_hal.o
    0x080008c0   0x00000024   Code   RO         1089    i.HAL_Init          stm32f1xx_hal.o
    0x080008e4   0x00000040   Code   RO         1090    i.HAL_InitTick      stm32f1xx_hal.o
    0x08000924   0x00000048   Code   RO          558    i.HAL_MspInit       stm32f1xx_hal_msp.o
    0x0800096c   0x0000001a   Code   RO         1546    i.HAL_NVIC_EnableIRQ  stm32f1xx_hal_cortex.o
    0x08000986   0x00000002   PAD
    0x08000988   0x00000040   Code   RO         1552    i.HAL_NVIC_SetPriority  stm32f1xx_hal_cortex.o
    0x080009c8   0x00000024   Code   RO         1553    i.HAL_NVIC_SetPriorityGrouping  stm32f1xx_hal_cortex.o
    0x080009ec   0x0000003c   Code   RO          851    i.HAL_PCDEx_PMAConfig  stm32f1xx_hal_pcd_ex.o
    0x08000a28   0x00000002   Code   RO         4593    i.HAL_PCDEx_SetConnectionState  usbd_conf.o
    0x08000a2a   0x00000012   Code   RO         4595    i.HAL_PCD_DataInStageCallback  usbd_conf.o
    0x08000a3c   0x00000014   Code   RO         4596    i.HAL_PCD_DataOutStageCallback  usbd_conf.o
    0x08000a50   0x0000004c   Code   RO          627    i.HAL_PCD_EP_Close  stm32f1xx_hal_pcd.o
    0x08000a9c   0x0000005c   Code   RO          628    i.HAL_PCD_EP_ClrStall  stm32f1xx_hal_pcd.o
    0x08000af8   0x000000e6   Code   RO          629    i.HAL_PCD_EP_DB_Receive  stm32f1xx_hal_pcd.o
    0x08000bde   0x00000330   Code   RO          630    i.HAL_PCD_EP_DB_Transmit  stm32f1xx_hal_pcd.o
    0x08000f0e   0x00000034   Code   RO          631    i.HAL_PCD_EP_Flush  stm32f1xx_hal_pcd.o
    0x08000f42   0x00000012   Code   RO          632    i.HAL_PCD_EP_GetRxCount  stm32f1xx_hal_pcd.o
    0x08000f54   0x00000060   Code   RO          633    i.HAL_PCD_EP_Open   stm32f1xx_hal_pcd.o
    0x08000fb4   0x00000032   Code   RO          634    i.HAL_PCD_EP_Receive  stm32f1xx_hal_pcd.o
    0x08000fe6   0x00000072   Code   RO          635    i.HAL_PCD_EP_SetStall  stm32f1xx_hal_pcd.o
    0x08001058   0x00000034   Code   RO          636    i.HAL_PCD_EP_Transmit  stm32f1xx_hal_pcd.o
    0x0800108c   0x00000154   Code   RO          638    i.HAL_PCD_IRQHandler  stm32f1xx_hal_pcd.o
    0x080011e0   0x000000da   Code   RO          641    i.HAL_PCD_Init      stm32f1xx_hal_pcd.o
    0x080012ba   0x00000002   PAD
    0x080012bc   0x0000003c   Code   RO         4601    i.HAL_PCD_MspInit   usbd_conf.o
    0x080012f8   0x00000026   Code   RO         4602    i.HAL_PCD_ResetCallback  usbd_conf.o
    0x0800131e   0x00000008   Code   RO         4603    i.HAL_PCD_ResumeCallback  usbd_conf.o
    0x08001326   0x00000008   Code   RO         4604    i.HAL_PCD_SOFCallback  usbd_conf.o
    0x0800132e   0x00000028   Code   RO          647    i.HAL_PCD_SetAddress  stm32f1xx_hal_pcd.o
    0x08001356   0x0000000e   Code   RO         4605    i.HAL_PCD_SetupStageCallback  usbd_conf.o
    0x08001364   0x00000032   Code   RO          649    i.HAL_PCD_Start     stm32f1xx_hal_pcd.o
    0x08001396   0x00000002   PAD
    0x08001398   0x00000024   Code   RO         4606    i.HAL_PCD_SuspendCallback  usbd_conf.o
    0x080013bc   0x000000ec   Code   RO         1349    i.HAL_RCCEx_PeriphCLKConfig  stm32f1xx_hal_rcc_ex.o
    0x080014a8   0x0000012c   Code   RO         1246    i.HAL_RCC_ClockConfig  stm32f1xx_hal_rcc.o
    0x080015d4   0x00000020   Code   RO         1253    i.HAL_RCC_GetPCLK1Freq  stm32f1xx_hal_rcc.o
    0x080015f4   0x00000020   Code   RO         1254    i.HAL_RCC_GetPCLK2Freq  stm32f1xx_hal_rcc.o
    0x08001614   0x0000006c   Code   RO         1255    i.HAL_RCC_GetSysClockFreq  stm32f1xx_hal_rcc.o
    0x08001680   0x00000320   Code   RO         1258    i.HAL_RCC_OscConfig  stm32f1xx_hal_rcc.o
    0x080019a0   0x000000b2   Code   RO         2057    i.HAL_SPI_Init      stm32f1xx_hal_spi.o
    0x08001a52   0x00000002   PAD
    0x08001a54   0x0000010c   Code   RO          369    i.HAL_SPI_MspInit   spi.o
    0x08001b60   0x0000015a   Code   RO         2060    i.HAL_SPI_Receive   stm32f1xx_hal_spi.o
    0x08001cba   0x00000166   Code   RO         2065    i.HAL_SPI_Transmit  stm32f1xx_hal_spi.o
    0x08001e20   0x000001e2   Code   RO         2066    i.HAL_SPI_TransmitReceive  stm32f1xx_hal_spi.o
    0x08002002   0x00000028   Code   RO         1557    i.HAL_SYSTICK_Config  stm32f1xx_hal_cortex.o
    0x0800202a   0x00000062   Code   RO         2433    i.HAL_UART_Init     stm32f1xx_hal_uart.o
    0x0800208c   0x00000070   Code   RO          417    i.HAL_UART_MspInit  usart.o
    0x080020fc   0x00000002   Code   RO          470    i.HardFault_Handler  stm32f1xx_it.o
    0x080020fe   0x00000002   PAD
    0x08002100   0x00000038   Code   RO         4437    i.IntToUnicode      usbd_desc.o
    0x08002138   0x00000008   Code   RO          276    i.LED_FLASH         freertos.o
    0x08002140   0x00000044   Code   RO         5153    i.MSC_BOT_Abort     usbd_msc_bot.o
    0x08002184   0x000000c0   Code   RO         5154    i.MSC_BOT_CBW_Decode  usbd_msc_bot.o
    0x08002244   0x0000002a   Code   RO         5155    i.MSC_BOT_CplClrFeature  usbd_msc_bot.o
    0x0800226e   0x0000003c   Code   RO         5156    i.MSC_BOT_DataIn    usbd_msc_bot.o
    0x080022aa   0x0000003c   Code   RO         5157    i.MSC_BOT_DataOut   usbd_msc_bot.o
    0x080022e6   0x0000000a   Code   RO         5158    i.MSC_BOT_DeInit    usbd_msc_bot.o
    0x080022f0   0x00000048   Code   RO         5159    i.MSC_BOT_Init      usbd_msc_bot.o
    0x08002338   0x0000001a   Code   RO         5160    i.MSC_BOT_Reset     usbd_msc_bot.o
    0x08002352   0x00000002   PAD
    0x08002354   0x00000040   Code   RO         5161    i.MSC_BOT_SendCSW   usbd_msc_bot.o
    0x08002394   0x0000003c   Code   RO          344    i.MX_DMA_Init       dma.o
    0x080023d0   0x0000001c   Code   RO         5379    i.MX_FATFS_Init     fatfs.o
    0x080023ec   0x00000088   Code   RO          277    i.MX_FREERTOS_Init  freertos.o
    0x08002474   0x00000128   Code   RO          249    i.MX_GPIO_Init      gpio.o
    0x0800259c   0x0000004c   Code   RO          370    i.MX_SPI1_Init      spi.o
    0x080025e8   0x00000048   Code   RO          371    i.MX_SPI2_Init      spi.o
    0x08002630   0x00000038   Code   RO          418    i.MX_USART1_UART_Init  usart.o
    0x08002668   0x00000054   Code   RO         4382    i.MX_USB_DEVICE_Init  usb_device.o
    0x080026bc   0x00000002   Code   RO          471    i.MemManage_Handler  stm32f1xx_it.o
    0x080026be   0x00000002   Code   RO          472    i.NMI_Handler       stm32f1xx_it.o
    0x080026c0   0x00000314   Code   RO          653    i.PCD_EP_ISR_Handler  stm32f1xx_hal_pcd.o
    0x080029d4   0x00000024   Code   RO         5249    i.SCSI_CheckAddressRange  usbd_msc_scsi.o
    0x080029f8   0x000001dc   Code   RO         5250    i.SCSI_ProcessCmd   usbd_msc_scsi.o
    0x08002bd4   0x0000008a   Code   RO         5251    i.SCSI_ProcessRead  usbd_msc_scsi.o
    0x08002c5e   0x00000096   Code   RO         5252    i.SCSI_ProcessWrite  usbd_msc_scsi.o
    0x08002cf4   0x00000092   Code   RO         5253    i.SCSI_Read10       usbd_msc_scsi.o
    0x08002d86   0x0000005c   Code   RO         5254    i.SCSI_ReadCapacity10  usbd_msc_scsi.o
    0x08002de2   0x0000006e   Code   RO         5255    i.SCSI_ReadFormatCapacity  usbd_msc_scsi.o
    0x08002e50   0x00000040   Code   RO         5256    i.SCSI_SenseCode    usbd_msc_scsi.o
    0x08002e90   0x000000b6   Code   RO         5257    i.SCSI_Write10      usbd_msc_scsi.o
    0x08002f46   0x0000005c   Code   RO         2094    i.SPI_EndRxTransaction  stm32f1xx_hal_spi.o
    0x08002fa2   0x00000020   Code   RO         2095    i.SPI_EndRxTxTransaction  stm32f1xx_hal_spi.o
    0x08002fc2   0x00000002   PAD
    0x08002fc4   0x00000074   Code   RO         4294    i.SPI_Flash_Read    w25q16.o
    0x08003038   0x000000b8   Code   RO         2100    i.SPI_WaitFlagStateUntilTimeout  stm32f1xx_hal_spi.o
    0x080030f0   0x0000000e   Code   RO         4532    i.STORAGE_GetCapacity_FS  usbd_storage_if.o
    0x080030fe   0x00000004   Code   RO         4533    i.STORAGE_GetMaxLun_FS  usbd_storage_if.o
    0x08003102   0x00000004   Code   RO         4534    i.STORAGE_Init_FS   usbd_storage_if.o
    0x08003106   0x00000004   Code   RO         4535    i.STORAGE_IsReady_FS  usbd_storage_if.o
    0x0800310a   0x00000004   Code   RO         4536    i.STORAGE_IsWriteProtected_FS  usbd_storage_if.o
    0x0800310e   0x00000016   Code   RO         4537    i.STORAGE_Read_FS   usbd_storage_if.o
    0x08003124   0x0000001c   Code   RO         4538    i.STORAGE_Write_FS  usbd_storage_if.o
    0x08003140   0x0000000c   Code   RO          278    i.StartDefaultTask  freertos.o
    0x0800314c   0x00000018   Code   RO          473    i.SysTick_Handler   stm32f1xx_it.o
    0x08003164   0x00000078   Code   RO            5    i.SystemClock_Config  main.o
    0x080031dc   0x00000002   Code   RO         2769    i.SystemInit        system_stm32f1xx.o
    0x080031de   0x00000002   PAD
    0x080031e0   0x000000b8   Code   RO         2459    i.UART_SetConfig    stm32f1xx_hal_uart.o
    0x08003298   0x0000000e   Code   RO         4805    i.USBD_ClrClassConfig  usbd_core.o
    0x080032a6   0x00000010   Code   RO         5008    i.USBD_CtlContinueRx  usbd_ioreq.o
    0x080032b6   0x00000010   Code   RO         5009    i.USBD_CtlContinueSendData  usbd_ioreq.o
    0x080032c6   0x00000016   Code   RO         4943    i.USBD_CtlError     usbd_ctlreq.o
    0x080032dc   0x00000016   Code   RO         5011    i.USBD_CtlReceiveStatus  usbd_ioreq.o
    0x080032f2   0x0000001a   Code   RO         5012    i.USBD_CtlSendData  usbd_ioreq.o
    0x0800330c   0x00000016   Code   RO         5013    i.USBD_CtlSendStatus  usbd_ioreq.o
    0x08003322   0x00000002   PAD
    0x08003324   0x00000020   Code   RO         4438    i.USBD_FS_ConfigStrDescriptor  usbd_desc.o
    0x08003344   0x0000000c   Code   RO         4439    i.USBD_FS_DeviceDescriptor  usbd_desc.o
    0x08003350   0x00000024   Code   RO         4440    i.USBD_FS_InterfaceStrDescriptor  usbd_desc.o
    0x08003374   0x0000000c   Code   RO         4441    i.USBD_FS_LangIDStrDescriptor  usbd_desc.o
    0x08003380   0x00000028   Code   RO         4442    i.USBD_FS_ManufacturerStrDescriptor  usbd_desc.o
    0x080033a8   0x00000028   Code   RO         4443    i.USBD_FS_ProductStrDescriptor  usbd_desc.o
    0x080033d0   0x00000038   Code   RO         4444    i.USBD_FS_SerialStrDescriptor  usbd_desc.o
    0x08003408   0x000000e8   Code   RO         4944    i.USBD_GetDescriptor  usbd_ctlreq.o
    0x080034f0   0x00000048   Code   RO         4945    i.USBD_GetString    usbd_ctlreq.o
    0x08003538   0x00000018   Code   RO         4607    i.USBD_Get_USB_Status  usbd_conf.o
    0x08003550   0x0000002a   Code   RO         4807    i.USBD_Init         usbd_core.o
    0x0800357a   0x00000012   Code   RO         4608    i.USBD_LL_ClearStallEP  usbd_conf.o
    0x0800358c   0x00000012   Code   RO         4609    i.USBD_LL_CloseEP   usbd_conf.o
    0x0800359e   0x000000c6   Code   RO         4808    i.USBD_LL_DataInStage  usbd_core.o
    0x08003664   0x00000082   Code   RO         4809    i.USBD_LL_DataOutStage  usbd_core.o
    0x080036e6   0x00000012   Code   RO         4612    i.USBD_LL_FlushEP   usbd_conf.o
    0x080036f8   0x00000008   Code   RO         4613    i.USBD_LL_GetRxDataSize  usbd_conf.o
    0x08003700   0x00000070   Code   RO         4614    i.USBD_LL_Init      usbd_conf.o
    0x08003770   0x00000020   Code   RO         4615    i.USBD_LL_IsStallEP  usbd_conf.o
    0x08003790   0x00000018   Code   RO         4616    i.USBD_LL_OpenEP    usbd_conf.o
    0x080037a8   0x00000012   Code   RO         4617    i.USBD_LL_PrepareReceive  usbd_conf.o
    0x080037ba   0x00000050   Code   RO         4814    i.USBD_LL_Reset     usbd_core.o
    0x0800380a   0x00000014   Code   RO         4815    i.USBD_LL_Resume    usbd_core.o
    0x0800381e   0x00000018   Code   RO         4816    i.USBD_LL_SOF       usbd_core.o
    0x08003836   0x00000006   Code   RO         4817    i.USBD_LL_SetSpeed  usbd_core.o
    0x0800383c   0x00000012   Code   RO         4618    i.USBD_LL_SetUSBAddress  usbd_conf.o
    0x0800384e   0x0000005a   Code   RO         4818    i.USBD_LL_SetupStage  usbd_core.o
    0x080038a8   0x00000012   Code   RO         4619    i.USBD_LL_StallEP   usbd_conf.o
    0x080038ba   0x00000012   Code   RO         4620    i.USBD_LL_Start     usbd_conf.o
    0x080038cc   0x00000012   Code   RO         4819    i.USBD_LL_Suspend   usbd_core.o
    0x080038de   0x00000012   Code   RO         4622    i.USBD_LL_Transmit  usbd_conf.o
    0x080038f0   0x0000000a   Code   RO         5068    i.USBD_MSC_DataIn   usbd_msc.o
    0x080038fa   0x0000000a   Code   RO         5069    i.USBD_MSC_DataOut  usbd_msc.o
    0x08003904   0x00000032   Code   RO         5070    i.USBD_MSC_DeInit   usbd_msc.o
    0x08003936   0x00000002   PAD
    0x08003938   0x0000000c   Code   RO         5071    i.USBD_MSC_GetDeviceQualifierDescriptor  usbd_msc.o
    0x08003944   0x0000000c   Code   RO         5072    i.USBD_MSC_GetFSCfgDesc  usbd_msc.o
    0x08003950   0x0000000c   Code   RO         5073    i.USBD_MSC_GetHSCfgDesc  usbd_msc.o
    0x0800395c   0x0000000c   Code   RO         5074    i.USBD_MSC_GetOtherSpeedCfgDesc  usbd_msc.o
    0x08003968   0x0000005c   Code   RO         5075    i.USBD_MSC_Init     usbd_msc.o
    0x080039c4   0x0000000a   Code   RO         5076    i.USBD_MSC_RegisterStorage  usbd_msc.o
    0x080039ce   0x00000116   Code   RO         5077    i.USBD_MSC_Setup    usbd_msc.o
    0x08003ae4   0x00000028   Code   RO         4946    i.USBD_ParseSetupRequest  usbd_ctlreq.o
    0x08003b0c   0x00000010   Code   RO         4820    i.USBD_RegisterClass  usbd_core.o
    0x08003b1c   0x00000016   Code   RO         4822    i.USBD_SetClassConfig  usbd_core.o
    0x08003b32   0x00000002   PAD
    0x08003b34   0x00000084   Code   RO         4947    i.USBD_SetConfig    usbd_ctlreq.o
    0x08003bb8   0x0000000a   Code   RO         4823    i.USBD_Start        usbd_core.o
    0x08003bc2   0x00000112   Code   RO         4948    i.USBD_StdDevReq    usbd_ctlreq.o
    0x08003cd4   0x00000150   Code   RO         4949    i.USBD_StdEPReq     usbd_ctlreq.o
    0x08003e24   0x0000004e   Code   RO         4950    i.USBD_StdItfReq    usbd_ctlreq.o
    0x08003e72   0x00000002   Code   RO         4623    i.USBD_static_free  usbd_conf.o
    0x08003e74   0x00000008   Code   RO         4624    i.USBD_static_malloc  usbd_conf.o
    0x08003e7c   0x00000258   Code   RO          891    i.USB_ActivateEndpoint  stm32f1xx_ll_usb.o
    0x080040d4   0x00000004   Code   RO          894    i.USB_CoreInit      stm32f1xx_ll_usb.o
    0x080040d8   0x0000010e   Code   RO          896    i.USB_DeactivateEndpoint  stm32f1xx_ll_usb.o
    0x080041e6   0x00000004   Code   RO          897    i.USB_DevConnect    stm32f1xx_ll_usb.o
    0x080041ea   0x00000004   Code   RO          898    i.USB_DevDisconnect  stm32f1xx_ll_usb.o
    0x080041ee   0x00000012   Code   RO          899    i.USB_DevInit       stm32f1xx_ll_usb.o
    0x08004200   0x0000000e   Code   RO          900    i.USB_DisableGlobalInt  stm32f1xx_ll_usb.o
    0x0800420e   0x00000004   Code   RO          901    i.USB_EP0_OutStart  stm32f1xx_ll_usb.o
    0x08004212   0x00000078   Code   RO          902    i.USB_EPClearStall  stm32f1xx_ll_usb.o
    0x0800428a   0x00000032   Code   RO          903    i.USB_EPSetStall    stm32f1xx_ll_usb.o
    0x080042bc   0x0000060c   Code   RO          904    i.USB_EPStartXfer   stm32f1xx_ll_usb.o
    0x080048c8   0x00000012   Code   RO          905    i.USB_EnableGlobalInt  stm32f1xx_ll_usb.o
    0x080048da   0x00000004   Code   RO          906    i.USB_FlushRxFifo   stm32f1xx_ll_usb.o
    0x080048de   0x00000004   Code   RO          907    i.USB_FlushTxFifo   stm32f1xx_ll_usb.o
    0x080048e2   0x00000002   PAD
    0x080048e4   0x0000000c   Code   RO          474    i.USB_LP_CAN1_RX0_IRQHandler  stm32f1xx_it.o
    0x080048f0   0x00000006   Code   RO          912    i.USB_ReadInterrupts  stm32f1xx_ll_usb.o
    0x080048f6   0x00000002   PAD
    0x080048f8   0x0000002c   Code   RO          913    i.USB_ReadPMA       stm32f1xx_ll_usb.o
    0x08004924   0x00000004   Code   RO          914    i.USB_SetCurrentMode  stm32f1xx_ll_usb.o
    0x08004928   0x0000000c   Code   RO          915    i.USB_SetDevAddress  stm32f1xx_ll_usb.o
    0x08004934   0x00000026   Code   RO          917    i.USB_WritePMA      stm32f1xx_ll_usb.o
    0x0800495a   0x00000002   PAD
    0x0800495c   0x00000010   Code   RO         5318    i.USER_initialize   user_diskio.o
    0x0800496c   0x00000004   Code   RO         5319    i.USER_ioctl        user_diskio.o
    0x08004970   0x00000004   Code   RO         5320    i.USER_read         user_diskio.o
    0x08004974   0x00000010   Code   RO         5321    i.USER_status       user_diskio.o
    0x08004984   0x00000004   Code   RO         5322    i.USER_write        user_diskio.o
    0x08004988   0x00000002   Code   RO          475    i.UsageFault_Handler  stm32f1xx_it.o
    0x0800498a   0x00000002   PAD
    0x0800498c   0x00000050   Code   RO         4297    i.W25Q16_ReadStatus  w25q16.o
    0x080049dc   0x000000a0   Code   RO         4298    i.W25Q16_WRITE      w25q16.o
    0x08004a7c   0x0000003c   Code   RO         4303    i.WriteEnable       w25q16.o
    0x08004ab8   0x00000020   Code   RO         1559    i.__NVIC_SetPriority  stm32f1xx_hal_cortex.o
    0x08004ad8   0x0000000e   Code   RO         6214    i.__scatterload_copy  mc_w.l(handlers.o)
    0x08004ae6   0x00000002   Code   RO         6215    i.__scatterload_null  mc_w.l(handlers.o)
    0x08004ae8   0x0000000e   Code   RO         6216    i.__scatterload_zeroinit  mc_w.l(handlers.o)
    0x08004af6   0x00000036   Code   RO            6    i.main              main.o
    0x08004b2c   0x0000000c   Code   RO         3565    i.makeFreeRtosPriority  cmsis_os.o
    0x08004b38   0x0000000e   Code   RO         3567    i.osDelay           cmsis_os.o
    0x08004b46   0x0000000a   Code   RO         3570    i.osKernelStart     cmsis_os.o
    0x08004b50   0x00000054   Code   RO         3604    i.osThreadCreate    cmsis_os.o
    0x08004ba4   0x00000070   Code   RO         3262    i.prvAddCurrentTaskToDelayedList  tasks.o
    0x08004c14   0x000000d0   Code   RO         3263    i.prvAddNewTaskToReadyList  tasks.o
    0x08004ce4   0x0000006c   Code   RO         2948    i.prvCopyDataToQueue  queue.o
    0x08004d50   0x00000034   Code   RO         3264    i.prvDeleteTCB      tasks.o
    0x08004d84   0x00000048   Code   RO         3932    i.prvHeapInit       heap_4.o
    0x08004dcc   0x00000060   Code   RO         3265    i.prvIdleTask       tasks.o
    0x08004e2c   0x00000016   Code   RO         2949    i.prvInitialiseMutex  queue.o
    0x08004e42   0x00000016   Code   RO         2950    i.prvInitialiseNewQueue  queue.o
    0x08004e58   0x0000008e   Code   RO         3266    i.prvInitialiseNewTask  tasks.o
    0x08004ee6   0x00000002   PAD
    0x08004ee8   0x0000004c   Code   RO         3933    i.prvInsertBlockIntoFreeList  heap_4.o
    0x08004f34   0x00000020   Code   RO         3267    i.prvResetNextTaskUnblockTime  tasks.o
    0x08004f54   0x00000028   Code   RO         3994    i.prvTaskExitError  port.o
    0x08004f7c   0x0000006a   Code   RO         2952    i.prvUnlockQueue    queue.o
    0x08004fe6   0x00000002   PAD
    0x08004fe8   0x000000d8   Code   RO         3934    i.pvPortMalloc      heap_4.o
    0x080050c0   0x00000024   Code   RO         3995    i.pxPortInitialiseStack  port.o
    0x080050e4   0x00000026   Code   RO         2907    i.uxListRemove      list.o
    0x0800510a   0x00000002   PAD
    0x0800510c   0x00000014   Code   RO          279    i.vApplicationGetIdleTaskMemory  freertos.o
    0x08005120   0x00000016   Code   RO         2908    i.vListInitialise   list.o
    0x08005136   0x00000006   Code   RO         2909    i.vListInitialiseItem  list.o
    0x0800513c   0x00000030   Code   RO         2910    i.vListInsert       list.o
    0x0800516c   0x00000018   Code   RO         2911    i.vListInsertEnd    list.o
    0x08005184   0x00000040   Code   RO         3997    i.vPortEnterCritical  port.o
    0x080051c4   0x00000028   Code   RO         3998    i.vPortExitCritical  port.o
    0x080051ec   0x0000005c   Code   RO         3935    i.vPortFree         heap_4.o
    0x08005248   0x00000024   Code   RO         3999    i.vPortSetupTimerInterrupt  port.o
    0x0800526c   0x00000054   Code   RO         4000    i.vPortValidateInterruptPriority  port.o
    0x080052c0   0x0000004c   Code   RO         3275    i.vTaskDelay        tasks.o
    0x0800530c   0x00000010   Code   RO         3278    i.vTaskInternalSetTimeOutState  tasks.o
    0x0800531c   0x0000000c   Code   RO         3279    i.vTaskMissedYield  tasks.o
    0x08005328   0x00000030   Code   RO         3281    i.vTaskPlaceOnEventList  tasks.o
    0x08005358   0x0000006c   Code   RO         3288    i.vTaskStartScheduler  tasks.o
    0x080053c4   0x00000010   Code   RO         3290    i.vTaskSuspendAll   tasks.o
    0x080053d4   0x0000005c   Code   RO         3291    i.vTaskSwitchContext  tasks.o
    0x08005430   0x000000a8   Code   RO         4001    i.xPortStartScheduler  port.o
    0x080054d8   0x0000002c   Code   RO         4002    i.xPortSysTickHandler  port.o
    0x08005504   0x00000016   Code   RO         2959    i.xQueueCreateMutex  queue.o
    0x0800551a   0x00000048   Code   RO         2961    i.xQueueGenericCreate  queue.o
    0x08005562   0x00000002   PAD
    0x08005564   0x00000088   Code   RO         2963    i.xQueueGenericReset  queue.o
    0x080055ec   0x00000160   Code   RO         2964    i.xQueueGenericSend  queue.o
    0x0800574c   0x0000009c   Code   RO         2966    i.xQueueGiveFromISR  queue.o
    0x080057e8   0x00000074   Code   RO         3292    i.xTaskCheckForTimeOut  tasks.o
    0x0800585c   0x0000005a   Code   RO         3293    i.xTaskCreate       tasks.o
    0x080058b6   0x00000056   Code   RO         3294    i.xTaskCreateStatic  tasks.o
    0x0800590c   0x0000001c   Code   RO         3298    i.xTaskGetSchedulerState  tasks.o
    0x08005928   0x000000c8   Code   RO         3301    i.xTaskIncrementTick  tasks.o
    0x080059f0   0x00000098   Code   RO         3304    i.xTaskPriorityDisinherit  tasks.o
    0x08005a88   0x00000074   Code   RO         3306    i.xTaskRemoveFromEventList  tasks.o
    0x08005afc   0x000000c4   Code   RO         3307    i.xTaskResumeAll    tasks.o
    0x08005bc0   0x00000038   Data   RO          281    .constdata          freertos.o
    0x08005bf8   0x00000010   Data   RO         2770    .constdata          system_stm32f1xx.o
    0x08005c08   0x00000008   Data   RO         2771    .constdata          system_stm32f1xx.o
    0x08005c10   0x00000024   Data   RO         4539    .constdata          usbd_storage_if.o
    0x08005c34   0x00000007   Data   RO         5223    .constdata          usbd_msc_data.o
    0x08005c3b   0x00000008   Data   RO         5224    .constdata          usbd_msc_data.o
    0x08005c43   0x00000008   Data   RO         5225    .constdata          usbd_msc_data.o
    0x08005c4b   0x00000001   PAD
    0x08005c4c   0x00000010   Data   RO          282    .conststring        freertos.o
    0x08005c5c   0x00000020   Data   RO         6212    Region$$Table       anon$$obj.o


    Execution Region RW_IRAM1 (Base: 0x20000000, Size: 0x00003ac0, Max: 0x00010000, ABSOLUTE, COMPRESSED[0x000000c8])

    Base Addr    Size         Type   Attr      Idx    E Section Name        Object

    0x20000000   0x00000008   Data   RW          283    .data               freertos.o
    0x20000008   0x0000000c   Data   RW         1096    .data               stm32f1xx_hal.o
    0x20000014   0x00000004   Data   RW         2772    .data               system_stm32f1xx.o
    0x20000018   0x0000003c   Data   RW         3310    .data               tasks.o
    0x20000054   0x00000018   Data   RW         3940    .data               heap_4.o
    0x2000006c   0x0000000c   Data   RW         4003    .data               port.o
    0x20000078   0x00000008   Data   RW         4075    .data               button.o
    0x20000080   0x00000004   Data   RW         4076    .data               button.o
    0x20000084   0x00000014   Data   RW         4251    .data               lcd_task.o
    0x20000098   0x00000008   Data   RW         4304    .data               w25q16.o
    0x200000a0   0x0000001c   Data   RW         4446    .data               usbd_desc.o
    0x200000bc   0x00000032   Data   RW         4447    .data               usbd_desc.o
    0x200000ee   0x00000002   PAD
    0x200000f0   0x00000020   Data   RW         4540    .data               usbd_storage_if.o
    0x20000110   0x00000001   Data   RW         4951    .data               usbd_ctlreq.o
    0x20000111   0x00000003   PAD
    0x20000114   0x00000038   Data   RW         5078    .data               usbd_msc.o
    0x2000014c   0x0000006a   Data   RW         5079    .data               usbd_msc.o
    0x200001b6   0x00000001   Data   RW         5323    .data               user_diskio.o
    0x200001b7   0x00000001   PAD
    0x200001b8   0x00000014   Data   RW         5324    .data               user_diskio.o
    0x200001cc   0x00000005   Data   RW         5383    .data               fatfs.o
    0x200001d1   0x00000003   PAD
    0x200001d4   0x00000254   Zero   RW          280    .bss                freertos.o
    0x20000428   0x00000138   Zero   RW          372    .bss                spi.o
    0x20000560   0x00000044   Zero   RW          420    .bss                usart.o
    0x200005a4   0x000000f0   Zero   RW         3309    .bss                tasks.o
    0x20000694   0x00000bff   Zero   RW         3939    .bss                heap_4.o
    0x20001293   0x00000001   PAD
    0x20001294   0x000002c4   Zero   RW         4383    .bss                usb_device.o
    0x20001558   0x00000200   Zero   RW         4445    .bss                usbd_desc.o
    0x20001758   0x0000135c   Zero   RW         4625    .bss                usbd_conf.o
    0x20002ab4   0x0000000c   Zero   RW         5806    .bss                ff_gen_drv.o
    0x20002ac0   0x00001000   Zero   RW         2758    STACK               startup_stm32f10x_hd.o


==============================================================================

Image component sizes


      Code (inc. data)   RO Data    RW Data    ZI Data      Debug   Object Name

        24          4          0         12          0       5341   button.o
       120          0          0          0          0      22361   cmsis_os.o
        60          4          0          0          0        762   dma.o
         0          0          0          0          0      18192   event_groups.o
        28         10          0          5          0       3898   fatfs.o
        70          4          0          0         12       1579   ff_gen_drv.o
       176         26         72          8        596       3211   freertos.o
       296         24          0          0          0       1015   gpio.o
       456         22          0         24       3071       7227   heap_4.o
         0          0          0         20          0       1226   lcd_task.o
       138          0          0          0          0       3390   list.o
       178          0          0          0          0     513516   main.o
       662         70          0         12          0      11149   port.o
       996         10          0          0          0      10687   queue.o
       416         48          0          0        312       2516   spi.o
        36          8        304          0       4096        800   startup_stm32f10x_hd.o
       164         28          0         12          0       6497   stm32f1xx_hal.o
       198         14          0          0          0      28939   stm32f1xx_hal_cortex.o
       708         44          0          0          0       2060   stm32f1xx_hal_dma.o
       538         48          0          0          0       3491   stm32f1xx_hal_gpio.o
        72         10          0          0          0        866   stm32f1xx_hal_msp.o
      3032          0          0          0          0      14592   stm32f1xx_hal_pcd.o
        60          0          0          0          0       1174   stm32f1xx_hal_pcd_ex.o
      1272        100          0          0          0       5192   stm32f1xx_hal_rcc.o
       236         12          0          0          0       1380   stm32f1xx_hal_rcc_ex.o
      1672          4          0          0          0       8138   stm32f1xx_hal_spi.o
       282          6          0          0          0       1872   stm32f1xx_hal_uart.o
        84         18          0          0          0       5296   stm32f1xx_it.o
      2766          0          0          0          0      17607   stm32f1xx_ll_usb.o
         0          0          0          0          0        392   stream_buffer.o
         2          0         24          4          0       1115   system_stm32f1xx.o
      1994        148          0         60        240      21482   tasks.o
       168         20          0          0         68       1738   usart.o
        84         18          0          0        708       6005   usb_device.o
       558         28          0          0       4956      14787   usbd_conf.o
       670          0          0          0          0       9451   usbd_core.o
      1186         28          0          1          0       7904   usbd_ctlreq.o
       284        100          0         78        512       5905   usbd_desc.o
       102          0          0          0          0       3644   usbd_ioreq.o
       498         16          0        162          0       9224   usbd_msc.o
       594          8          0          0          0       7069   usbd_msc_bot.o
         0          0         23          0          0        885   usbd_msc_data.o
      1394         14          0          0          0      10087   usbd_msc_scsi.o
        80          0         36         32          0       4463   usbd_storage_if.o
        44         12          0         21          0       3112   user_diskio.o
       496         56          0          8          0       3898   w25q16.o

    ----------------------------------------------------------------------
     22938        962        492        468      14572     815135   Object Totals
         0          0         32          0          0          0   (incl. Generated)
        44          0          1          9          1          0   (incl. Padding)

    ----------------------------------------------------------------------

      Code (inc. data)   RO Data    RW Data    ZI Data      Debug   Library Member Name

        86          0          0          0          0          0   __dczerorl2.o
         0          0          0          0          0          0   entry.o
         0          0          0          0          0          0   entry10a.o
         0          0          0          0          0          0   entry11a.o
         8          4          0          0          0          0   entry2.o
         4          0          0          0          0          0   entry5.o
         0          0          0          0          0          0   entry7b.o
         0          0          0          0          0          0   entry8b.o
         8          4          0          0          0          0   entry9a.o
        30          0          0          0          0          0   handlers.o
        36          8          0          0          0         68   init.o
        36          0          0          0          0         68   memcpya.o
        36          0          0          0          0        108   memseta.o

    ----------------------------------------------------------------------
       246         16          0          0          0        244   Library Totals
         2          0          0          0          0          0   (incl. Padding)

    ----------------------------------------------------------------------

      Code (inc. data)   RO Data    RW Data    ZI Data      Debug   Library Name

       244         16          0          0          0        244   mc_w.l

    ----------------------------------------------------------------------
       246         16          0          0          0        244   Library Totals

    ----------------------------------------------------------------------

==============================================================================


      Code (inc. data)   RO Data    RW Data    ZI Data      Debug   

     23184        978        492        468      14572     802663   Grand Totals
     23184        978        492        200      14572     802663   ELF Image Totals (compressed)
     23184        978        492        200          0          0   ROM Totals

==============================================================================

    Total RO  Size (Code + RO Data)                23676 (  23.12kB)
    Total RW  Size (RW Data + ZI Data)             15040 (  14.69kB)
    Total ROM Size (Code + RO Data + RW Data)      23876 (  23.32kB)

==============================================================================

