Component: ARM Compiler 5.06 update 1 (build 61) Tool: armlink [4d35a8]

==============================================================================

Section Cross References

    main.o(i.SystemClock_Config) refers to rt_memclr_w.o(.text) for __aeabi_memclr4
    main.o(i.SystemClock_Config) refers to stm32f1xx_hal_rcc.o(i.HAL_RCC_OscConfig) for HAL_RCC_OscConfig
    main.o(i.SystemClock_Config) refers to stm32f1xx_hal_rcc.o(i.HAL_RCC_ClockConfig) for HAL_RCC_ClockConfig
    main.o(i.main) refers to stm32f1xx_hal.o(i.HAL_Init) for HAL_Init
    main.o(i.main) refers to main.o(i.SystemClock_Config) for SystemClock_Config
    main.o(i.main) refers to gpio.o(i.MX_GPIO_Init) for MX_GPIO_Init
    main.o(i.main) refers to spi.o(i.MX_SPI1_Init) for MX_SPI1_Init
    main.o(i.main) refers to dma.o(i.MX_DMA_Init) for MX_DMA_Init
    main.o(i.main) refers to st7735s.o(i.lcd_init) for lcd_init
    main.o(i.main) refers to freertos.o(i.MX_FREERTOS_Init) for MX_FREERTOS_Init
    main.o(i.main) refers to cmsis_os.o(i.osKernelStart) for osKernelStart
    gpio.o(i.MX_GPIO_Init) refers to stm32f1xx_hal_gpio.o(i.HAL_GPIO_WritePin) for HAL_GPIO_WritePin
    gpio.o(i.MX_GPIO_Init) refers to stm32f1xx_hal_gpio.o(i.HAL_GPIO_Init) for HAL_GPIO_Init
    gpio.o(i.MX_GPIO_Init) refers to stm32f1xx_hal_cortex.o(i.HAL_NVIC_SetPriority) for HAL_NVIC_SetPriority
    gpio.o(i.MX_GPIO_Init) refers to stm32f1xx_hal_cortex.o(i.HAL_NVIC_EnableIRQ) for HAL_NVIC_EnableIRQ
    freertos.o(i.LED_FLASH) refers to cmsis_os.o(i.osDelay) for osDelay
    freertos.o(i.MX_FREERTOS_Init) refers to queue.o(i.xQueueGenericCreate) for xQueueGenericCreate
    freertos.o(i.MX_FREERTOS_Init) refers to queue.o(i.xQueueGenericSend) for xQueueGenericSend
    freertos.o(i.MX_FREERTOS_Init) refers to queue.o(i.xQueueCreateMutex) for xQueueCreateMutex
    freertos.o(i.MX_FREERTOS_Init) refers to rt_memcpy_w.o(.text) for __aeabi_memcpy4
    freertos.o(i.MX_FREERTOS_Init) refers to cmsis_os.o(i.osThreadCreate) for osThreadCreate
    freertos.o(i.MX_FREERTOS_Init) refers to button.o(.data) for KEY_1_Handle
    freertos.o(i.MX_FREERTOS_Init) refers to button.o(.data) for KEY_2_Handle
    freertos.o(i.MX_FREERTOS_Init) refers to lcd_task.o(.data) for LCD_Handle
    freertos.o(i.MX_FREERTOS_Init) refers to freertos.o(.constdata) for .constdata
    freertos.o(i.MX_FREERTOS_Init) refers to freertos.o(.data) for .data
    freertos.o(i.StartDefaultTask) refers to cmsis_os.o(i.osDelay) for osDelay
    freertos.o(i.vApplicationGetIdleTaskMemory) refers to freertos.o(.bss) for .bss
    freertos.o(.constdata) refers to freertos.o(.conststring) for .conststring
    freertos.o(.constdata) refers to freertos.o(i.StartDefaultTask) for StartDefaultTask
    freertos.o(.constdata) refers to led.o(i.LED_FLASH_TASK) for LED_FLASH_TASK
    freertos.o(.constdata) refers to lcd_task.o(i.LCD_FLUSH_Task) for LCD_FLUSH_Task
    freertos.o(.constdata) refers to button.o(i.Button_detect_TASK) for Button_detect_TASK
    freertos.o(.constdata) refers to lcd_task.o(i.trends_word_task) for trends_word_task
    freertos.o(.constdata) refers to lcd_task.o(i.trends_gemetry_task) for trends_gemetry_task
    dma.o(i.MX_DMA_Init) refers to stm32f1xx_hal_cortex.o(i.HAL_NVIC_SetPriority) for HAL_NVIC_SetPriority
    dma.o(i.MX_DMA_Init) refers to stm32f1xx_hal_cortex.o(i.HAL_NVIC_EnableIRQ) for HAL_NVIC_EnableIRQ
    spi.o(i.HAL_SPI_MspDeInit) refers to stm32f1xx_hal_gpio.o(i.HAL_GPIO_DeInit) for HAL_GPIO_DeInit
    spi.o(i.HAL_SPI_MspDeInit) refers to stm32f1xx_hal_dma.o(i.HAL_DMA_DeInit) for HAL_DMA_DeInit
    spi.o(i.HAL_SPI_MspInit) refers to stm32f1xx_hal_gpio.o(i.HAL_GPIO_Init) for HAL_GPIO_Init
    spi.o(i.HAL_SPI_MspInit) refers to stm32f1xx_hal_dma.o(i.HAL_DMA_Init) for HAL_DMA_Init
    spi.o(i.HAL_SPI_MspInit) refers to main.o(i.Error_Handler) for Error_Handler
    spi.o(i.HAL_SPI_MspInit) refers to spi.o(.bss) for .bss
    spi.o(i.MX_SPI1_Init) refers to stm32f1xx_hal_spi.o(i.HAL_SPI_Init) for HAL_SPI_Init
    spi.o(i.MX_SPI1_Init) refers to main.o(i.Error_Handler) for Error_Handler
    spi.o(i.MX_SPI1_Init) refers to spi.o(.bss) for .bss
    stm32f1xx_it.o(i.DMA1_Channel2_IRQHandler) refers to stm32f1xx_hal_dma.o(i.HAL_DMA_IRQHandler) for HAL_DMA_IRQHandler
    stm32f1xx_it.o(i.DMA1_Channel2_IRQHandler) refers to spi.o(.bss) for hdma_spi1_rx
    stm32f1xx_it.o(i.DMA1_Channel3_IRQHandler) refers to stm32f1xx_hal_dma.o(i.HAL_DMA_IRQHandler) for HAL_DMA_IRQHandler
    stm32f1xx_it.o(i.DMA1_Channel3_IRQHandler) refers to spi.o(.bss) for hdma_spi1_tx
    stm32f1xx_it.o(i.EXTI3_IRQHandler) refers to stm32f1xx_hal_gpio.o(i.HAL_GPIO_EXTI_IRQHandler) for HAL_GPIO_EXTI_IRQHandler
    stm32f1xx_it.o(i.EXTI4_IRQHandler) refers to stm32f1xx_hal_gpio.o(i.HAL_GPIO_EXTI_IRQHandler) for HAL_GPIO_EXTI_IRQHandler
    stm32f1xx_it.o(i.SysTick_Handler) refers to stm32f1xx_hal.o(i.HAL_IncTick) for HAL_IncTick
    stm32f1xx_it.o(i.SysTick_Handler) refers to tasks.o(i.xTaskGetSchedulerState) for xTaskGetSchedulerState
[...]
    ../clib/printf.c                         0x00000000   Number         0  _printf_dec.o ABSOLUTE
    ../clib/printf.c                         0x00000000   Number         0  __printf_ss.o ABSOLUTE
    ../clib/printf.c                         0x00000000   Number         0  __printf_flags_ss.o ABSOLUTE
    ../clib/printf.c                         0x00000000   Number         0  __printf_wp.o ABSOLUTE
    ../clib/printf.c                         0x00000000   Number         0  _sputc.o ABSOLUTE
    ../clib/printf.c                         0x00000000   Number         0  __printf_flags_wp.o ABSOLUTE
    ../clib/printf.c                         0x00000000   Number         0  _printf_char_common.o ABSOLUTE
    ../clib/printf.c                         0x00000000   Number         0  __printf_flags_ss_wp.o ABSOLUTE
    ../clib/printf.c                         0x00000000   Number         0  __printf_ss_wp.o ABSOLUTE
    ../clib/printf.c                         0x00000000   Number         0  __printf_nopercent.o ABSOLUTE
    ../clib/printf_percent.s                 0x00000000   Number         0  _printf_d.o ABSOLUTE
    ../clib/printf_percent.s                 0x00000000   Number         0  _printf_percent_end.o ABSOLUTE
    ../clib/printf_percent.s                 0x00000000   Number         0  _printf_percent.o ABSOLUTE
    ../clib/signal.c                         0x00000000   Number         0  defsig_fpe_inner.o ABSOLUTE
    ../clib/signal.c                         0x00000000   Number         0  __raise.o ABSOLUTE
    ../clib/signal.c                         0x00000000   Number         0  defsig_stak_inner.o ABSOLUTE
    ../clib/signal.c                         0x00000000   Number         0  defsig_pvfn_inner.o ABSOLUTE
    ../clib/signal.c                         0x00000000   Number         0  defsig_general.o ABSOLUTE
    ../clib/signal.c                         0x00000000   Number         0  defsig_cppl_inner.o ABSOLUTE
    ../clib/signal.c                         0x00000000   Number         0  defsig_rtmem_inner.o ABSOLUTE
    ../clib/signal.c                         0x00000000   Number         0  defsig_segv_inner.o ABSOLUTE
    ../clib/signal.c                         0x00000000   Number         0  defsig_rtmem_outer.o ABSOLUTE
    ../clib/signal.c                         0x00000000   Number         0  defsig_rtmem_formal.o ABSOLUTE
    ../clib/signal.c                         0x00000000   Number         0  defsig_rtred_inner.o ABSOLUTE
    ../clib/signal.c                         0x00000000   Number         0  defsig_other.o ABSOLUTE
    ../clib/signal.c                         0x00000000   Number         0  defsig_exit.o ABSOLUTE
    ../clib/signal.c                         0x00000000   Number         0  defsig_abrt_inner.o ABSOLUTE
    ../clib/signal.s                         0x00000000   Number         0  defsig.o ABSOLUTE
    ../clib/stdlib.c                         0x00000000   Number         0  exit.o ABSOLUTE
    ../fplib/fpinit.s                        0x00000000   Number         0  fpinit.o ABSOLUTE
    ..\Application\button.c                  0x00000000   Number         0  button.o ABSOLUTE
    ..\Application\led.c                     0x00000000   Number         0  led.o ABSOLUTE
    ..\Application\src\LCD_task.c            0x00000000   Number         0  lcd_task.o ABSOLUTE
    ..\Application\st7735s.c                 0x00000000   Number         0  st7735s.o ABSOLUTE
    ..\Core\Src\dma.c                        0x00000000   Number         0  dma.o ABSOLUTE
    ..\Core\Src\freertos.c                   0x00000000   Number         0  freertos.o ABSOLUTE
    ..\Core\Src\gpio.c                       0x00000000   Number         0  gpio.o ABSOLUTE
    ..\Core\Src\main.c                       0x00000000   Number         0  main.o ABSOLUTE
    ..\Core\Src\spi.c                        0x00000000   Number         0  spi.o ABSOLUTE
    ..\Core\Src\stm32f1xx_hal_msp.c          0x00000000   Number         0  stm32f1xx_hal_msp.o ABSOLUTE
    ..\Core\Src\stm32f1xx_it.c               0x00000000   Number         0  stm32f1xx_it.o ABSOLUTE
    ..\Core\Src\system_stm32f1xx.c           0x00000000   Number         0  system_stm32f1xx.o ABSOLUTE
    ..\Drivers\CMSIS\startup_stm32f10x_hd.s  0x00000000   Number         0  startup_stm32f10x_hd.o ABSOLUTE
    ..\Drivers\STM32F1xx_HAL_Driver\Src\stm32f1xx_hal.c 0x00000000   Number         0  stm32f1xx_hal.o ABSOLUTE
    ..\Drivers\STM32F1xx_HAL_Driver\Src\stm32f1xx_hal_cortex.c 0x00000000   Number         0  stm32f1xx_hal_cortex.o ABSOLUTE
    ..\Drivers\STM32F1xx_HAL_Driver\Src\stm32f1xx_hal_dma.c 0x00000000   Number         0  stm32f1xx_hal_dma.o ABSOLUTE
    ..\Drivers\STM32F1xx_HAL_Driver\Src\stm32f1xx_hal_exti.c 0x00000000   Number         0  stm32f1xx_hal_exti.o ABSOLUTE
    ..\Drivers\STM32F1xx_HAL_Driver\Src\stm32f1xx_hal_flash.c 0x00000000   Number         0  stm32f1xx_hal_flash.o ABSOLUTE
    ..\Drivers\STM32F1xx_HAL_Driver\Src\stm32f1xx_hal_flash_ex.c 0x00000000   Number         0  stm32f1xx_hal_flash_ex.o ABSOLUTE
    ..\Drivers\STM32F1xx_HAL_Driver\Src\stm32f1xx_hal_gpio.c 0x00000000   Number         0  stm32f1xx_hal_gpio.o ABSOLUTE
    ..\Drivers\STM32F1xx_HAL_Driver\Src\stm32f1xx_hal_gpio_ex.c 0x00000000   Number         0  stm32f1xx_hal_gpio_ex.o ABSOLUTE
    ..\Drivers\STM32F1xx_HAL_Driver\Src\stm32f1xx_hal_pwr.c 0x00000000   Number         0  stm32f1xx_hal_pwr.o ABSOLUTE
    ..\Drivers\STM32F1xx_HAL_Driver\Src\stm32f1xx_hal_rcc.c 0x00000000   Number         0  stm32f1xx_hal_rcc.o ABSOLUTE
    ..\Drivers\STM32F1xx_HAL_Driver\Src\stm32f1xx_hal_rcc_ex.c 0x00000000   Number         0  stm32f1xx_hal_rcc_ex.o ABSOLUTE
    ..\Drivers\STM32F1xx_HAL_Driver\Src\stm32f1xx_hal_spi.c 0x00000000   Number         0  stm32f1xx_hal_spi.o ABSOLUTE
    ..\Drivers\STM32F1xx_HAL_Driver\Src\stm32f1xx_hal_tim.c 0x00000000   Number         0  stm32f1xx_hal_tim.o ABSOLUTE
    ..\Drivers\STM32F1xx_HAL_Driver\Src\stm32f1xx_hal_tim_ex.c 0x00000000   Number         0  stm32f1xx_hal_tim_ex.o ABSOLUTE
    ..\Middlewares\Third_Party\FreeRTOS\Source\CMSIS_RTOS\cmsis_os.c 0x00000000   Number         0  cmsis_os.o ABSOLUTE
    ..\Middlewares\Third_Party\FreeRTOS\Source\portable\RVDS\ARM_CM3\port.c 0x00000000   Number         0  port.o ABSOLUTE
    ..\\Application\\button.c                0x00000000   Number         0  button.o ABSOLUTE
    ..\\Application\\led.c                   0x00000000   Number         0  led.o ABSOLUTE
    ..\\Application\\src\\LCD_task.c         0x00000000   Number         0  lcd_task.o ABSOLUTE
    ..\\Application\\st7735s.c               0x00000000   Number         0  st7735s.o ABSOLUTE
    dc.s                                     0x00000000   Number         0  dc.o ABSOLUTE
    RESET                                    0x08000000   Section      304  startup_stm32f10x_hd.o(RESET)
    !!!main                                  0x08000130   Section        8  __main.o(!!!main)
    !!!scatter                               0x08000138   Section       52  __scatter.o(!!!scatter)
    !!handler_copy                           0x0800016c   Section       26  __scatter_copy.o(!!handler_copy)
    !!handler_zi                             0x08000188   Section       28  __scatter_zi.o(!!handler_zi)
    .ARM.Collect$$_printf_percent$$00000000  0x080001a4   Section        0  _printf_percent.o(.ARM.Collect$$_printf_percent$$00000000)
    .ARM.Collect$$_printf_percent$$00000009  0x080001a4   Section        6  _printf_d.o(.ARM.Collect$$_printf_percent$$00000009)
    .ARM.Collect$$_printf_percent$$00000017  0x080001aa   Section        4  _printf_percent_end.o(.ARM.Collect$$_printf_percent$$00000017)
    .ARM.Collect$$libinit$$00000000          0x080001ae   Section        2  libinit.o(.ARM.Collect$$libinit$$00000000)
    .ARM.Collect$$libinit$$00000002          0x080001b0   Section        0  libinit2.o(.ARM.Collect$$libinit$$00000002)
    .ARM.Collect$$libinit$$00000004          0x080001b0   Section        0  libinit2.o(.ARM.Collect$$libinit$$00000004)
    .ARM.Collect$$libinit$$0000000A          0x080001b0   Section        0  libinit2.o(.ARM.Collect$$libinit$$0000000A)
    .ARM.Collect$$libinit$$0000000C          0x080001b0   Section        0  libinit2.o(.ARM.Collect$$libinit$$0000000C)
    .ARM.Collect$$libinit$$0000000E          0x080001b0   Section        0  libinit2.o(.ARM.Collect$$libinit$$0000000E)
    .ARM.Collect$$libinit$$00000011          0x080001b0   Section        0  libinit2.o(.ARM.Collect$$libinit$$00000011)
    .ARM.Collect$$libinit$$00000013          0x080001b0   Section        0  libinit2.o(.ARM.Collect$$libinit$$00000013)
    .ARM.Collect$$libinit$$00000015          0x080001b0   Section        0  libinit2.o(.ARM.Collect$$libinit$$00000015)
    .ARM.Collect$$libinit$$00000017          0x080001b0   Section        0  libinit2.o(.ARM.Collect$$libinit$$00000017)
    .ARM.Collect$$libinit$$00000019          0x080001b0   Section        0  libinit2.o(.ARM.Collect$$libinit$$00000019)
    .ARM.Collect$$libinit$$0000001B          0x080001b0   Section        0  libinit2.o(.ARM.Collect$$libinit$$0000001B)
    .ARM.Collect$$libinit$$0000001D          0x080001b0   Section        0  libinit2.o(.ARM.Collect$$libinit$$0000001D)
    .ARM.Collect$$libinit$$0000001F          0x080001b0   Section        0  libinit2.o(.ARM.Collect$$libinit$$0000001F)
    .ARM.Collect$$libinit$$00000021          0x080001b0   Section        0  libinit2.o(.ARM.Collect$$libinit$$00000021)
    .ARM.Collect$$libinit$$00000023          0x080001b0   Section        0  libinit2.o(.ARM.Collect$$libinit$$00000023)
    .ARM.Collect$$libinit$$00000025          0x080001b0   Section        0  libinit2.o(.ARM.Collect$$libinit$$00000025)
    .ARM.Collect$$libinit$$0000002C          0x080001b0   Section        0  libinit2.o(.ARM.Collect$$libinit$$0000002C)
    .ARM.Collect$$libinit$$0000002E          0x080001b0   Section        0  libinit2.o(.ARM.Collect$$libinit$$0000002E)
    .ARM.Collect$$libinit$$00000030          0x080001b0   Section        0  libinit2.o(.ARM.Collect$$libinit$$00000030)
    .ARM.Collect$$libinit$$00000032          0x080001b0   Section        0  libinit2.o(.ARM.Collect$$libinit$$00000032)
    .ARM.Collect$$libinit$$00000033          0x080001b0   Section        2  libinit2.o(.ARM.Collect$$libinit$$00000033)
    .ARM.Collect$$libshutdown$$00000000      0x080001b2   Section        2  libshutdown.o(.ARM.Collect$$libshutdown$$00000000)
    .ARM.Collect$$libshutdown$$00000002      0x080001b4   Section        0  libshutdown2.o(.ARM.Collect$$libshutdown$$00000002)
    .ARM.Collect$$libshutdown$$00000004      0x080001b4   Section        0  libshutdown2.o(.ARM.Collect$$libshutdown$$00000004)
    .ARM.Collect$$libshutdown$$00000007      0x080001b4   Section        0  libshutdown2.o(.ARM.Collect$$libshutdown$$00000007)
    .ARM.Collect$$libshutdown$$0000000A      0x080001b4   Section        0  libshutdown2.o(.ARM.Collect$$libshutdown$$0000000A)
    .ARM.Collect$$libshutdown$$0000000C      0x080001b4   Section        0  libshutdown2.o(.ARM.Collect$$libshutdown$$0000000C)
    .ARM.Collect$$libshutdown$$0000000F      0x080001b4   Section        0  libshutdown2.o(.ARM.Collect$$libshutdown$$0000000F)
    .ARM.Collect$$libshutdown$$00000010      0x080001b4   Section        2  libshutdown2.o(.ARM.Collect$$libshutdown$$00000010)
    .ARM.Collect$$rtentry$$00000000          0x080001b6   Section        0  __rtentry.o(.ARM.Collect$$rtentry$$00000000)
    .ARM.Collect$$rtentry$$00000002          0x080001b6   Section        0  __rtentry2.o(.ARM.Collect$$rtentry$$00000002)
    .ARM.Collect$$rtentry$$00000004          0x080001b6   Section        6  __rtentry4.o(.ARM.Collect$$rtentry$$00000004)
    .ARM.Collect$$rtentry$$00000009          0x080001bc   Section        0  __rtentry2.o(.ARM.Collect$$rtentry$$00000009)
    .ARM.Collect$$rtentry$$0000000A          0x080001bc   Section        4  __rtentry2.o(.ARM.Collect$$rtentry$$0000000A)
    .ARM.Collect$$rtentry$$0000000C          0x080001c0   Section        0  __rtentry2.o(.ARM.Collect$$rtentry$$0000000C)
    .ARM.Collect$$rtentry$$0000000D          0x080001c0   Section        8  __rtentry2.o(.ARM.Collect$$rtentry$$0000000D)
    .ARM.Collect$$rtexit$$00000000           0x080001c8   Section        2  rtexit.o(.ARM.Collect$$rtexit$$00000000)
    .ARM.Collect$$rtexit$$00000002           0x080001ca   Section        0  rtexit2.o(.ARM.Collect$$rtexit$$00000002)
    .ARM.Collect$$rtexit$$00000003           0x080001ca   Section        4  rtexit2.o(.ARM.Collect$$rtexit$$00000003)
    .ARM.Collect$$rtexit$$00000004           0x080001ce   Section        6  rtexit2.o(.ARM.Collect$$rtexit$$00000004)
    .emb_text                                0x080001d4   Section      150  port.o(.emb_text)
    .text                                    0x0800026c   Section       64  startup_stm32f10x_hd.o(.text)
    .text                                    0x080002ac   Section        0  noretval__2sprintf.o(.text)
    .text                                    0x080002d4   Section        0  _printf_dec.o(.text)
    .text                                    0x0800034c   Section        0  __printf_ss.o(.text)
    .text                                    0x08000404   Section      138  rt_memcpy_v6.o(.text)
    .text                                    0x0800048e   Section      100  rt_memcpy_w.o(.text)
    .text                                    0x080004f2   Section       78  rt_memclr_w.o(.text)
    .text                                    0x08000540   Section        0  heapauxi.o(.text)
    .text                                    0x08000546   Section        0  _printf_intcommon.o(.text)
    .text                                    0x080005f8   Section        0  _printf_char_common.o(.text)
    _printf_input_char                       0x080005f9   Thumb Code    10  _printf_char_common.o(.text)
    .text                                    0x08000628   Section        0  _sputc.o(.text)
    .text                                    0x08000632   Section       74  sys_stackheap_outer.o(.text)
    .text                                    0x0800067c   Section        0  exit.o(.text)
    .text                                    0x08000690   Section        8  libspace.o(.text)
    .text                                    0x08000698   Section        0  sys_exit.o(.text)
    .text                                    0x080006a4   Section        2  use_no_semi.o(.text)
    .text                                    0x080006a6   Section        0  indicate_semi.o(.text)
    i.BusFault_Handler                       0x080006a6   Section        0  stm32f1xx_it.o(i.BusFault_Handler)
    i.Button_detect_TASK                     0x080006a8   Section        0  button.o(i.Button_detect_TASK)
    i.DMA1_Channel2_IRQHandler               0x080006ec   Section        0  stm32f1xx_it.o(i.DMA1_Channel2_IRQHandler)
    i.DMA1_Channel3_IRQHandler               0x080006f8   Section        0  stm32f1xx_it.o(i.DMA1_Channel3_IRQHandler)
    i.DebugMon_Handler                       0x08000704   Section        0  stm32f1xx_it.o(i.DebugMon_Handler)
    i.EXTI3_IRQHandler                       0x08000706   Section        0  stm32f1xx_it.o(i.EXTI3_IRQHandler)
    i.EXTI4_IRQHandler                       0x0800070c   Section        0  stm32f1xx_it.o(i.EXTI4_IRQHandler)
    i.Error_Handler                          0x08000712   Section        0  main.o(i.Error_Handler)
    i.HAL_DMA_IRQHandler                     0x08000718   Section        0  stm32f1xx_hal_dma.o(i.HAL_DMA_IRQHandler)
    i.HAL_DMA_Init                           0x08000960   Section        0  stm32f1xx_hal_dma.o(i.HAL_DMA_Init)
    i.HAL_Delay                              0x080009dc   Section        0  stm32f1xx_hal.o(i.HAL_Delay)
    i.HAL_GPIO_EXTI_Callback                 0x08000a00   Section        0  button.o(i.HAL_GPIO_EXTI_Callback)
    i.HAL_GPIO_EXTI_IRQHandler               0x08000a18   Section        0  stm32f1xx_hal_gpio.o(i.HAL_GPIO_EXTI_IRQHandler)
    i.HAL_GPIO_Init                          0x08000a30   Section        0  stm32f1xx_hal_gpio.o(i.HAL_GPIO_Init)
    i.HAL_GPIO_ReadPin                       0x08000c28   Section        0  stm32f1xx_hal_gpio.o(i.HAL_GPIO_ReadPin)
    i.HAL_GPIO_TogglePin                     0x08000c32   Section        0  stm32f1xx_hal_gpio.o(i.HAL_GPIO_TogglePin)
    i.HAL_GPIO_WritePin                      0x08000c42   Section        0  stm32f1xx_hal_gpio.o(i.HAL_GPIO_WritePin)
    i.HAL_GetTick                            0x08000c4c   Section        0  stm32f1xx_hal.o(i.HAL_GetTick)
    i.HAL_IncTick                            0x08000c58   Section        0  stm32f1xx_hal.o(i.HAL_IncTick)
    i.HAL_Init                               0x08000c68   Section        0  stm32f1xx_hal.o(i.HAL_Init)
    i.HAL_InitTick                           0x08000c8c   Section        0  stm32f1xx_hal.o(i.HAL_InitTick)
    i.HAL_MspInit                            0x08000ccc   Section        0  stm32f1xx_hal_msp.o(i.HAL_MspInit)
    i.HAL_NVIC_EnableIRQ                     0x08000d14   Section        0  stm32f1xx_hal_cortex.o(i.HAL_NVIC_EnableIRQ)
    i.HAL_NVIC_SetPriority                   0x08000d30   Section        0  stm32f1xx_hal_cortex.o(i.HAL_NVIC_SetPriority)
    i.HAL_NVIC_SetPriorityGrouping           0x08000d70   Section        0  stm32f1xx_hal_cortex.o(i.HAL_NVIC_SetPriorityGrouping)
    i.HAL_RCC_ClockConfig                    0x08000d94   Section        0  stm32f1xx_hal_rcc.o(i.HAL_RCC_ClockConfig)
    i.HAL_RCC_GetSysClockFreq                0x08000ec0   Section        0  stm32f1xx_hal_rcc.o(i.HAL_RCC_GetSysClockFreq)
    i.HAL_RCC_OscConfig                      0x08000f2c   Section        0  stm32f1xx_hal_rcc.o(i.HAL_RCC_OscConfig)
    i.HAL_SPI_Init                           0x0800124c   Section        0  stm32f1xx_hal_spi.o(i.HAL_SPI_Init)
    i.HAL_SPI_MspInit                        0x08001300   Section        0  spi.o(i.HAL_SPI_MspInit)
    i.HAL_SPI_Transmit                       0x080013b4   Section        0  stm32f1xx_hal_spi.o(i.HAL_SPI_Transmit)
    i.HAL_SYSTICK_Config                     0x0800151a   Section        0  stm32f1xx_hal_cortex.o(i.HAL_SYSTICK_Config)
    i.HardFault_Handler                      0x08001542   Section        0  stm32f1xx_it.o(i.HardFault_Handler)
    i.LCD_FLUSH_Task                         0x08001544   Section        0  lcd_task.o(i.LCD_FLUSH_Task)
    i.LED_FLASH_TASK                         0x08001550   Section        0  led.o(i.LED_FLASH_TASK)
    i.MX_DMA_Init                            0x0800156c   Section        0  dma.o(i.MX_DMA_Init)
    i.MX_FREERTOS_Init                       0x080015a8   Section        0  freertos.o(i.MX_FREERTOS_Init)
    i.MX_GPIO_Init                           0x08001688   Section        0  gpio.o(i.MX_GPIO_Init)
    i.MX_SPI1_Init                           0x080017ac   Section        0  spi.o(i.MX_SPI1_Init)
    i.MemManage_Handler                      0x080017f8   Section        0  stm32f1xx_it.o(i.MemManage_Handler)
    i.NMI_Handler                            0x080017fa   Section        0  stm32f1xx_it.o(i.NMI_Handler)
    i.SPI_EndRxTxTransaction                 0x080017fc   Section        0  stm32f1xx_hal_spi.o(i.SPI_EndRxTxTransaction)
    SPI_EndRxTxTransaction                   0x080017fd   Thumb Code    32  stm32f1xx_hal_spi.o(i.SPI_EndRxTxTransaction)
    i.SPI_WaitFlagStateUntilTimeout          0x0800181c   Section        0  stm32f1xx_hal_spi.o(i.SPI_WaitFlagStateUntilTimeout)
    SPI_WaitFlagStateUntilTimeout            0x0800181d   Thumb Code   180  stm32f1xx_hal_spi.o(i.SPI_WaitFlagStateUntilTimeout)
    i.StartDefaultTask                       0x080018d4   Section        0  freertos.o(i.StartDefaultTask)
    i.SysTick_Handler                        0x080018dc   Section        0  stm32f1xx_it.o(i.SysTick_Handler)
    i.SystemClock_Config                     0x080018f4   Section        0  main.o(i.SystemClock_Config)
    i.SystemInit                             0x08001952   Section        0  system_stm32f1xx.o(i.SystemInit)
    i.UsageFault_Handler                     0x08001954   Section        0  stm32f1xx_it.o(i.UsageFault_Handler)
    i.__NVIC_SetPriority                     0x08001956   Section        0  stm32f1xx_hal_cortex.o(i.__NVIC_SetPriority)
    __NVIC_SetPriority                       0x08001957   Thumb Code    32  stm32f1xx_hal_cortex.o(i.__NVIC_SetPriority)
    i.lcd_char                               0x08001978   Section        0  st7735s.o(i.lcd_char)
    i.lcd_color_fill_int                     0x080019dc   Section        0  st7735s.o(i.lcd_color_fill_int)
    i.lcd_fill                               0x08001a18   Section        0  st7735s.o(i.lcd_fill)
    i.lcd_init                               0x08001a30   Section        0  st7735s.o(i.lcd_init)
    i.lcd_num                                0x08001ac8   Section        0  st7735s.o(i.lcd_num)
    i.lcd_point                              0x08001ae8   Section        0  st7735s.o(i.lcd_point)
    i.lcd_show                               0x08001b00   Section        0  st7735s.o(i.lcd_show)
    i.lcd_str                                0x08001b24   Section        0  st7735s.o(i.lcd_str)
    i.lcd_write                              0x08001b48   Section        0  st7735s.o(i.lcd_write)
    i.main                                   0x08001b88   Section        0  main.o(i.main)
    i.makeFreeRtosPriority                   0x08001baa   Section        0  cmsis_os.o(i.makeFreeRtosPriority)
    makeFreeRtosPriority                     0x08001bab   Thumb Code    12  cmsis_os.o(i.makeFreeRtosPriority)
    i.osDelay                                0x08001bb6   Section        0  cmsis_os.o(i.osDelay)
    i.osKernelStart                          0x08001bc4   Section        0  cmsis_os.o(i.osKernelStart)
    i.osThreadCreate                         0x08001bce   Section        0  cmsis_os.o(i.osThreadCreate)
    i.prvAddCurrentTaskToDelayedList         0x08001c24   Section        0  tasks.o(i.prvAddCurrentTaskToDelayedList)
    prvAddCurrentTaskToDelayedList           0x08001c25   Thumb Code   102  tasks.o(i.prvAddCurrentTaskToDelayedList)
    i.prvAddNewTaskToReadyList               0x08001c94   Section        0  tasks.o(i.prvAddNewTaskToReadyList)
    prvAddNewTaskToReadyList                 0x08001c95   Thumb Code   194  tasks.o(i.prvAddNewTaskToReadyList)
    i.prvCopyDataToQueue                     0x08001d64   Section        0  queue.o(i.prvCopyDataToQueue)
    prvCopyDataToQueue                       0x08001d65   Thumb Code   108  queue.o(i.prvCopyDataToQueue)
    i.prvDeleteTCB                           0x08001dd0   Section        0  tasks.o(i.prvDeleteTCB)
    prvDeleteTCB                             0x08001dd1   Thumb Code    52  tasks.o(i.prvDeleteTCB)
    i.prvHeapInit                            0x08001e04   Section        0  heap_4.o(i.prvHeapInit)
    prvHeapInit                              0x08001e05   Thumb Code    64  heap_4.o(i.prvHeapInit)
    i.prvIdleTask                            0x08001e4c   Section        0  tasks.o(i.prvIdleTask)
    prvIdleTask                              0x08001e4d   Thumb Code    82  tasks.o(i.prvIdleTask)
    i.prvInitialiseMutex                     0x08001eac   Section        0  queue.o(i.prvInitialiseMutex)
    prvInitialiseMutex                       0x08001ead   Thumb Code    22  queue.o(i.prvInitialiseMutex)
    i.prvInitialiseNewQueue                  0x08001ec2   Section        0  queue.o(i.prvInitialiseNewQueue)
    prvInitialiseNewQueue                    0x08001ec3   Thumb Code    22  queue.o(i.prvInitialiseNewQueue)
    i.prvInitialiseNewTask                   0x08001ed8   Section        0  tasks.o(i.prvInitialiseNewTask)
    prvInitialiseNewTask                     0x08001ed9   Thumb Code   142  tasks.o(i.prvInitialiseNewTask)
    i.prvInsertBlockIntoFreeList             0x08001f68   Section        0  heap_4.o(i.prvInsertBlockIntoFreeList)
    prvInsertBlockIntoFreeList               0x08001f69   Thumb Code    72  heap_4.o(i.prvInsertBlockIntoFreeList)
    i.prvIsQueueEmpty                        0x08001fb4   Section        0  queue.o(i.prvIsQueueEmpty)
    prvIsQueueEmpty                          0x08001fb5   Thumb Code    28  queue.o(i.prvIsQueueEmpty)
    i.prvResetNextTaskUnblockTime            0x08001fd0   Section        0  tasks.o(i.prvResetNextTaskUnblockTime)
    prvResetNextTaskUnblockTime              0x08001fd1   Thumb Code    26  tasks.o(i.prvResetNextTaskUnblockTime)
    i.prvTaskExitError                       0x08001ff0   Section        0  port.o(i.prvTaskExitError)
    prvTaskExitError                         0x08001ff1   Thumb Code    36  port.o(i.prvTaskExitError)
    i.prvUnlockQueue                         0x08002018   Section        0  queue.o(i.prvUnlockQueue)
    prvUnlockQueue                           0x08002019   Thumb Code   106  queue.o(i.prvUnlockQueue)
    i.pvPortMalloc                           0x08002084   Section        0  heap_4.o(i.pvPortMalloc)
    i.pvTaskIncrementMutexHeldCount          0x0800215c   Section        0  tasks.o(i.pvTaskIncrementMutexHeldCount)
    i.pxPortInitialiseStack                  0x08002174   Section        0  port.o(i.pxPortInitialiseStack)
    i.trends_gemetry_task                    0x08002198   Section        0  lcd_task.o(i.trends_gemetry_task)
    i.trends_word_task                       0x08002210   Section        0  lcd_task.o(i.trends_word_task)
    i.uxListRemove                           0x08002244   Section        0  list.o(i.uxListRemove)
    i.vApplicationGetIdleTaskMemory          0x0800226c   Section        0  freertos.o(i.vApplicationGetIdleTaskMemory)
    i.vListInitialise                        0x08002280   Section        0  list.o(i.vListInitialise)
    i.vListInitialiseItem                    0x08002296   Section        0  list.o(i.vListInitialiseItem)
    i.vListInsert                            0x0800229c   Section        0  list.o(i.vListInsert)
    i.vListInsertEnd                         0x080022cc   Section        0  list.o(i.vListInsertEnd)
    i.vPortEnterCritical                     0x080022e4   Section        0  port.o(i.vPortEnterCritical)
    i.vPortExitCritical                      0x08002324   Section        0  port.o(i.vPortExitCritical)
    i.vPortFree                              0x0800234c   Section        0  heap_4.o(i.vPortFree)
    i.vPortSetupTimerInterrupt               0x080023a8   Section        0  port.o(i.vPortSetupTimerInterrupt)
    i.vPortValidateInterruptPriority         0x080023cc   Section        0  port.o(i.vPortValidateInterruptPriority)
    i.vTaskDelay                             0x08002420   Section        0  tasks.o(i.vTaskDelay)
    i.vTaskInternalSetTimeOutState           0x0800246c   Section        0  tasks.o(i.vTaskInternalSetTimeOutState)
    i.vTaskMissedYield                       0x0800247c   Section        0  tasks.o(i.vTaskMissedYield)
    i.vTaskPlaceOnEventList                  0x08002488   Section        0  tasks.o(i.vTaskPlaceOnEventList)
    i.vTaskPriorityDisinheritAfterTimeout    0x080024b8   Section        0  tasks.o(i.vTaskPriorityDisinheritAfterTimeout)
    i.vTaskStartScheduler                    0x08002560   Section        0  tasks.o(i.vTaskStartScheduler)
    i.vTaskSuspendAll                        0x080025cc   Section        0  tasks.o(i.vTaskSuspendAll)
    i.vTaskSwitchContext                     0x080025dc   Section        0  tasks.o(i.vTaskSwitchContext)
    i.xPortStartScheduler                    0x08002638   Section        0  port.o(i.xPortStartScheduler)
    i.xPortSysTickHandler                    0x080026e0   Section        0  port.o(i.xPortSysTickHandler)
    i.xQueueCreateMutex                      0x0800270c   Section        0  queue.o(i.xQueueCreateMutex)
    i.xQueueGenericCreate                    0x08002722   Section        0  queue.o(i.xQueueGenericCreate)
    i.xQueueGenericReset                     0x0800276c   Section        0  queue.o(i.xQueueGenericReset)
    i.xQueueGenericSend                      0x080027f4   Section        0  queue.o(i.xQueueGenericSend)
    i.xQueueGiveFromISR                      0x08002954   Section        0  queue.o(i.xQueueGiveFromISR)
    i.xQueueSemaphoreTake                    0x080029f0   Section        0  queue.o(i.xQueueSemaphoreTake)
    i.xTaskCheckForTimeOut                   0x08002b68   Section        0  tasks.o(i.xTaskCheckForTimeOut)
    i.xTaskCreate                            0x08002bdc   Section        0  tasks.o(i.xTaskCreate)
    i.xTaskCreateStatic                      0x08002c36   Section        0  tasks.o(i.xTaskCreateStatic)
    i.xTaskGetSchedulerState                 0x08002c8c   Section        0  tasks.o(i.xTaskGetSchedulerState)
    i.xTaskIncrementTick                     0x08002ca8   Section        0  tasks.o(i.xTaskIncrementTick)
    i.xTaskPriorityDisinherit                0x08002d70   Section        0  tasks.o(i.xTaskPriorityDisinherit)
    i.xTaskPriorityInherit                   0x08002e08   Section        0  tasks.o(i.xTaskPriorityInherit)
    i.xTaskRemoveFromEventList               0x08002e9c   Section        0  tasks.o(i.xTaskRemoveFromEventList)
    i.xTaskResumeAll                         0x08002f10   Section        0  tasks.o(i.xTaskResumeAll)
    .constdata                               0x08002fd4   Section      168  freertos.o(.constdata)
    .constdata                               0x0800307c   Section       16  system_stm32f1xx.o(.constdata)
    .constdata                               0x0800308c   Section     4514  st7735s.o(.constdata)
    initializers                             0x0800408c   Data         418  st7735s.o(.constdata)
    .conststring                             0x08004230   Section       68  freertos.o(.conststring)
    .data                                    0x20000000   Section       24  freertos.o(.data)
    .data                                    0x20000018   Section       12  stm32f1xx_hal.o(.data)
    .data                                    0x20000024   Section        4  system_stm32f1xx.o(.data)
    .data                                    0x20000028   Section       60  tasks.o(.data)
    pxDelayedTaskList                        0x2000002c   Data           4  tasks.o(.data)
    pxOverflowDelayedTaskList                0x20000030   Data           4  tasks.o(.data)
    uxDeletedTasksWaitingCleanUp             0x20000034   Data           4  tasks.o(.data)
    uxCurrentNumberOfTasks                   0x20000038   Data           4  tasks.o(.data)
    xTickCount                               0x2000003c   Data           4  tasks.o(.data)
    uxTopReadyPriority                       0x20000040   Data           4  tasks.o(.data)
    xSchedulerRunning                        0x20000044   Data           4  tasks.o(.data)
    uxPendedTicks                            0x20000048   Data           4  tasks.o(.data)
    xYieldPending                            0x2000004c   Data           4  tasks.o(.data)
    xNumOfOverflows                          0x20000050   Data           4  tasks.o(.data)
    uxTaskNumber                             0x20000054   Data           4  tasks.o(.data)
    xNextTaskUnblockTime                     0x20000058   Data           4  tasks.o(.data)
    xIdleTaskHandle                          0x2000005c   Data           4  tasks.o(.data)
    uxSchedulerSuspended                     0x20000060   Data           4  tasks.o(.data)
    .data                                    0x20000064   Section       24  heap_4.o(.data)
    pxEnd                                    0x20000064   Data           4  heap_4.o(.data)
    xFreeBytesRemaining                      0x20000068   Data           4  heap_4.o(.data)
    xMinimumEverFreeBytesRemaining           0x2000006c   Data           4  heap_4.o(.data)
    xBlockAllocatedBit                       0x20000070   Data           4  heap_4.o(.data)
    xStart                                   0x20000074   Data           8  heap_4.o(.data)
    .data                                    0x2000007c   Section       12  port.o(.data)
    ucMaxSysCallPriority                     0x2000007c   Data           1  port.o(.data)
    uxCriticalNesting                        0x20000080   Data           4  port.o(.data)
    ulMaxPRIGROUPValue                       0x20000084   Data           4  port.o(.data)
    .data                                    0x20000088   Section        8  button.o(.data)
    xHigherPriorityTaskWoken                 0x20000088   Data           4  button.o(.data)
    .data                                    0x20000090   Section        4  button.o(.data)
    .data                                    0x20000094   Section        2  st7735s.o(.data)
    .data                                    0x20000098   Section       20  lcd_task.o(.data)
    count                                    0x20000098   Data           4  lcd_task.o(.data)
    count1                                   0x2000009c   Data           4  lcd_task.o(.data)
    count2                                   0x200000a0   Data           4  lcd_task.o(.data)
    flag                                     0x200000a4   Data           4  lcd_task.o(.data)
    .bss                                     0x200000ac   Section      596  freertos.o(.bss)
    xIdleTaskTCBBuffer                       0x200000ac   Data          84  freertos.o(.bss)
    xIdleStack                               0x20000100   Data         512  freertos.o(.bss)
    .bss                                     0x20000300   Section      224  spi.o(.bss)
    .bss                                     0x200003e0   Section      240  tasks.o(.bss)
    pxReadyTasksLists                        0x200003e0   Data         140  tasks.o(.bss)
    xDelayedTaskList1                        0x2000046c   Data          20  tasks.o(.bss)
    xDelayedTaskList2                        0x20000480   Data          20  tasks.o(.bss)
    xPendingReadyList                        0x20000494   Data          20  tasks.o(.bss)
    xTasksWaitingTermination                 0x200004a8   Data          20  tasks.o(.bss)
    xSuspendedTaskList                       0x200004bc   Data          20  tasks.o(.bss)
    .bss                                     0x200004d0   Section     3071  heap_4.o(.bss)
    ucHeap                                   0x200004d0   Data        3071  heap_4.o(.bss)
    .bss                                     0x200010d0   Section    40960  st7735s.o(.bss)
    .bss                                     0x2000b0d0   Section       96  libspace.o(.bss)
    HEAP                                     0x2000b130   Section      512  startup_stm32f10x_hd.o(HEAP)
    Heap_Mem                                 0x2000b130   Data         512  startup_stm32f10x_hd.o(HEAP)
    STACK                                    0x2000b330   Section     1024  startup_stm32f10x_hd.o(STACK)
    Stack_Mem                                0x2000b330   Data        1024  startup_stm32f10x_hd.o(STACK)
    __initial_sp                             0x2000b730   Data           0  startup_stm32f10x_hd.o(STACK)

    Global Symbols

    Symbol Name                              Value     Ov Type        Size  Object(Section)

    BuildAttributes$$THM_ISAv4$P$D$K$B$S$PE$A:L22UL41UL21$X:L11$S22US41US21$IEEE1$IW$USESV6$~STKCKD$USESV7$~SHL$OSPACE$ROPI$EBA8$UX$STANDARDLIB$REQ8$PRES8$EABIv2 0x00000000   Number         0  anon$$obj.o ABSOLUTE
    __ARM_use_no_argv                        0x00000000   Number         0  main.o ABSOLUTE
    _printf_flags                            0x00000000   Number         0  printf_stubs.o ABSOLUTE
    _printf_return_value                     0x00000000   Number         0  printf_stubs.o ABSOLUTE
    _printf_sizespec                         0x00000000   Number         0  printf_stubs.o ABSOLUTE
    _printf_widthprec                        0x00000000   Number         0  printf_stubs.o ABSOLUTE
    __ARM_exceptions_init                     - Undefined Weak Reference
    __alloca_initialize                       - Undefined Weak Reference
    __arm_preinit_                            - Undefined Weak Reference
    __cpp_initialize__aeabi_                  - Undefined Weak Reference
    __cxa_finalize                            - Undefined Weak Reference
    __rt_locale                               - Undefined Weak Reference
    __sigvec_lookup                           - Undefined Weak Reference
    _atexit_init                              - Undefined Weak Reference
    _call_atexit_fns                          - Undefined Weak Reference
    _clock_init                               - Undefined Weak Reference
    _fp_trap_init                             - Undefined Weak Reference
    _fp_trap_shutdown                         - Undefined Weak Reference
    _get_lc_collate                           - Undefined Weak Reference
    _get_lc_ctype                             - Undefined Weak Reference
    _get_lc_monetary                          - Undefined Weak Reference
    _get_lc_numeric                           - Undefined Weak Reference
    _get_lc_time                              - Undefined Weak Reference
    _getenv_init                              - Undefined Weak Reference
    _handle_redirection                       - Undefined Weak Reference
    _init_alloc                               - Undefined Weak Reference
    _init_user_alloc                          - Undefined Weak Reference
    _initio                                   - Undefined Weak Reference
    _printf_post_padding                      - Undefined Weak Reference
    _printf_pre_padding                       - Undefined Weak Reference
    _printf_truncate_signed                   - Undefined Weak Reference
    _printf_truncate_unsigned                 - Undefined Weak Reference
    _rand_init                                - Undefined Weak Reference
    _signal_finish                            - Undefined Weak Reference
    _signal_init                              - Undefined Weak Reference
    _terminate_alloc                          - Undefined Weak Reference
    _terminate_user_alloc                     - Undefined Weak Reference
    _terminateio                              - Undefined Weak Reference
    __Vectors_Size                           0x00000130   Number         0  startup_stm32f10x_hd.o ABSOLUTE
    __Vectors                                0x08000000   Data           4  startup_stm32f10x_hd.o(RESET)
    __Vectors_End                            0x08000130   Data           0  startup_stm32f10x_hd.o(RESET)
    __main                                   0x08000131   Thumb Code     8  __main.o(!!!main)
    __scatterload                            0x08000139   Thumb Code     0  __scatter.o(!!!scatter)
    __scatterload_rt2                        0x08000139   Thumb Code    44  __scatter.o(!!!scatter)
    __scatterload_rt2_thumb_only             0x08000139   Thumb Code     0  __scatter.o(!!!scatter)
    __scatterload_null                       0x08000147   Thumb Code     0  __scatter.o(!!!scatter)
    __scatterload_copy                       0x0800016d   Thumb Code    26  __scatter_copy.o(!!handler_copy)
    __scatterload_zeroinit                   0x08000189   Thumb Code    28  __scatter_zi.o(!!handler_zi)
    _printf_d                                0x080001a5   Thumb Code     0  _printf_d.o(.ARM.Collect$$_printf_percent$$00000009)
    _printf_percent                          0x080001a5   Thumb Code     0  _printf_percent.o(.ARM.Collect$$_printf_percent$$00000000)
    _printf_percent_end                      0x080001ab   Thumb Code     0  _printf_percent_end.o(.ARM.Collect$$_printf_percent$$00000017)
    __rt_lib_init                            0x080001af   Thumb Code     0  libinit.o(.ARM.Collect$$libinit$$00000000)
    __rt_lib_init_alloca_1                   0x080001b1   Thumb Code     0  libinit2.o(.ARM.Collect$$libinit$$0000002E)
    __rt_lib_init_argv_1                     0x080001b1   Thumb Code     0  libinit2.o(.ARM.Collect$$libinit$$0000002C)
    __rt_lib_init_atexit_1                   0x080001b1   Thumb Code     0  libinit2.o(.ARM.Collect$$libinit$$0000001B)
    __rt_lib_init_clock_1                    0x080001b1   Thumb Code     0  libinit2.o(.ARM.Collect$$libinit$$00000021)
    __rt_lib_init_cpp_1                      0x080001b1   Thumb Code     0  libinit2.o(.ARM.Collect$$libinit$$00000032)
    __rt_lib_init_exceptions_1               0x080001b1   Thumb Code     0  libinit2.o(.ARM.Collect$$libinit$$00000030)
    __rt_lib_init_fp_1                       0x080001b1   Thumb Code     0  libinit2.o(.ARM.Collect$$libinit$$00000002)
    __rt_lib_init_fp_trap_1                  0x080001b1   Thumb Code     0  libinit2.o(.ARM.Collect$$libinit$$0000001F)
    __rt_lib_init_getenv_1                   0x080001b1   Thumb Code     0  libinit2.o(.ARM.Collect$$libinit$$00000023)
    __rt_lib_init_heap_1                     0x080001b1   Thumb Code     0  libinit2.o(.ARM.Collect$$libinit$$0000000A)
    __rt_lib_init_lc_collate_1               0x080001b1   Thumb Code     0  libinit2.o(.ARM.Collect$$libinit$$00000011)
    __rt_lib_init_lc_ctype_1                 0x080001b1   Thumb Code     0  libinit2.o(.ARM.Collect$$libinit$$00000013)
    __rt_lib_init_lc_monetary_1              0x080001b1   Thumb Code     0  libinit2.o(.ARM.Collect$$libinit$$00000015)
    __rt_lib_init_lc_numeric_1               0x080001b1   Thumb Code     0  libinit2.o(.ARM.Collect$$libinit$$00000017)
    __rt_lib_init_lc_time_1                  0x080001b1   Thumb Code     0  libinit2.o(.ARM.Collect$$libinit$$00000019)
    __rt_lib_init_preinit_1                  0x080001b1   Thumb Code     0  libinit2.o(.ARM.Collect$$libinit$$00000004)
    __rt_lib_init_rand_1                     0x080001b1   Thumb Code     0  libinit2.o(.ARM.Collect$$libinit$$0000000E)
    __rt_lib_init_return                     0x080001b1   Thumb Code     0  libinit2.o(.ARM.Collect$$libinit$$00000033)
    __rt_lib_init_signal_1                   0x080001b1   Thumb Code     0  libinit2.o(.ARM.Collect$$libinit$$0000001D)
    __rt_lib_init_stdio_1                    0x080001b1   Thumb Code     0  libinit2.o(.ARM.Collect$$libinit$$00000025)
    __rt_lib_init_user_alloc_1               0x080001b1   Thumb Code     0  libinit2.o(.ARM.Collect$$libinit$$0000000C)
    __rt_lib_shutdown                        0x080001b3   Thumb Code     0  libshutdown.o(.ARM.Collect$$libshutdown$$00000000)
    __rt_lib_shutdown_cpp_1                  0x080001b5   Thumb Code     0  libshutdown2.o(.ARM.Collect$$libshutdown$$00000002)
    __rt_lib_shutdown_fp_trap_1              0x080001b5   Thumb Code     0  libshutdown2.o(.ARM.Collect$$libshutdown$$00000007)
    __rt_lib_shutdown_heap_1                 0x080001b5   Thumb Code     0  libshutdown2.o(.ARM.Collect$$libshutdown$$0000000F)
    __rt_lib_shutdown_return                 0x080001b5   Thumb Code     0  libshutdown2.o(.ARM.Collect$$libshutdown$$00000010)
    __rt_lib_shutdown_signal_1               0x080001b5   Thumb Code     0  libshutdown2.o(.ARM.Collect$$libshutdown$$0000000A)
    __rt_lib_shutdown_stdio_1                0x080001b5   Thumb Code     0  libshutdown2.o(.ARM.Collect$$libshutdown$$00000004)
    __rt_lib_shutdown_user_alloc_1           0x080001b5   Thumb Code     0  libshutdown2.o(.ARM.Collect$$libshutdown$$0000000C)
    __rt_entry                               0x080001b7   Thumb Code     0  __rtentry.o(.ARM.Collect$$rtentry$$00000000)
    __rt_entry_presh_1                       0x080001b7   Thumb Code     0  __rtentry2.o(.ARM.Collect$$rtentry$$00000002)
    __rt_entry_sh                            0x080001b7   Thumb Code     0  __rtentry4.o(.ARM.Collect$$rtentry$$00000004)
    __rt_entry_li                            0x080001bd   Thumb Code     0  __rtentry2.o(.ARM.Collect$$rtentry$$0000000A)
    __rt_entry_postsh_1                      0x080001bd   Thumb Code     0  __rtentry2.o(.ARM.Collect$$rtentry$$00000009)
    __rt_entry_main                          0x080001c1   Thumb Code     0  __rtentry2.o(.ARM.Collect$$rtentry$$0000000D)
    __rt_entry_postli_1                      0x080001c1   Thumb Code     0  __rtentry2.o(.ARM.Collect$$rtentry$$0000000C)
    __rt_exit                                0x080001c9   Thumb Code     0  rtexit.o(.ARM.Collect$$rtexit$$00000000)
    __rt_exit_ls                             0x080001cb   Thumb Code     0  rtexit2.o(.ARM.Collect$$rtexit$$00000003)
    __rt_exit_prels_1                        0x080001cb   Thumb Code     0  rtexit2.o(.ARM.Collect$$rtexit$$00000002)
    __rt_exit_exit                           0x080001cf   Thumb Code     0  rtexit2.o(.ARM.Collect$$rtexit$$00000004)
    SVC_Handler                              0x080001d5   Thumb Code    32  port.o(.emb_text)
    __asm___6_port_c_39a90d8d__prvStartFirstTask 0x080001f9   Thumb Code    28  port.o(.emb_text)
    PendSV_Handler                           0x08000219   Thumb Code    72  port.o(.emb_text)
    vPortGetIPSR                             0x08000265   Thumb Code     6  port.o(.emb_text)
    Reset_Handler                            0x0800026d   Thumb Code     8  startup_stm32f10x_hd.o(.text)
    ADC1_2_IRQHandler                        0x08000287   Thumb Code     0  startup_stm32f10x_hd.o(.text)
    ADC3_IRQHandler                          0x08000287   Thumb Code     0  startup_stm32f10x_hd.o(.text)
    CAN1_RX1_IRQHandler                      0x08000287   Thumb Code     0  startup_stm32f10x_hd.o(.text)
    CAN1_SCE_IRQHandler                      0x08000287   Thumb Code     0  startup_stm32f10x_hd.o(.text)
    DMA1_Channel1_IRQHandler                 0x08000287   Thumb Code     0  startup_stm32f10x_hd.o(.text)
    DMA1_Channel4_IRQHandler                 0x08000287   Thumb Code     0  startup_stm32f10x_hd.o(.text)
    DMA1_Channel5_IRQHandler                 0x08000287   Thumb Code     0  startup_stm32f10x_hd.o(.text)
    DMA1_Channel6_IRQHandler                 0x08000287   Thumb Code     0  startup_stm32f10x_hd.o(.text)
    DMA1_Channel7_IRQHandler                 0x08000287   Thumb Code     0  startup_stm32f10x_hd.o(.text)
    DMA2_Channel1_IRQHandler                 0x08000287   Thumb Code     0  startup_stm32f10x_hd.o(.text)
    DMA2_Channel2_IRQHandler                 0x08000287   Thumb Code     0  startup_stm32f10x_hd.o(.text)
    DMA2_Channel3_IRQHandler                 0x08000287   Thumb Code     0  startup_stm32f10x_hd.o(.text)
    DMA2_Channel4_5_IRQHandler               0x08000287   Thumb Code     0  startup_stm32f10x_hd.o(.text)
    EXTI0_IRQHandler                         0x08000287   Thumb Code     0  startup_stm32f10x_hd.o(.text)
    EXTI15_10_IRQHandler                     0x08000287   Thumb Code     0  startup_stm32f10x_hd.o(.text)
    EXTI1_IRQHandler                         0x08000287   Thumb Code     0  startup_stm32f10x_hd.o(.text)
    EXTI2_IRQHandler                         0x08000287   Thumb Code     0  startup_stm32f10x_hd.o(.text)
    EXTI9_5_IRQHandler                       0x08000287   Thumb Code     0  startup_stm32f10x_hd.o(.text)
    FLASH_IRQHandler                         0x08000287   Thumb Code     0  startup_stm32f10x_hd.o(.text)
    FSMC_IRQHandler                          0x08000287   Thumb Code     0  startup_stm32f10x_hd.o(.text)
    I2C1_ER_IRQHandler                       0x08000287   Thumb Code     0  startup_stm32f10x_hd.o(.text)
    I2C1_EV_IRQHandler                       0x08000287   Thumb Code     0  startup_stm32f10x_hd.o(.text)
    I2C2_ER_IRQHandler                       0x08000287   Thumb Code     0  startup_stm32f10x_hd.o(.text)
    I2C2_EV_IRQHandler                       0x08000287   Thumb Code     0  startup_stm32f10x_hd.o(.text)
    PVD_IRQHandler                           0x08000287   Thumb Code     0  startup_stm32f10x_hd.o(.text)
    RCC_IRQHandler                           0x08000287   Thumb Code     0  startup_stm32f10x_hd.o(.text)
    RTCAlarm_IRQHandler                      0x08000287   Thumb Code     0  startup_stm32f10x_hd.o(.text)
    RTC_IRQHandler                           0x08000287   Thumb Code     0  startup_stm32f10x_hd.o(.text)
    SDIO_IRQHandler                          0x08000287   Thumb Code     0  startup_stm32f10x_hd.o(.text)
    SPI1_IRQHandler                          0x08000287   Thumb Code     0  startup_stm32f10x_hd.o(.text)
    SPI2_IRQHandler                          0x08000287   Thumb Code     0  startup_stm32f10x_hd.o(.text)
    SPI3_IRQHandler                          0x08000287   Thumb Code     0  startup_stm32f10x_hd.o(.text)
    TAMPER_IRQHandler                        0x08000287   Thumb Code     0  startup_stm32f10x_hd.o(.text)
    TIM1_BRK_IRQHandler                      0x08000287   Thumb Code     0  startup_stm32f10x_hd.o(.text)
    TIM1_CC_IRQHandler                       0x08000287   Thumb Code     0  startup_stm32f10x_hd.o(.text)
    TIM1_TRG_COM_IRQHandler                  0x08000287   Thumb Code     0  startup_stm32f10x_hd.o(.text)
    TIM1_UP_IRQHandler                       0x08000287   Thumb Code     0  startup_stm32f10x_hd.o(.text)
    TIM2_IRQHandler                          0x08000287   Thumb Code     0  startup_stm32f10x_hd.o(.text)
    TIM3_IRQHandler                          0x08000287   Thumb Code     0  startup_stm32f10x_hd.o(.text)
    TIM4_IRQHandler                          0x08000287   Thumb Code     0  startup_stm32f10x_hd.o(.text)
    TIM5_IRQHandler                          0x08000287   Thumb Code     0  startup_stm32f10x_hd.o(.text)
    TIM6_IRQHandler                          0x08000287   Thumb Code     0  startup_stm32f10x_hd.o(.text)
    TIM7_IRQHandler                          0x08000287   Thumb Code     0  startup_stm32f10x_hd.o(.text)
    TIM8_BRK_IRQHandler                      0x08000287   Thumb Code     0  startup_stm32f10x_hd.o(.text)
    TIM8_CC_IRQHandler                       0x08000287   Thumb Code     0  startup_stm32f10x_hd.o(.text)
    TIM8_TRG_COM_IRQHandler                  0x08000287   Thumb Code     0  startup_stm32f10x_hd.o(.text)
    TIM8_UP_IRQHandler                       0x08000287   Thumb Code     0  startup_stm32f10x_hd.o(.text)
    UART4_IRQHandler                         0x08000287   Thumb Code     0  startup_stm32f10x_hd.o(.text)
    UART5_IRQHandler                         0x08000287   Thumb Code     0  startup_stm32f10x_hd.o(.text)
    USART1_IRQHandler                        0x08000287   Thumb Code     0  startup_stm32f10x_hd.o(.text)
    USART2_IRQHandler                        0x08000287   Thumb Code     0  startup_stm32f10x_hd.o(.text)
    USART3_IRQHandler                        0x08000287   Thumb Code     0  startup_stm32f10x_hd.o(.text)
    USBWakeUp_IRQHandler                     0x08000287   Thumb Code     0  startup_stm32f10x_hd.o(.text)
    USB_HP_CAN1_TX_IRQHandler                0x08000287   Thumb Code     0  startup_stm32f10x_hd.o(.text)
    USB_LP_CAN1_RX0_IRQHandler               0x08000287   Thumb Code     0  startup_stm32f10x_hd.o(.text)
    WWDG_IRQHandler                          0x08000287   Thumb Code     0  startup_stm32f10x_hd.o(.text)
    __user_initial_stackheap                 0x08000289   Thumb Code     0  startup_stm32f10x_hd.o(.text)
    __2sprintf                               0x080002ad   Thumb Code    34  noretval__2sprintf.o(.text)
    _printf_int_dec                          0x080002d5   Thumb Code   104  _printf_dec.o(.text)
    __printf                                 0x0800034d   Thumb Code   184  __printf_ss.o(.text)
    __aeabi_memcpy                           0x08000405   Thumb Code     0  rt_memcpy_v6.o(.text)
    __rt_memcpy                              0x08000405   Thumb Code   138  rt_memcpy_v6.o(.text)
    _memcpy_lastbytes                        0x0800046b   Thumb Code     0  rt_memcpy_v6.o(.text)
    __aeabi_memcpy4                          0x0800048f   Thumb Code     0  rt_memcpy_w.o(.text)
    __aeabi_memcpy8                          0x0800048f   Thumb Code     0  rt_memcpy_w.o(.text)
    __rt_memcpy_w                            0x0800048f   Thumb Code   100  rt_memcpy_w.o(.text)
    _memcpy_lastbytes_aligned                0x080004d7   Thumb Code     0  rt_memcpy_w.o(.text)
    __aeabi_memclr4                          0x080004f3   Thumb Code     0  rt_memclr_w.o(.text)
    __aeabi_memclr8                          0x080004f3   Thumb Code     0  rt_memclr_w.o(.text)
    __rt_memclr_w                            0x080004f3   Thumb Code    78  rt_memclr_w.o(.text)
    _memset_w                                0x080004f7   Thumb Code     0  rt_memclr_w.o(.text)
    __use_two_region_memory                  0x08000541   Thumb Code     2  heapauxi.o(.text)
    __rt_heap_escrow$2region                 0x08000543   Thumb Code     2  heapauxi.o(.text)
    __rt_heap_expand$2region                 0x08000545   Thumb Code     2  heapauxi.o(.text)
    _printf_int_common                       0x08000547   Thumb Code   178  _printf_intcommon.o(.text)
    _printf_char_common                      0x08000603   Thumb Code    32  _printf_char_common.o(.text)
    _sputc                                   0x08000629   Thumb Code    10  _sputc.o(.text)
    __user_setup_stackheap                   0x08000633   Thumb Code    74  sys_stackheap_outer.o(.text)
    exit                                     0x0800067d   Thumb Code    18  exit.o(.text)
    __user_libspace                          0x08000691   Thumb Code     8  libspace.o(.text)
    __user_perproc_libspace                  0x08000691   Thumb Code     0  libspace.o(.text)
    __user_perthread_libspace                0x08000691   Thumb Code     0  libspace.o(.text)
    _sys_exit                                0x08000699   Thumb Code     8  sys_exit.o(.text)
    __I$use$semihosting                      0x080006a5   Thumb Code     0  use_no_semi.o(.text)
    __use_no_semihosting_swi                 0x080006a5   Thumb Code     2  use_no_semi.o(.text)
    BusFault_Handler                         0x080006a7   Thumb Code     2  stm32f1xx_it.o(i.BusFault_Handler)
    __semihosting_library_function           0x080006a7   Thumb Code     0  indicate_semi.o(.text)
    Button_detect_TASK                       0x080006a9   Thumb Code    56  button.o(i.Button_detect_TASK)
    DMA1_Channel2_IRQHandler                 0x080006ed   Thumb Code     6  stm32f1xx_it.o(i.DMA1_Channel2_IRQHandler)
    DMA1_Channel3_IRQHandler                 0x080006f9   Thumb Code     6  stm32f1xx_it.o(i.DMA1_Channel3_IRQHandler)
    DebugMon_Handler                         0x08000705   Thumb Code     2  stm32f1xx_it.o(i.DebugMon_Handler)
    EXTI3_IRQHandler                         0x08000707   Thumb Code     6  stm32f1xx_it.o(i.EXTI3_IRQHandler)
    EXTI4_IRQHandler                         0x0800070d   Thumb Code     6  stm32f1xx_it.o(i.EXTI4_IRQHandler)
    Error_Handler                            0x08000713   Thumb Code     4  main.o(i.Error_Handler)
    HAL_DMA_IRQHandler                       0x08000719   Thumb Code   552  stm32f1xx_hal_dma.o(i.HAL_DMA_IRQHandler)
    HAL_DMA_Init                             0x08000961   Thumb Code   112  stm32f1xx_hal_dma.o(i.HAL_DMA_Init)
    HAL_Delay                                0x080009dd   Thumb Code    32  stm32f1xx_hal.o(i.HAL_Delay)
    HAL_GPIO_EXTI_Callback                   0x08000a01   Thumb Code    20  button.o(i.HAL_GPIO_EXTI_Callback)
    HAL_GPIO_EXTI_IRQHandler                 0x08000a19   Thumb Code    18  stm32f1xx_hal_gpio.o(i.HAL_GPIO_EXTI_IRQHandler)
    HAL_GPIO_Init                            0x08000a31   Thumb Code   462  stm32f1xx_hal_gpio.o(i.HAL_GPIO_Init)
    HAL_GPIO_ReadPin                         0x08000c29   Thumb Code    10  stm32f1xx_hal_gpio.o(i.HAL_GPIO_ReadPin)
    HAL_GPIO_TogglePin                       0x08000c33   Thumb Code    16  stm32f1xx_hal_gpio.o(i.HAL_GPIO_TogglePin)
    HAL_GPIO_WritePin                        0x08000c43   Thumb Code    10  stm32f1xx_hal_gpio.o(i.HAL_GPIO_WritePin)
    HAL_GetTick                              0x08000c4d   Thumb Code     6  stm32f1xx_hal.o(i.HAL_GetTick)
    HAL_IncTick                              0x08000c59   Thumb Code    12  stm32f1xx_hal.o(i.HAL_IncTick)
    HAL_Init                                 0x08000c69   Thumb Code    32  stm32f1xx_hal.o(i.HAL_Init)
    HAL_InitTick                             0x08000c8d   Thumb Code    54  stm32f1xx_hal.o(i.HAL_InitTick)
    HAL_MspInit                              0x08000ccd   Thumb Code    62  stm32f1xx_hal_msp.o(i.HAL_MspInit)
    HAL_NVIC_EnableIRQ                       0x08000d15   Thumb Code    26  stm32f1xx_hal_cortex.o(i.HAL_NVIC_EnableIRQ)
    HAL_NVIC_SetPriority                     0x08000d31   Thumb Code    60  stm32f1xx_hal_cortex.o(i.HAL_NVIC_SetPriority)
    HAL_NVIC_SetPriorityGrouping             0x08000d71   Thumb Code    26  stm32f1xx_hal_cortex.o(i.HAL_NVIC_SetPriorityGrouping)
    HAL_RCC_ClockConfig                      0x08000d95   Thumb Code   280  stm32f1xx_hal_rcc.o(i.HAL_RCC_ClockConfig)
    HAL_RCC_GetSysClockFreq                  0x08000ec1   Thumb Code    74  stm32f1xx_hal_rcc.o(i.HAL_RCC_GetSysClockFreq)
    HAL_RCC_OscConfig                        0x08000f2d   Thumb Code   778  stm32f1xx_hal_rcc.o(i.HAL_RCC_OscConfig)
    HAL_SPI_Init                             0x0800124d   Thumb Code   178  stm32f1xx_hal_spi.o(i.HAL_SPI_Init)
    HAL_SPI_MspInit                          0x08001301   Thumb Code   160  spi.o(i.HAL_SPI_MspInit)
    HAL_SPI_Transmit                         0x080013b5   Thumb Code   358  stm32f1xx_hal_spi.o(i.HAL_SPI_Transmit)
    HAL_SYSTICK_Config                       0x0800151b   Thumb Code    40  stm32f1xx_hal_cortex.o(i.HAL_SYSTICK_Config)
    HardFault_Handler                        0x08001543   Thumb Code     2  stm32f1xx_it.o(i.HardFault_Handler)
    LCD_FLUSH_Task                           0x08001545   Thumb Code    12  lcd_task.o(i.LCD_FLUSH_Task)
    LED_FLASH_TASK                           0x08001551   Thumb Code    22  led.o(i.LED_FLASH_TASK)
    MX_DMA_Init                              0x0800156d   Thumb Code    56  dma.o(i.MX_DMA_Init)
    MX_FREERTOS_Init                         0x080015a9   Thumb Code   202  freertos.o(i.MX_FREERTOS_Init)
    MX_GPIO_Init                             0x08001689   Thumb Code   268  gpio.o(i.MX_GPIO_Init)
    MX_SPI1_Init                             0x080017ad   Thumb Code    68  spi.o(i.MX_SPI1_Init)
    MemManage_Handler                        0x080017f9   Thumb Code     2  stm32f1xx_it.o(i.MemManage_Handler)
    NMI_Handler                              0x080017fb   Thumb Code     2  stm32f1xx_it.o(i.NMI_Handler)
    StartDefaultTask                         0x080018d5   Thumb Code     8  freertos.o(i.StartDefaultTask)
    SysTick_Handler                          0x080018dd   Thumb Code    24  stm32f1xx_it.o(i.SysTick_Handler)
    SystemClock_Config                       0x080018f5   Thumb Code    94  main.o(i.SystemClock_Config)
    SystemInit                               0x08001953   Thumb Code     2  system_stm32f1xx.o(i.SystemInit)
    UsageFault_Handler                       0x08001955   Thumb Code     2  stm32f1xx_it.o(i.UsageFault_Handler)
    lcd_char                                 0x08001979   Thumb Code    92  st7735s.o(i.lcd_char)
    lcd_color_fill_int                       0x080019dd   Thumb Code    56  st7735s.o(i.lcd_color_fill_int)
    lcd_fill                                 0x08001a19   Thumb Code    20  st7735s.o(i.lcd_fill)
    lcd_init                                 0x08001a31   Thumb Code   136  st7735s.o(i.lcd_init)
    lcd_num                                  0x08001ac9   Thumb Code    28  st7735s.o(i.lcd_num)
    lcd_point                                0x08001ae9   Thumb Code    16  st7735s.o(i.lcd_point)
    lcd_show                                 0x08001b01   Thumb Code    32  st7735s.o(i.lcd_show)
    lcd_str                                  0x08001b25   Thumb Code    36  st7735s.o(i.lcd_str)
    lcd_write                                0x08001b49   Thumb Code    56  st7735s.o(i.lcd_write)
    main                                     0x08001b89   Thumb Code    34  main.o(i.main)
    osDelay                                  0x08001bb7   Thumb Code    14  cmsis_os.o(i.osDelay)
    osKernelStart                            0x08001bc5   Thumb Code    10  cmsis_os.o(i.osKernelStart)
    osThreadCreate                           0x08001bcf   Thumb Code    84  cmsis_os.o(i.osThreadCreate)
    pvPortMalloc                             0x08002085   Thumb Code   210  heap_4.o(i.pvPortMalloc)
    pvTaskIncrementMutexHeldCount            0x0800215d   Thumb Code    18  tasks.o(i.pvTaskIncrementMutexHeldCount)
    pxPortInitialiseStack                    0x08002175   Thumb Code    32  port.o(i.pxPortInitialiseStack)
    trends_gemetry_task                      0x08002199   Thumb Code   114  lcd_task.o(i.trends_gemetry_task)
    trends_word_task                         0x08002211   Thumb Code    48  lcd_task.o(i.trends_word_task)
    uxListRemove                             0x08002245   Thumb Code    38  list.o(i.uxListRemove)
    vApplicationGetIdleTaskMemory            0x0800226d   Thumb Code    16  freertos.o(i.vApplicationGetIdleTaskMemory)
    vListInitialise                          0x08002281   Thumb Code    22  list.o(i.vListInitialise)
    vListInitialiseItem                      0x08002297   Thumb Code     6  list.o(i.vListInitialiseItem)
    vListInsert                              0x0800229d   Thumb Code    48  list.o(i.vListInsert)
    vListInsertEnd                           0x080022cd   Thumb Code    24  list.o(i.vListInsertEnd)
    vPortEnterCritical                       0x080022e5   Thumb Code    54  port.o(i.vPortEnterCritical)
    vPortExitCritical                        0x08002325   Thumb Code    34  port.o(i.vPortExitCritical)
    vPortFree                                0x0800234d   Thumb Code    88  heap_4.o(i.vPortFree)
    vPortSetupTimerInterrupt                 0x080023a9   Thumb Code    32  port.o(i.vPortSetupTimerInterrupt)
    vPortValidateInterruptPriority           0x080023cd   Thumb Code    74  port.o(i.vPortValidateInterruptPriority)
    vTaskDelay                               0x08002421   Thumb Code    66  tasks.o(i.vTaskDelay)
    vTaskInternalSetTimeOutState             0x0800246d   Thumb Code    12  tasks.o(i.vTaskInternalSetTimeOutState)
    vTaskMissedYield                         0x0800247d   Thumb Code     8  tasks.o(i.vTaskMissedYield)
    vTaskPlaceOnEventList                    0x08002489   Thumb Code    44  tasks.o(i.vTaskPlaceOnEventList)
    vTaskPriorityDisinheritAfterTimeout      0x080024b9   Thumb Code   160  tasks.o(i.vTaskPriorityDisinheritAfterTimeout)
    vTaskStartScheduler                      0x08002561   Thumb Code    90  tasks.o(i.vTaskStartScheduler)
    vTaskSuspendAll                          0x080025cd   Thumb Code    10  tasks.o(i.vTaskSuspendAll)
    vTaskSwitchContext                       0x080025dd   Thumb Code    82  tasks.o(i.vTaskSwitchContext)
    xPortStartScheduler                      0x08002639   Thumb Code   154  port.o(i.xPortStartScheduler)
    xPortSysTickHandler                      0x080026e1   Thumb Code    38  port.o(i.xPortSysTickHandler)
    xQueueCreateMutex                        0x0800270d   Thumb Code    22  queue.o(i.xQueueCreateMutex)
    xQueueGenericCreate                      0x08002723   Thumb Code    72  queue.o(i.xQueueGenericCreate)
    xQueueGenericReset                       0x0800276d   Thumb Code   132  queue.o(i.xQueueGenericReset)
    xQueueGenericSend                        0x080027f5   Thumb Code   346  queue.o(i.xQueueGenericSend)
    xQueueGiveFromISR                        0x08002955   Thumb Code   156  queue.o(i.xQueueGiveFromISR)
    xQueueSemaphoreTake                      0x080029f1   Thumb Code   372  queue.o(i.xQueueSemaphoreTake)
    xTaskCheckForTimeOut                     0x08002b69   Thumb Code   112  tasks.o(i.xTaskCheckForTimeOut)
    xTaskCreate                              0x08002bdd   Thumb Code    90  tasks.o(i.xTaskCreate)
    xTaskCreateStatic                        0x08002c37   Thumb Code    86  tasks.o(i.xTaskCreateStatic)
    xTaskGetSchedulerState                   0x08002c8d   Thumb Code    22  tasks.o(i.xTaskGetSchedulerState)
    xTaskIncrementTick                       0x08002ca9   Thumb Code   192  tasks.o(i.xTaskIncrementTick)
    xTaskPriorityDisinherit                  0x08002d71   Thumb Code   144  tasks.o(i.xTaskPriorityDisinherit)
    xTaskPriorityInherit                     0x08002e09   Thumb Code   138  tasks.o(i.xTaskPriorityInherit)
    xTaskRemoveFromEventList                 0x08002e9d   Thumb Code   108  tasks.o(i.xTaskRemoveFromEventList)
    xTaskResumeAll                           0x08002f11   Thumb Code   182  tasks.o(i.xTaskResumeAll)
    AHBPrescTable                            0x0800307c   Data          16  system_stm32f1xx.o(.constdata)
    font1608                                 0x0800308c   Data        4096  st7735s.o(.constdata)
    Region$$Table$$Base                      0x08004274   Number         0  anon$$obj.o(Region$$Table)
    Region$$Table$$Limit                     0x08004294   Number         0  anon$$obj.o(Region$$Table)
    defaultTaskHandle                        0x20000000   Data           4  freertos.o(.data)
    LEDHandle                                0x20000004   Data           4  freertos.o(.data)
    LCD_FLUSHHandle                          0x20000008   Data           4  freertos.o(.data)
    Button_TaskHHandle                       0x2000000c   Data           4  freertos.o(.data)
    Word_TaskHHandle                         0x20000010   Data           4  freertos.o(.data)
    Gemetry_TaskHandle                       0x20000014   Data           4  freertos.o(.data)
    uwTickFreq                               0x20000018   Data           1  stm32f1xx_hal.o(.data)
    uwTickPrio                               0x2000001c   Data           4  stm32f1xx_hal.o(.data)
    uwTick                                   0x20000020   Data           4  stm32f1xx_hal.o(.data)
    SystemCoreClock                          0x20000024   Data           4  system_stm32f1xx.o(.data)
    pxCurrentTCB                             0x20000028   Data           4  tasks.o(.data)
    KEY_1_Handle                             0x2000008c   Data           4  button.o(.data)
    KEY_2_Handle                             0x20000090   Data           4  button.o(.data)
    color                                    0x20000094   Data           2  st7735s.o(.data)
    LCD_Handle                               0x200000a8   Data           4  lcd_task.o(.data)
    hspi1                                    0x20000300   Data          88  spi.o(.bss)
    hdma_spi1_tx                             0x20000358   Data          68  spi.o(.bss)
    hdma_spi1_rx                             0x2000039c   Data          68  spi.o(.bss)
    sbuf                                     0x200010d0   Data       40960  st7735s.o(.bss)
    __libspace_start                         0x2000b0d0   Data          96  libspace.o(.bss)
    __temporary_stack_top$libspace           0x2000b130   Data           0  libspace.o(.bss)



==============================================================================

Memory Map of the image

  Image Entry point : 0x08000131

  Load Region LR_IROM1 (Base: 0x08000000, Size: 0x00004340, Max: 0x00080000, ABSOLUTE)

    Execution Region ER_IROM1 (Base: 0x08000000, Size: 0x00004294, Max: 0x00080000, ABSOLUTE)

    Base Addr    Size         Type   Attr      Idx    E Section Name        Object

    0x08000000   0x00000130   Data   RO         1825    RESET               startup_stm32f10x_hd.o
    0x08000130   0x00000008   Code   RO         3393  * !!!main             c_w.l(__main.o)
    0x08000138   0x00000034   Code   RO         3561    !!!scatter          c_w.l(__scatter.o)
    0x0800016c   0x0000001a   Code   RO         3563    !!handler_copy      c_w.l(__scatter_copy.o)
    0x08000186   0x00000002   PAD
    0x08000188   0x0000001c   Code   RO         3565    !!handler_zi        c_w.l(__scatter_zi.o)
    0x080001a4   0x00000000   Code   RO         3382    .ARM.Collect$$_printf_percent$$00000000  c_w.l(_printf_percent.o)
    0x080001a4   0x00000006   Code   RO         3381    .ARM.Collect$$_printf_percent$$00000009  c_w.l(_printf_d.o)
    0x080001aa   0x00000004   Code   RO         3402    .ARM.Collect$$_printf_percent$$00000017  c_w.l(_printf_percent_end.o)
    0x080001ae   0x00000002   Code   RO         3431    .ARM.Collect$$libinit$$00000000  c_w.l(libinit.o)
    0x080001b0   0x00000000   Code   RO         3438    .ARM.Collect$$libinit$$00000002  c_w.l(libinit2.o)
    0x080001b0   0x00000000   Code   RO         3440    .ARM.Collect$$libinit$$00000004  c_w.l(libinit2.o)
    0x080001b0   0x00000000   Code   RO         3443    .ARM.Collect$$libinit$$0000000A  c_w.l(libinit2.o)
    0x080001b0   0x00000000   Code   RO         3445    .ARM.Collect$$libinit$$0000000C  c_w.l(libinit2.o)
    0x080001b0   0x00000000   Code   RO         3447    .ARM.Collect$$libinit$$0000000E  c_w.l(libinit2.o)
    0x080001b0   0x00000000   Code   RO         3450    .ARM.Collect$$libinit$$00000011  c_w.l(libinit2.o)
    0x080001b0   0x00000000   Code   RO         3452    .ARM.Collect$$libinit$$00000013  c_w.l(libinit2.o)
    0x080001b0   0x00000000   Code   RO         3454    .ARM.Collect$$libinit$$00000015  c_w.l(libinit2.o)
    0x080001b0   0x00000000   Code   RO         3456    .ARM.Collect$$libinit$$00000017  c_w.l(libinit2.o)
    0x080001b0   0x00000000   Code   RO         3458    .ARM.Collect$$libinit$$00000019  c_w.l(libinit2.o)
    0x080001b0   0x00000000   Code   RO         3460    .ARM.Collect$$libinit$$0000001B  c_w.l(libinit2.o)
    0x080001b0   0x00000000   Code   RO         3462    .ARM.Collect$$libinit$$0000001D  c_w.l(libinit2.o)
    0x080001b0   0x00000000   Code   RO         3464    .ARM.Collect$$libinit$$0000001F  c_w.l(libinit2.o)
    0x080001b0   0x00000000   Code   RO         3466    .ARM.Collect$$libinit$$00000021  c_w.l(libinit2.o)
    0x080001b0   0x00000000   Code   RO         3468    .ARM.Collect$$libinit$$00000023  c_w.l(libinit2.o)
    0x080001b0   0x00000000   Code   RO         3470    .ARM.Collect$$libinit$$00000025  c_w.l(libinit2.o)
    0x080001b0   0x00000000   Code   RO         3474    .ARM.Collect$$libinit$$0000002C  c_w.l(libinit2.o)
    0x080001b0   0x00000000   Code   RO         3476    .ARM.Collect$$libinit$$0000002E  c_w.l(libinit2.o)
    0x080001b0   0x00000000   Code   RO         3478    .ARM.Collect$$libinit$$00000030  c_w.l(libinit2.o)
    0x080001b0   0x00000000   Code   RO         3480    .ARM.Collect$$libinit$$00000032  c_w.l(libinit2.o)
    0x080001b0   0x00000002   Code   RO         3481    .ARM.Collect$$libinit$$00000033  c_w.l(libinit2.o)
    0x080001b2   0x00000002   Code   RO         3501    .ARM.Collect$$libshutdown$$00000000  c_w.l(libshutdown.o)
    0x080001b4   0x00000000   Code   RO         3514    .ARM.Collect$$libshutdown$$00000002  c_w.l(libshutdown2.o)
    0x080001b4   0x00000000   Code   RO         3516    .ARM.Collect$$libshutdown$$00000004  c_w.l(libshutdown2.o)
    0x080001b4   0x00000000   Code   RO         3519    .ARM.Collect$$libshutdown$$00000007  c_w.l(libshutdown2.o)
    0x080001b4   0x00000000   Code   RO         3522    .ARM.Collect$$libshutdown$$0000000A  c_w.l(libshutdown2.o)
    0x080001b4   0x00000000   Code   RO         3524    .ARM.Collect$$libshutdown$$0000000C  c_w.l(libshutdown2.o)
    0x080001b4   0x00000000   Code   RO         3527    .ARM.Collect$$libshutdown$$0000000F  c_w.l(libshutdown2.o)
    0x080001b4   0x00000002   Code   RO         3528    .ARM.Collect$$libshutdown$$00000010  c_w.l(libshutdown2.o)
    0x080001b6   0x00000000   Code   RO         3395    .ARM.Collect$$rtentry$$00000000  c_w.l(__rtentry.o)
    0x080001b6   0x00000000   Code   RO         3406    .ARM.Collect$$rtentry$$00000002  c_w.l(__rtentry2.o)
    0x080001b6   0x00000006   Code   RO         3418    .ARM.Collect$$rtentry$$00000004  c_w.l(__rtentry4.o)
    0x080001bc   0x00000000   Code   RO         3408    .ARM.Collect$$rtentry$$00000009  c_w.l(__rtentry2.o)
    0x080001bc   0x00000004   Code   RO         3409    .ARM.Collect$$rtentry$$0000000A  c_w.l(__rtentry2.o)
    0x080001c0   0x00000000   Code   RO         3411    .ARM.Collect$$rtentry$$0000000C  c_w.l(__rtentry2.o)
    0x080001c0   0x00000008   Code   RO         3412    .ARM.Collect$$rtentry$$0000000D  c_w.l(__rtentry2.o)
    0x080001c8   0x00000002   Code   RO         3435    .ARM.Collect$$rtexit$$00000000  c_w.l(rtexit.o)
    0x080001ca   0x00000000   Code   RO         3483    .ARM.Collect$$rtexit$$00000002  c_w.l(rtexit2.o)
    0x080001ca   0x00000004   Code   RO         3484    .ARM.Collect$$rtexit$$00000003  c_w.l(rtexit2.o)
    0x080001ce   0x00000006   Code   RO         3485    .ARM.Collect$$rtexit$$00000004  c_w.l(rtexit2.o)
    0x080001d4   0x00000096   Code   RO         3058    .emb_text           port.o
    0x0800026a   0x00000002   PAD
    0x0800026c   0x00000040   Code   RO         1826    .text               startup_stm32f10x_hd.o
    0x080002ac   0x00000028   Code   RO         3355    .text               c_w.l(noretval__2sprintf.o)
    0x080002d4   0x00000078   Code   RO         3359    .text               c_w.l(_printf_dec.o)
    0x0800034c   0x000000b8   Code   RO         3364    .text               c_w.l(__printf_ss.o)
    0x08000404   0x0000008a   Code   RO         3383    .text               c_w.l(rt_memcpy_v6.o)
    0x0800048e   0x00000064   Code   RO         3385    .text               c_w.l(rt_memcpy_w.o)
    0x080004f2   0x0000004e   Code   RO         3389    .text               c_w.l(rt_memclr_w.o)
    0x08000540   0x00000006   Code   RO         3391    .text               c_w.l(heapauxi.o)
    0x08000546   0x000000b2   Code   RO         3396    .text               c_w.l(_printf_intcommon.o)
    0x080005f8   0x00000030   Code   RO         3398    .text               c_w.l(_printf_char_common.o)
    0x08000628   0x0000000a   Code   RO         3400    .text               c_w.l(_sputc.o)
    0x08000632   0x0000004a   Code   RO         3422    .text               c_w.l(sys_stackheap_outer.o)
    0x0800067c   0x00000012   Code   RO         3424    .text               c_w.l(exit.o)
    0x0800068e   0x00000002   PAD
    0x08000690   0x00000008   Code   RO         3432    .text               c_w.l(libspace.o)
    0x08000698   0x0000000c   Code   RO         3493    .text               c_w.l(sys_exit.o)
    0x080006a4   0x00000002   Code   RO         3504    .text               c_w.l(use_no_semi.o)
    0x080006a6   0x00000000   Code   RO         3506    .text               c_w.l(indicate_semi.o)
    0x080006a6   0x00000002   Code   RO          345    i.BusFault_Handler  stm32f1xx_it.o
    0x080006a8   0x00000044   Code   RO         3138    i.Button_detect_TASK  button.o
    0x080006ec   0x0000000c   Code   RO          346    i.DMA1_Channel2_IRQHandler  stm32f1xx_it.o
    0x080006f8   0x0000000c   Code   RO          347    i.DMA1_Channel3_IRQHandler  stm32f1xx_it.o
    0x08000704   0x00000002   Code   RO          348    i.DebugMon_Handler  stm32f1xx_it.o
    0x08000706   0x00000006   Code   RO          349    i.EXTI3_IRQHandler  stm32f1xx_it.o
    0x0800070c   0x00000006   Code   RO          350    i.EXTI4_IRQHandler  stm32f1xx_it.o
    0x08000712   0x00000004   Code   RO            4    i.Error_Handler     main.o
    0x08000716   0x00000002   PAD
    0x08000718   0x00000248   Code   RO          877    i.HAL_DMA_IRQHandler  stm32f1xx_hal_dma.o
    0x08000960   0x0000007c   Code   RO          878    i.HAL_DMA_Init      stm32f1xx_hal_dma.o
    0x080009dc   0x00000024   Code   RO          500    i.HAL_Delay         stm32f1xx_hal.o
    0x08000a00   0x00000018   Code   RO         3139    i.HAL_GPIO_EXTI_Callback  button.o
    0x08000a18   0x00000018   Code   RO          807    i.HAL_GPIO_EXTI_IRQHandler  stm32f1xx_hal_gpio.o
    0x08000a30   0x000001f8   Code   RO          808    i.HAL_GPIO_Init     stm32f1xx_hal_gpio.o
    0x08000c28   0x0000000a   Code   RO          810    i.HAL_GPIO_ReadPin  stm32f1xx_hal_gpio.o
    0x08000c32   0x00000010   Code   RO          811    i.HAL_GPIO_TogglePin  stm32f1xx_hal_gpio.o
    0x08000c42   0x0000000a   Code   RO          812    i.HAL_GPIO_WritePin  stm32f1xx_hal_gpio.o
    0x08000c4c   0x0000000c   Code   RO          504    i.HAL_GetTick       stm32f1xx_hal.o
    0x08000c58   0x00000010   Code   RO          510    i.HAL_IncTick       stm32f1xx_hal.o
    0x08000c68   0x00000024   Code   RO          511    i.HAL_Init          stm32f1xx_hal.o
    0x08000c8c   0x00000040   Code   RO          512    i.HAL_InitTick      stm32f1xx_hal.o
    0x08000ccc   0x00000048   Code   RO          433    i.HAL_MspInit       stm32f1xx_hal_msp.o
    0x08000d14   0x0000001a   Code   RO          968    i.HAL_NVIC_EnableIRQ  stm32f1xx_hal_cortex.o
    0x08000d2e   0x00000002   PAD
    0x08000d30   0x00000040   Code   RO          974    i.HAL_NVIC_SetPriority  stm32f1xx_hal_cortex.o
    0x08000d70   0x00000024   Code   RO          975    i.HAL_NVIC_SetPriorityGrouping  stm32f1xx_hal_cortex.o
    0x08000d94   0x0000012c   Code   RO          668    i.HAL_RCC_ClockConfig  stm32f1xx_hal_rcc.o
    0x08000ec0   0x0000006c   Code   RO          677    i.HAL_RCC_GetSysClockFreq  stm32f1xx_hal_rcc.o
    0x08000f2c   0x00000320   Code   RO          680    i.HAL_RCC_OscConfig  stm32f1xx_hal_rcc.o
    0x0800124c   0x000000b2   Code   RO         1479    i.HAL_SPI_Init      stm32f1xx_hal_spi.o
    0x080012fe   0x00000002   PAD
    0x08001300   0x000000b4   Code   RO          304    i.HAL_SPI_MspInit   spi.o
    0x080013b4   0x00000166   Code   RO         1487    i.HAL_SPI_Transmit  stm32f1xx_hal_spi.o
    0x0800151a   0x00000028   Code   RO          979    i.HAL_SYSTICK_Config  stm32f1xx_hal_cortex.o
    0x08001542   0x00000002   Code   RO          351    i.HardFault_Handler  stm32f1xx_it.o
    0x08001544   0x0000000c   Code   RO         3310    i.LCD_FLUSH_Task    lcd_task.o
    0x08001550   0x0000001c   Code   RO         3175    i.LED_FLASH_TASK    led.o
    0x0800156c   0x0000003c   Code   RO          279    i.MX_DMA_Init       dma.o
    0x080015a8   0x000000e0   Code   RO          213    i.MX_FREERTOS_Init  freertos.o
    0x08001688   0x00000124   Code   RO          185    i.MX_GPIO_Init      gpio.o
    0x080017ac   0x0000004c   Code   RO          305    i.MX_SPI1_Init      spi.o
    0x080017f8   0x00000002   Code   RO          352    i.MemManage_Handler  stm32f1xx_it.o
    0x080017fa   0x00000002   Code   RO          353    i.NMI_Handler       stm32f1xx_it.o
    0x080017fc   0x00000020   Code   RO         1517    i.SPI_EndRxTxTransaction  stm32f1xx_hal_spi.o
    0x0800181c   0x000000b8   Code   RO         1522    i.SPI_WaitFlagStateUntilTimeout  stm32f1xx_hal_spi.o
    0x080018d4   0x00000008   Code   RO          214    i.StartDefaultTask  freertos.o
    0x080018dc   0x00000018   Code   RO          354    i.SysTick_Handler   stm32f1xx_it.o
    0x080018f4   0x0000005e   Code   RO            5    i.SystemClock_Config  main.o
    0x08001952   0x00000002   Code   RO         1834    i.SystemInit        system_stm32f1xx.o
    0x08001954   0x00000002   Code   RO          355    i.UsageFault_Handler  stm32f1xx_it.o
    0x08001956   0x00000020   Code   RO          981    i.__NVIC_SetPriority  stm32f1xx_hal_cortex.o
    0x08001976   0x00000002   PAD
    0x08001978   0x00000064   Code   RO         3200    i.lcd_char          st7735s.o
    0x080019dc   0x0000003c   Code   RO         3203    i.lcd_color_fill_int  st7735s.o
    0x08001a18   0x00000018   Code   RO         3204    i.lcd_fill          st7735s.o
    0x08001a30   0x00000098   Code   RO         3205    i.lcd_init          st7735s.o
    0x08001ac8   0x00000020   Code   RO         3206    i.lcd_num           st7735s.o
    0x08001ae8   0x00000018   Code   RO         3207    i.lcd_point         st7735s.o
    0x08001b00   0x00000024   Code   RO         3210    i.lcd_show          st7735s.o
    0x08001b24   0x00000024   Code   RO         3211    i.lcd_str           st7735s.o
    0x08001b48   0x00000040   Code   RO         3212    i.lcd_write         st7735s.o
    0x08001b88   0x00000022   Code   RO            6    i.main              main.o
    0x08001baa   0x0000000c   Code   RO         2630    i.makeFreeRtosPriority  cmsis_os.o
    0x08001bb6   0x0000000e   Code   RO         2632    i.osDelay           cmsis_os.o
    0x08001bc4   0x0000000a   Code   RO         2635    i.osKernelStart     cmsis_os.o
    0x08001bce   0x00000054   Code   RO         2669    i.osThreadCreate    cmsis_os.o
    0x08001c22   0x00000002   PAD
    0x08001c24   0x00000070   Code   RO         2327    i.prvAddCurrentTaskToDelayedList  tasks.o
    0x08001c94   0x000000d0   Code   RO         2328    i.prvAddNewTaskToReadyList  tasks.o
    0x08001d64   0x0000006c   Code   RO         2013    i.prvCopyDataToQueue  queue.o
    0x08001dd0   0x00000034   Code   RO         2329    i.prvDeleteTCB      tasks.o
    0x08001e04   0x00000048   Code   RO         2997    i.prvHeapInit       heap_4.o
    0x08001e4c   0x00000060   Code   RO         2330    i.prvIdleTask       tasks.o
    0x08001eac   0x00000016   Code   RO         2014    i.prvInitialiseMutex  queue.o
    0x08001ec2   0x00000016   Code   RO         2015    i.prvInitialiseNewQueue  queue.o
    0x08001ed8   0x0000008e   Code   RO         2331    i.prvInitialiseNewTask  tasks.o
    0x08001f66   0x00000002   PAD
    0x08001f68   0x0000004c   Code   RO         2998    i.prvInsertBlockIntoFreeList  heap_4.o
    0x08001fb4   0x0000001c   Code   RO         2016    i.prvIsQueueEmpty   queue.o
    0x08001fd0   0x00000020   Code   RO         2332    i.prvResetNextTaskUnblockTime  tasks.o
    0x08001ff0   0x00000028   Code   RO         3059    i.prvTaskExitError  port.o
    0x08002018   0x0000006a   Code   RO         2017    i.prvUnlockQueue    queue.o
    0x08002082   0x00000002   PAD
    0x08002084   0x000000d8   Code   RO         2999    i.pvPortMalloc      heap_4.o
    0x0800215c   0x00000018   Code   RO         2334    i.pvTaskIncrementMutexHeldCount  tasks.o
    0x08002174   0x00000024   Code   RO         3060    i.pxPortInitialiseStack  port.o
    0x08002198   0x00000078   Code   RO         3311    i.trends_gemetry_task  lcd_task.o
    0x08002210   0x00000034   Code   RO         3312    i.trends_word_task  lcd_task.o
    0x08002244   0x00000026   Code   RO         1972    i.uxListRemove      list.o
    0x0800226a   0x00000002   PAD
    0x0800226c   0x00000014   Code   RO          215    i.vApplicationGetIdleTaskMemory  freertos.o
    0x08002280   0x00000016   Code   RO         1973    i.vListInitialise   list.o
    0x08002296   0x00000006   Code   RO         1974    i.vListInitialiseItem  list.o
    0x0800229c   0x00000030   Code   RO         1975    i.vListInsert       list.o
    0x080022cc   0x00000018   Code   RO         1976    i.vListInsertEnd    list.o
    0x080022e4   0x00000040   Code   RO         3062    i.vPortEnterCritical  port.o
    0x08002324   0x00000028   Code   RO         3063    i.vPortExitCritical  port.o
    0x0800234c   0x0000005c   Code   RO         3000    i.vPortFree         heap_4.o
    0x080023a8   0x00000024   Code   RO         3064    i.vPortSetupTimerInterrupt  port.o
    0x080023cc   0x00000054   Code   RO         3065    i.vPortValidateInterruptPriority  port.o
    0x08002420   0x0000004c   Code   RO         2340    i.vTaskDelay        tasks.o
    0x0800246c   0x00000010   Code   RO         2343    i.vTaskInternalSetTimeOutState  tasks.o
    0x0800247c   0x0000000c   Code   RO         2344    i.vTaskMissedYield  tasks.o
    0x08002488   0x00000030   Code   RO         2346    i.vTaskPlaceOnEventList  tasks.o
    0x080024b8   0x000000a8   Code   RO         2348    i.vTaskPriorityDisinheritAfterTimeout  tasks.o
    0x08002560   0x0000006c   Code   RO         2353    i.vTaskStartScheduler  tasks.o
    0x080025cc   0x00000010   Code   RO         2355    i.vTaskSuspendAll   tasks.o
    0x080025dc   0x0000005c   Code   RO         2356    i.vTaskSwitchContext  tasks.o
    0x08002638   0x000000a8   Code   RO         3066    i.xPortStartScheduler  port.o
    0x080026e0   0x0000002c   Code   RO         3067    i.xPortSysTickHandler  port.o
    0x0800270c   0x00000016   Code   RO         2024    i.xQueueCreateMutex  queue.o
    0x08002722   0x00000048   Code   RO         2026    i.xQueueGenericCreate  queue.o
    0x0800276a   0x00000002   PAD
    0x0800276c   0x00000088   Code   RO         2028    i.xQueueGenericReset  queue.o
    0x080027f4   0x00000160   Code   RO         2029    i.xQueueGenericSend  queue.o
    0x08002954   0x0000009c   Code   RO         2031    i.xQueueGiveFromISR  queue.o
    0x080029f0   0x00000178   Code   RO         2038    i.xQueueSemaphoreTake  queue.o
    0x08002b68   0x00000074   Code   RO         2357    i.xTaskCheckForTimeOut  tasks.o
    0x08002bdc   0x0000005a   Code   RO         2358    i.xTaskCreate       tasks.o
    0x08002c36   0x00000056   Code   RO         2359    i.xTaskCreateStatic  tasks.o
    0x08002c8c   0x0000001c   Code   RO         2363    i.xTaskGetSchedulerState  tasks.o
    0x08002ca8   0x000000c8   Code   RO         2366    i.xTaskIncrementTick  tasks.o
    0x08002d70   0x00000098   Code   RO         2369    i.xTaskPriorityDisinherit  tasks.o
    0x08002e08   0x00000094   Code   RO         2370    i.xTaskPriorityInherit  tasks.o
    0x08002e9c   0x00000074   Code   RO         2371    i.xTaskRemoveFromEventList  tasks.o
    0x08002f10   0x000000c4   Code   RO         2372    i.xTaskResumeAll    tasks.o
    0x08002fd4   0x000000a8   Data   RO          217    .constdata          freertos.o
    0x0800307c   0x00000010   Data   RO         1835    .constdata          system_stm32f1xx.o
    0x0800308c   0x000011a2   Data   RO         3215    .constdata          st7735s.o
    0x0800422e   0x00000002   PAD
    0x08004230   0x00000044   Data   RO          218    .conststring        freertos.o
    0x08004274   0x00000020   Data   RO         3559    Region$$Table       anon$$obj.o


    Execution Region RW_IRAM1 (Base: 0x20000000, Size: 0x0000b730, Max: 0x00010000, ABSOLUTE)

    Base Addr    Size         Type   Attr      Idx    E Section Name        Object

    0x20000000   0x00000018   Data   RW          219    .data               freertos.o
    0x20000018   0x0000000c   Data   RW          518    .data               stm32f1xx_hal.o
    0x20000024   0x00000004   Data   RW         1837    .data               system_stm32f1xx.o
    0x20000028   0x0000003c   Data   RW         2375    .data               tasks.o
    0x20000064   0x00000018   Data   RW         3005    .data               heap_4.o
    0x2000007c   0x0000000c   Data   RW         3068    .data               port.o
    0x20000088   0x00000008   Data   RW         3140    .data               button.o
    0x20000090   0x00000004   Data   RW         3141    .data               button.o
    0x20000094   0x00000002   Data   RW         3216    .data               st7735s.o
    0x20000096   0x00000002   PAD
    0x20000098   0x00000014   Data   RW         3313    .data               lcd_task.o
    0x200000ac   0x00000254   Zero   RW          216    .bss                freertos.o
    0x20000300   0x000000e0   Zero   RW          306    .bss                spi.o
    0x200003e0   0x000000f0   Zero   RW         2374    .bss                tasks.o
    0x200004d0   0x00000bff   Zero   RW         3004    .bss                heap_4.o
    0x200010cf   0x00000001   PAD
    0x200010d0   0x0000a000   Zero   RW         3214    .bss                st7735s.o
    0x2000b0d0   0x00000060   Zero   RW         3433    .bss                c_w.l(libspace.o)
    0x2000b130   0x00000200   Zero   RW         1824    HEAP                startup_stm32f10x_hd.o
    0x2000b330   0x00000400   Zero   RW         1823    STACK               startup_stm32f10x_hd.o


==============================================================================

Image component sizes


      Code (inc. data)   RO Data    RW Data    ZI Data      Debug   Object Name

        92         16          0         12          0       1314   button.o
       120          0          0          0          0      22369   cmsis_os.o
        60          4          0          0          0        766   dma.o
         0          0          0          0          0      18192   event_groups.o
       252         26        236         24        596       7495   freertos.o
       292         24          0          0          0       1019   gpio.o
       456         22          0         24       3071       7231   heap_4.o
       184         10          0         20          0       1847   lcd_task.o
        28          6          0          0          0        473   led.o
       138          0          0          0          0       3390   list.o
       132          0          0          0          0     480812   main.o
       662         70          0         12          0      11165   port.o
      1400         14          0          0          0      13017   queue.o
       256         28          0          0        224       1831   spi.o
       528         56       4514          2      40960       6925   st7735s.o
        64         26        304          0       1536        812   startup_stm32f10x_hd.o
       164         28          0         12          0       6509   stm32f1xx_hal.o
       198         14          0          0          0      28939   stm32f1xx_hal_cortex.o
       708         44          0          0          0       2064   stm32f1xx_hal_dma.o
       564         48          0          0          0       4743   stm32f1xx_hal_gpio.o
        72         10          0          0          0        870   stm32f1xx_hal_msp.o
      1208         76          0          0          0       4066   stm32f1xx_hal_rcc.o
       752          4          0          0          0       4394   stm32f1xx_hal_spi.o
        72         12          0          0          0       4843   stm32f1xx_it.o
         0          0          0          0          0        392   stream_buffer.o
         2          0         16          4          0       1119   system_stm32f1xx.o
      2334        172          0         60        240      24027   tasks.o

    ----------------------------------------------------------------------
     10758        710       5104        172      46628     660624   Object Totals
         0          0         32          0          0          0   (incl. Generated)
        20          0          2          2          1          0   (incl. Padding)

    ----------------------------------------------------------------------

      Code (inc. data)   RO Data    RW Data    ZI Data      Debug   Library Member Name

         8          0          0          0          0         68   __main.o
       184          0          0          0          0         84   __printf_ss.o
         0          0          0          0          0          0   __rtentry.o
        12          0          0          0          0          0   __rtentry2.o
         6          0          0          0          0          0   __rtentry4.o
        52          8          0          0          0          0   __scatter.o
        26          0          0          0          0          0   __scatter_copy.o
        28          0          0          0          0          0   __scatter_zi.o
        48          6          0          0          0         96   _printf_char_common.o
         6          0          0          0          0          0   _printf_d.o
       120         16          0          0          0         92   _printf_dec.o
       178          0          0          0          0         88   _printf_intcommon.o
         0          0          0          0          0          0   _printf_percent.o
         4          0          0          0          0          0   _printf_percent_end.o
        10          0          0          0          0         68   _sputc.o
        18          0          0          0          0         80   exit.o
         6          0          0          0          0        152   heapauxi.o
         0          0          0          0          0          0   indicate_semi.o
         2          0          0          0          0          0   libinit.o
         2          0          0          0          0          0   libinit2.o
         2          0          0          0          0          0   libshutdown.o
         2          0          0          0          0          0   libshutdown2.o
         8          4          0          0         96         68   libspace.o
        40          6          0          0          0         84   noretval__2sprintf.o
        78          0          0          0          0         80   rt_memclr_w.o
       138          0          0          0          0         68   rt_memcpy_v6.o
       100          0          0          0          0         80   rt_memcpy_w.o
         2          0          0          0          0          0   rtexit.o
        10          0          0          0          0          0   rtexit2.o
        12          4          0          0          0         68   sys_exit.o
        74          0          0          0          0         80   sys_stackheap_outer.o
         2          0          0          0          0         68   use_no_semi.o

    ----------------------------------------------------------------------
      1182         44          0          0         96       1324   Library Totals
         4          0          0          0          0          0   (incl. Padding)

    ----------------------------------------------------------------------

      Code (inc. data)   RO Data    RW Data    ZI Data      Debug   Library Name

      1178         44          0          0         96       1324   c_w.l

    ----------------------------------------------------------------------
      1182         44          0          0         96       1324   Library Totals

    ----------------------------------------------------------------------

==============================================================================


      Code (inc. data)   RO Data    RW Data    ZI Data      Debug   

     11940        754       5104        172      46724     655340   Grand Totals
     11940        754       5104        172      46724     655340   ELF Image Totals
     11940        754       5104        172          0          0   ROM Totals

==============================================================================

    Total RO  Size (Code + RO Data)                17044 (  16.64kB)
    Total RW  Size (RW Data + ZI Data)             46896 (  45.80kB)
    Total ROM Size (Code + RO Data + RW Data)      17216 (  16.81kB)

==============================================================================

